Component: Arm Compiler for Embedded 6.21 Tool: armlink [5ec1fa00]

==============================================================================

Section Cross References

    startup_mspm0g350x_uvision.o(RESET) refers to startup_mspm0g350x_uvision.o(STACK) for __initial_sp
    startup_mspm0g350x_uvision.o(RESET) refers to startup_mspm0g350x_uvision.o(.text) for Reset_Handler
    startup_mspm0g350x_uvision.o(RESET) refers to main.o(.text.GROUP1_IRQHandler) for GROUP1_IRQHandler
    startup_mspm0g350x_uvision.o(RESET) refers to main.o(.text.UART0_IRQHandler) for UART0_IRQHandler
    startup_mspm0g350x_uvision.o(RESET) refers to main.o(.text.TIMG0_IRQHandler) for TIMG0_IRQHandler
    startup_mspm0g350x_uvision.o(.text) refers to entry.o(.ARM.Collect$$$$00000000) for __main
    main.o(.text) refers (Special) to _scanf_int.o(.text) for _scanf_int
    main.o(.text) refers (Special) to scanf_fp.o(.text) for _scanf_real
    main.o(.text.vofa_scanf) refers (Special) to _scanf_int.o(.text) for _scanf_int
    main.o(.text.vofa_scanf) refers (Special) to scanf_fp.o(.text) for _scanf_real
    main.o(.text.vofa_scanf) refers to dl_uart.o(.text.DL_UART_transmitDataBlocking) for DL_UART_transmitDataBlocking
    main.o(.text.vofa_scanf) refers to __0sscanf.o(.text) for __0sscanf
    main.o(.text.vofa_scanf) refers to main.o(.bss..L_MergedGlobals) for [Anonymous Symbol]
    main.o(.text.vofa_scanf) refers to main.o(.rodata.str1.1) for [Anonymous Symbol]
    main.o(.ARM.exidx.text.vofa_scanf) refers (Special) to _scanf_int.o(.text) for _scanf_int
    main.o(.ARM.exidx.text.vofa_scanf) refers (Special) to scanf_fp.o(.text) for _scanf_real
    main.o(.ARM.exidx.text.vofa_scanf) refers to main.o(.text.vofa_scanf) for [Anonymous Symbol]
    main.o(.text.main) refers (Special) to _scanf_int.o(.text) for _scanf_int
    main.o(.text.main) refers (Special) to scanf_fp.o(.text) for _scanf_real
    main.o(.text.main) refers to ti_msp_dl_config.o(.text.SYSCFG_DL_init) for SYSCFG_DL_init
    main.o(.text.main) refers to motor.o(.text.motor_init) for motor_init
    main.o(.text.main) refers to __0sscanf.o(.text) for __0sscanf
    main.o(.text.main) refers to dl_uart.o(.text.DL_UART_transmitDataBlocking) for DL_UART_transmitDataBlocking
    main.o(.text.main) refers to main.o(.bss..L_MergedGlobals) for [Anonymous Symbol]
    main.o(.text.main) refers to main.o(.rodata.str1.1) for [Anonymous Symbol]
    main.o(.ARM.exidx.text.main) refers (Special) to _scanf_int.o(.text) for _scanf_int
    main.o(.ARM.exidx.text.main) refers (Special) to scanf_fp.o(.text) for _scanf_real
    main.o(.ARM.exidx.text.main) refers to main.o(.text.main) for [Anonymous Symbol]
    main.o(.text.UART0_IRQHandler) refers (Special) to _scanf_int.o(.text) for _scanf_int
    main.o(.text.UART0_IRQHandler) refers (Special) to scanf_fp.o(.text) for _scanf_real
    main.o(.text.UART0_IRQHandler) refers to main.o(.bss..L_MergedGlobals) for [Anonymous Symbol]
    main.o(.ARM.exidx.text.UART0_IRQHandler) refers (Special) to _scanf_int.o(.text) for _scanf_int
    main.o(.ARM.exidx.text.UART0_IRQHandler) refers (Special) to scanf_fp.o(.text) for _scanf_real
    main.o(.ARM.exidx.text.UART0_IRQHandler) refers to main.o(.text.UART0_IRQHandler) for [Anonymous Symbol]
    main.o(.text.GROUP1_IRQHandler) refers (Special) to _scanf_int.o(.text) for _scanf_int
    main.o(.text.GROUP1_IRQHandler) refers (Special) to scanf_fp.o(.text) for _scanf_real
    main.o(.text.GROUP1_IRQHandler) refers to main.o(.bss..L_MergedGlobals) for [Anonymous Symbol]
    main.o(.ARM.exidx.text.GROUP1_IRQHandler) refers (Special) to _scanf_int.o(.text) for _scanf_int
    main.o(.ARM.exidx.text.GROUP1_IRQHandler) refers (Special) to scanf_fp.o(.text) for _scanf_real
    main.o(.ARM.exidx.text.GROUP1_IRQHandler) refers to main.o(.text.GROUP1_IRQHandler) for [Anonymous Symbol]
    main.o(.text.TIMG0_IRQHandler) refers (Special) to _scanf_int.o(.text) for _scanf_int
    main.o(.text.TIMG0_IRQHandler) refers (Special) to scanf_fp.o(.text) for _scanf_real
    main.o(.text.TIMG0_IRQHandler) refers to fflti.o(.text) for __aeabi_i2f
    main.o(.text.TIMG0_IRQHandler) refers to vofa.o(.text.vofa_transmitfloat) for vofa_transmitfloat
    main.o(.text.TIMG0_IRQHandler) refers to pid.o(.text.pid_run_speed) for pid_run_speed
    main.o(.text.TIMG0_IRQHandler) refers to pid.o(.text.pid_run_rif) for pid_run_rif
    main.o(.text.TIMG0_IRQHandler) refers to motor.o(.text.motor_speed) for motor_speed
    main.o(.text.TIMG0_IRQHandler) refers to main.o(.bss..L_MergedGlobals) for [Anonymous Symbol]
    main.o(.text.TIMG0_IRQHandler) refers to main.o(.data.rif) for rif
    main.o(.ARM.exidx.text.TIMG0_IRQHandler) refers (Special) to _scanf_int.o(.text) for _scanf_int
    main.o(.ARM.exidx.text.TIMG0_IRQHandler) refers (Special) to scanf_fp.o(.text) for _scanf_real
[...]
    Removing dl_flashctl.o(.ARM.exidx.text.DL_FlashCTL_blankVerify), (8 bytes).
    Removing dl_flashctl.o(.text.DL_FlashCTL_blankVerifyFromRAM), (24 bytes).
    Removing dl_flashctl.o(.ARM.exidx.text.DL_FlashCTL_blankVerifyFromRAM), (8 bytes).
    Removing dl_gpamp.o(.text), (0 bytes).
    Removing dl_gpio.o(.text), (0 bytes).
    Removing dl_i2c.o(.text), (0 bytes).
    Removing dl_i2c.o(.ARM.exidx.text.DL_I2C_setClockConfig), (8 bytes).
    Removing dl_i2c.o(.text.DL_I2C_getClockConfig), (26 bytes).
    Removing dl_i2c.o(.ARM.exidx.text.DL_I2C_getClockConfig), (8 bytes).
    Removing dl_i2c.o(.text.DL_I2C_fillControllerTXFIFO), (152 bytes).
    Removing dl_i2c.o(.ARM.exidx.text.DL_I2C_fillControllerTXFIFO), (8 bytes).
    Removing dl_i2c.o(.text.DL_I2C_flushControllerTXFIFO), (68 bytes).
    Removing dl_i2c.o(.ARM.exidx.text.DL_I2C_flushControllerTXFIFO), (8 bytes).
    Removing dl_i2c.o(.text.DL_I2C_flushControllerRXFIFO), (52 bytes).
    Removing dl_i2c.o(.ARM.exidx.text.DL_I2C_flushControllerRXFIFO), (8 bytes).
    Removing dl_i2c.o(.text.DL_I2C_fillTargetTXFIFO), (156 bytes).
    Removing dl_i2c.o(.ARM.exidx.text.DL_I2C_fillTargetTXFIFO), (8 bytes).
    Removing dl_i2c.o(.text.DL_I2C_flushTargetTXFIFO), (68 bytes).
    Removing dl_i2c.o(.ARM.exidx.text.DL_I2C_flushTargetTXFIFO), (8 bytes).
    Removing dl_i2c.o(.text.DL_I2C_flushTargetRXFIFO), (52 bytes).
    Removing dl_i2c.o(.ARM.exidx.text.DL_I2C_flushTargetRXFIFO), (8 bytes).
    Removing dl_i2c.o(.text.DL_I2C_transmitTargetDataBlocking), (36 bytes).
    Removing dl_i2c.o(.ARM.exidx.text.DL_I2C_transmitTargetDataBlocking), (8 bytes).
    Removing dl_i2c.o(.text.DL_I2C_transmitTargetDataCheck), (28 bytes).
    Removing dl_i2c.o(.ARM.exidx.text.DL_I2C_transmitTargetDataCheck), (8 bytes).
    Removing dl_i2c.o(.text.DL_I2C_receiveTargetDataBlocking), (40 bytes).
    Removing dl_i2c.o(.ARM.exidx.text.DL_I2C_receiveTargetDataBlocking), (8 bytes).
    Removing dl_i2c.o(.text.DL_I2C_receiveTargetDataCheck), (24 bytes).
    Removing dl_i2c.o(.ARM.exidx.text.DL_I2C_receiveTargetDataCheck), (8 bytes).
    Removing dl_iwdt.o(.text), (0 bytes).
    Removing dl_keystorectl.o(.text), (0 bytes).
    Removing dl_lcd.o(.text), (0 bytes).
    Removing dl_lfss.o(.text), (0 bytes).
    Removing dl_mathacl.o(.text), (0 bytes).
    Removing dl_mathacl.o(.text.DL_MathACL_configOperation), (40 bytes).
    Removing dl_mathacl.o(.ARM.exidx.text.DL_MathACL_configOperation), (8 bytes).
    Removing dl_mcan.o(.text), (0 bytes).
    Removing dl_mcan.o(.text.DL_MCAN_isReady), (20 bytes).
    Removing dl_mcan.o(.ARM.exidx.text.DL_MCAN_isReady), (8 bytes).
    Removing dl_mcan.o(.text.DL_MCAN_setClockConfig), (36 bytes).
    Removing dl_mcan.o(.ARM.exidx.text.DL_MCAN_setClockConfig), (8 bytes).
    Removing dl_mcan.o(.text.DL_MCAN_getClockConfig), (20 bytes).
    Removing dl_mcan.o(.ARM.exidx.text.DL_MCAN_getClockConfig), (8 bytes).
    Removing dl_mcan.o(.text.DL_MCAN_isInReset), (16 bytes).
    Removing dl_mcan.o(.ARM.exidx.text.DL_MCAN_isInReset), (8 bytes).
    Removing dl_mcan.o(.text.DL_MCAN_isFDOpEnable), (16 bytes).
    Removing dl_mcan.o(.ARM.exidx.text.DL_MCAN_isFDOpEnable), (8 bytes).
    Removing dl_mcan.o(.text.DL_MCAN_isMemInitDone), (16 bytes).
    Removing dl_mcan.o(.ARM.exidx.text.DL_MCAN_isMemInitDone), (8 bytes).
    Removing dl_mcan.o(.text.DL_MCAN_setOpMode), (24 bytes).
    Removing dl_mcan.o(.ARM.exidx.text.DL_MCAN_setOpMode), (8 bytes).
    Removing dl_mcan.o(.text.DL_MCAN_getOpMode), (16 bytes).
    Removing dl_mcan.o(.ARM.exidx.text.DL_MCAN_getOpMode), (8 bytes).
    Removing dl_mcan.o(.text.DL_MCAN_init), (216 bytes).
    Removing dl_mcan.o(.ARM.exidx.text.DL_MCAN_init), (8 bytes).
    Removing dl_mcan.o(.text.DL_MCAN_config), (212 bytes).
    Removing dl_mcan.o(.ARM.exidx.text.DL_MCAN_config), (8 bytes).
    Removing dl_mcan.o(.text.DL_MCAN_eccConfig), (184 bytes).
    Removing dl_mcan.o(.ARM.exidx.text.DL_MCAN_eccConfig), (8 bytes).
    Removing dl_mcan.o(.text.DL_MCAN_setBitTime), (216 bytes).
    Removing dl_mcan.o(.ARM.exidx.text.DL_MCAN_setBitTime), (8 bytes).
    Removing dl_mcan.o(.text.DL_MCAN_msgRAMConfig), (536 bytes).
    Removing dl_mcan.o(.ARM.exidx.text.DL_MCAN_msgRAMConfig), (8 bytes).
    Removing dl_mcan.o(.text.DL_MCAN_setExtIDAndMask), (52 bytes).
    Removing dl_mcan.o(.ARM.exidx.text.DL_MCAN_setExtIDAndMask), (8 bytes).
    Removing dl_mcan.o(.text.DL_MCAN_writeMsgRam), (264 bytes).
    Removing dl_mcan.o(.ARM.exidx.text.DL_MCAN_writeMsgRam), (8 bytes).
    Removing dl_mcan.o(.text.DL_MCAN_TXBufAddReq), (52 bytes).
    Removing dl_mcan.o(.ARM.exidx.text.DL_MCAN_TXBufAddReq), (8 bytes).
    Removing dl_mcan.o(.text.DL_MCAN_getNewDataStatus), (20 bytes).
    Removing dl_mcan.o(.ARM.exidx.text.DL_MCAN_getNewDataStatus), (8 bytes).
    Removing dl_mcan.o(.text.DL_MCAN_clearNewDataStatus), (20 bytes).
    Removing dl_mcan.o(.ARM.exidx.text.DL_MCAN_clearNewDataStatus), (8 bytes).
    Removing dl_mcan.o(.text.DL_MCAN_readMsgRam), (292 bytes).
    Removing dl_mcan.o(.ARM.exidx.text.DL_MCAN_readMsgRam), (8 bytes).
    Removing dl_mcan.o(.text.DL_MCAN_readTxEventFIFO), (96 bytes).
    Removing dl_mcan.o(.ARM.exidx.text.DL_MCAN_readTxEventFIFO), (8 bytes).
    Removing dl_mcan.o(.text.DL_MCAN_addStdMsgIDFilter), (44 bytes).
    Removing dl_mcan.o(.ARM.exidx.text.DL_MCAN_addStdMsgIDFilter), (8 bytes).
    Removing dl_mcan.o(.text.DL_MCAN_addExtMsgIDFilter), (44 bytes).
    Removing dl_mcan.o(.ARM.exidx.text.DL_MCAN_addExtMsgIDFilter), (8 bytes).
    Removing dl_mcan.o(.text.DL_MCAN_lpbkModeEnable), (96 bytes).
    Removing dl_mcan.o(.ARM.exidx.text.DL_MCAN_lpbkModeEnable), (8 bytes).
    Removing dl_mcan.o(.text.DL_MCAN_getErrCounters), (40 bytes).
    Removing dl_mcan.o(.ARM.exidx.text.DL_MCAN_getErrCounters), (8 bytes).
    Removing dl_mcan.o(.text.DL_MCAN_getProtocolStatus), (80 bytes).
    Removing dl_mcan.o(.ARM.exidx.text.DL_MCAN_getProtocolStatus), (8 bytes).
    Removing dl_mcan.o(.text.DL_MCAN_enableIntr), (28 bytes).
    Removing dl_mcan.o(.ARM.exidx.text.DL_MCAN_enableIntr), (8 bytes).
    Removing dl_mcan.o(.text.DL_MCAN_selectIntrLine), (28 bytes).
    Removing dl_mcan.o(.ARM.exidx.text.DL_MCAN_selectIntrLine), (8 bytes).
    Removing dl_mcan.o(.text.DL_MCAN_getIntrLineSelectStatus), (12 bytes).
    Removing dl_mcan.o(.ARM.exidx.text.DL_MCAN_getIntrLineSelectStatus), (8 bytes).
    Removing dl_mcan.o(.text.DL_MCAN_enableIntrLine), (28 bytes).
    Removing dl_mcan.o(.ARM.exidx.text.DL_MCAN_enableIntrLine), (8 bytes).
    Removing dl_mcan.o(.text.DL_MCAN_getIntrStatus), (12 bytes).
    Removing dl_mcan.o(.ARM.exidx.text.DL_MCAN_getIntrStatus), (8 bytes).
    Removing dl_mcan.o(.text.DL_MCAN_clearIntrStatus), (20 bytes).
    Removing dl_mcan.o(.ARM.exidx.text.DL_MCAN_clearIntrStatus), (8 bytes).
    Removing dl_mcan.o(.text.DL_MCAN_getHighPriorityMsgStatus), (44 bytes).
    Removing dl_mcan.o(.ARM.exidx.text.DL_MCAN_getHighPriorityMsgStatus), (8 bytes).
    Removing dl_mcan.o(.text.DL_MCAN_getRxFIFOStatus), (60 bytes).
    Removing dl_mcan.o(.ARM.exidx.text.DL_MCAN_getRxFIFOStatus), (8 bytes).
    Removing dl_mcan.o(.text.DL_MCAN_writeRxFIFOAck), (64 bytes).
    Removing dl_mcan.o(.ARM.exidx.text.DL_MCAN_writeRxFIFOAck), (8 bytes).
    Removing dl_mcan.o(.text.DL_MCAN_getTxFIFOQueStatus), (36 bytes).
    Removing dl_mcan.o(.ARM.exidx.text.DL_MCAN_getTxFIFOQueStatus), (8 bytes).
    Removing dl_mcan.o(.text.DL_MCAN_getTxBufReqPend), (12 bytes).
    Removing dl_mcan.o(.ARM.exidx.text.DL_MCAN_getTxBufReqPend), (8 bytes).
    Removing dl_mcan.o(.text.DL_MCAN_txBufCancellationReq), (52 bytes).
    Removing dl_mcan.o(.ARM.exidx.text.DL_MCAN_txBufCancellationReq), (8 bytes).
    Removing dl_mcan.o(.text.DL_MCAN_getTxBufTransmissionStatus), (12 bytes).
    Removing dl_mcan.o(.ARM.exidx.text.DL_MCAN_getTxBufTransmissionStatus), (8 bytes).
    Removing dl_mcan.o(.text.DL_MCAN_txBufCancellationStatus), (12 bytes).
    Removing dl_mcan.o(.ARM.exidx.text.DL_MCAN_txBufCancellationStatus), (8 bytes).
    Removing dl_mcan.o(.text.DL_MCAN_TXBufTransIntrEnable), (44 bytes).
    Removing dl_mcan.o(.ARM.exidx.text.DL_MCAN_TXBufTransIntrEnable), (8 bytes).
    Removing dl_mcan.o(.text.DL_MCAN_getTxBufCancellationIntrEnable), (44 bytes).
    Removing dl_mcan.o(.ARM.exidx.text.DL_MCAN_getTxBufCancellationIntrEnable), (8 bytes).
    Removing dl_mcan.o(.text.DL_MCAN_getTxEventFIFOStatus), (44 bytes).
    Removing dl_mcan.o(.ARM.exidx.text.DL_MCAN_getTxEventFIFOStatus), (8 bytes).
    Removing dl_mcan.o(.text.DL_MCAN_addClockStopRequest), (28 bytes).
    Removing dl_mcan.o(.ARM.exidx.text.DL_MCAN_addClockStopRequest), (8 bytes).
    Removing dl_mcan.o(.text.DL_MCAN_writeTxEventFIFOAck), (44 bytes).
    Removing dl_mcan.o(.ARM.exidx.text.DL_MCAN_writeTxEventFIFOAck), (8 bytes).
    Removing dl_mcan.o(.text.DL_MCAN_eccForceError), (220 bytes).
    Removing dl_mcan.o(.ARM.exidx.text.DL_MCAN_eccForceError), (8 bytes).
    Removing dl_mcan.o(.text.DL_MCAN_eccGetErrorStatus), (128 bytes).
    Removing dl_mcan.o(.ARM.exidx.text.DL_MCAN_eccGetErrorStatus), (8 bytes).
    Removing dl_mcan.o(.text.DL_MCAN_eccClearErrorStatus), (112 bytes).
    Removing dl_mcan.o(.ARM.exidx.text.DL_MCAN_eccClearErrorStatus), (8 bytes).
    Removing dl_mcan.o(.text.DL_MCAN_eccWriteEOI), (36 bytes).
    Removing dl_mcan.o(.ARM.exidx.text.DL_MCAN_eccWriteEOI), (8 bytes).
    Removing dl_mcan.o(.text.DL_MCAN_eccEnableIntr), (56 bytes).
    Removing dl_mcan.o(.ARM.exidx.text.DL_MCAN_eccEnableIntr), (8 bytes).
    Removing dl_mcan.o(.text.DL_MCAN_eccGetIntrStatus), (36 bytes).
    Removing dl_mcan.o(.ARM.exidx.text.DL_MCAN_eccGetIntrStatus), (8 bytes).
    Removing dl_mcan.o(.text.DL_MCAN_eccClearIntrStatus), (36 bytes).
    Removing dl_mcan.o(.ARM.exidx.text.DL_MCAN_eccClearIntrStatus), (8 bytes).
    Removing dl_mcan.o(.text.DL_MCAN_extTSCounterConfig), (24 bytes).
    Removing dl_mcan.o(.ARM.exidx.text.DL_MCAN_extTSCounterConfig), (8 bytes).
    Removing dl_mcan.o(.text.DL_MCAN_extTSCounterEnable), (28 bytes).
    Removing dl_mcan.o(.ARM.exidx.text.DL_MCAN_extTSCounterEnable), (8 bytes).
    Removing dl_mcan.o(.text.DL_MCAN_extTSEnableIntr), (28 bytes).
    Removing dl_mcan.o(.ARM.exidx.text.DL_MCAN_extTSEnableIntr), (8 bytes).
    Removing dl_mcan.o(.text.DL_MCAN_extTSWriteEOI), (20 bytes).
    Removing dl_mcan.o(.ARM.exidx.text.DL_MCAN_extTSWriteEOI), (8 bytes).
    Removing dl_mcan.o(.text.DL_MCAN_extTSGetUnservicedIntrCount), (16 bytes).
    Removing dl_mcan.o(.ARM.exidx.text.DL_MCAN_extTSGetUnservicedIntrCount), (8 bytes).
    Removing dl_mcan.o(.text.DL_MCAN_getRevisionId), (68 bytes).
    Removing dl_mcan.o(.ARM.exidx.text.DL_MCAN_getRevisionId), (8 bytes).
    Removing dl_mcan.o(.text.DL_MCAN_getClockStopAck), (16 bytes).
    Removing dl_mcan.o(.ARM.exidx.text.DL_MCAN_getClockStopAck), (8 bytes).
    Removing dl_mcan.o(.text.DL_MCAN_extTSSetRawStatus), (16 bytes).
    Removing dl_mcan.o(.ARM.exidx.text.DL_MCAN_extTSSetRawStatus), (8 bytes).
    Removing dl_mcan.o(.text.DL_MCAN_extTSClearRawStatus), (16 bytes).
    Removing dl_mcan.o(.ARM.exidx.text.DL_MCAN_extTSClearRawStatus), (8 bytes).
    Removing dl_mcan.o(.text.DL_MCAN_getRxPinState), (16 bytes).
    Removing dl_mcan.o(.ARM.exidx.text.DL_MCAN_getRxPinState), (8 bytes).
    Removing dl_mcan.o(.text.DL_MCAN_setTxPinState), (48 bytes).
    Removing dl_mcan.o(.ARM.exidx.text.DL_MCAN_setTxPinState), (8 bytes).
    Removing dl_mcan.o(.text.DL_MCAN_getTxPinState), (16 bytes).
    Removing dl_mcan.o(.ARM.exidx.text.DL_MCAN_getTxPinState), (8 bytes).
    Removing dl_mcan.o(.text.DL_MCAN_getTSCounterVal), (12 bytes).
    Removing dl_mcan.o(.ARM.exidx.text.DL_MCAN_getTSCounterVal), (8 bytes).
    Removing dl_mcan.o(.text.DL_MCAN_getClkStopAck), (16 bytes).
    Removing dl_mcan.o(.ARM.exidx.text.DL_MCAN_getClkStopAck), (8 bytes).
    Removing dl_mcan.o(.text.DL_MCAN_getBitTime), (76 bytes).
    Removing dl_mcan.o(.ARM.exidx.text.DL_MCAN_getBitTime), (8 bytes).
    Removing dl_mcan.o(.text.DL_MCAN_resetTSCounter), (20 bytes).
    Removing dl_mcan.o(.ARM.exidx.text.DL_MCAN_resetTSCounter), (8 bytes).
    Removing dl_mcan.o(.text.DL_MCAN_getTOCounterVal), (12 bytes).
    Removing dl_mcan.o(.ARM.exidx.text.DL_MCAN_getTOCounterVal), (8 bytes).
    Removing dl_mcan.o(.text.DL_MCAN_eccAggrGetRevisionId), (32 bytes).
    Removing dl_mcan.o(.ARM.exidx.text.DL_MCAN_eccAggrGetRevisionId), (8 bytes).
    Removing dl_mcan.o(.text.DL_MCAN_eccWrapGetRevisionId), (84 bytes).
    Removing dl_mcan.o(.ARM.exidx.text.DL_MCAN_eccWrapGetRevisionId), (8 bytes).
    Removing dl_mcan.o(.text.DL_MCAN_extTSIsIntrEnable), (16 bytes).
    Removing dl_mcan.o(.ARM.exidx.text.DL_MCAN_extTSIsIntrEnable), (8 bytes).
    Removing dl_mcan.o(.text.DL_MCAN_getEndianVal), (12 bytes).
    Removing dl_mcan.o(.ARM.exidx.text.DL_MCAN_getEndianVal), (8 bytes).
    Removing dl_mcan.o(.text.DL_MCAN_getExtIDANDMask), (16 bytes).
    Removing dl_mcan.o(.ARM.exidx.text.DL_MCAN_getExtIDANDMask), (8 bytes).
    Removing dl_mcan.o(.text.DL_MCAN_saveConfiguration), (236 bytes).
    Removing dl_mcan.o(.ARM.exidx.text.DL_MCAN_saveConfiguration), (8 bytes).
    Removing dl_mcan.o(.text.DL_MCAN_restoreConfiguration), (276 bytes).
    Removing dl_mcan.o(.ARM.exidx.text.DL_MCAN_restoreConfiguration), (8 bytes).
    Removing dl_mcan.o(.rodata..L__const.DL_MCAN_getDataSize.dataSize), (64 bytes).
    Removing dl_mcan.o(.rodata.cst32), (32 bytes).
    Removing dl_opa.o(.text), (0 bytes).
    Removing dl_opa.o(.text.DL_OPA_increaseGain), (52 bytes).
    Removing dl_opa.o(.ARM.exidx.text.DL_OPA_increaseGain), (8 bytes).
    Removing dl_opa.o(.text.DL_OPA_decreaseGain), (48 bytes).
    Removing dl_opa.o(.ARM.exidx.text.DL_OPA_decreaseGain), (8 bytes).
    Removing dl_rtc.o(.text), (0 bytes).
    Removing dl_rtc_a.o(.text), (0 bytes).
    Removing dl_rtc_b.o(.text), (0 bytes).
    Removing dl_rtc_common.o(.text), (0 bytes).
    Removing dl_rtc_common.o(.text.DL_RTC_Common_initCalendar), (144 bytes).
    Removing dl_rtc_common.o(.ARM.exidx.text.DL_RTC_Common_initCalendar), (8 bytes).
    Removing dl_rtc_common.o(.text.DL_RTC_Common_getCalendarTime), (124 bytes).
    Removing dl_rtc_common.o(.ARM.exidx.text.DL_RTC_Common_getCalendarTime), (8 bytes).
    Removing dl_rtc_common.o(.text.DL_RTC_Common_setCalendarAlarm1), (96 bytes).
    Removing dl_rtc_common.o(.ARM.exidx.text.DL_RTC_Common_setCalendarAlarm1), (8 bytes).
    Removing dl_rtc_common.o(.text.DL_RTC_Common_getCalendarAlarm1), (84 bytes).
    Removing dl_rtc_common.o(.ARM.exidx.text.DL_RTC_Common_getCalendarAlarm1), (8 bytes).
    Removing dl_rtc_common.o(.text.DL_RTC_Common_enableCalendarAlarm1), (60 bytes).
    Removing dl_rtc_common.o(.ARM.exidx.text.DL_RTC_Common_enableCalendarAlarm1), (8 bytes).
    Removing dl_rtc_common.o(.text.DL_RTC_Common_disableCalendarAlarm1), (68 bytes).
    Removing dl_rtc_common.o(.ARM.exidx.text.DL_RTC_Common_disableCalendarAlarm1), (8 bytes).
    Removing dl_rtc_common.o(.text.DL_RTC_Common_setCalendarAlarm2), (96 bytes).
    Removing dl_rtc_common.o(.ARM.exidx.text.DL_RTC_Common_setCalendarAlarm2), (8 bytes).
    Removing dl_rtc_common.o(.text.DL_RTC_Common_getCalendarAlarm2), (84 bytes).
    Removing dl_rtc_common.o(.ARM.exidx.text.DL_RTC_Common_getCalendarAlarm2), (8 bytes).
    Removing dl_rtc_common.o(.text.DL_RTC_Common_enableCalendarAlarm2), (60 bytes).
    Removing dl_rtc_common.o(.ARM.exidx.text.DL_RTC_Common_enableCalendarAlarm2), (8 bytes).
    Removing dl_rtc_common.o(.text.DL_RTC_Common_disableCalendarAlarm2), (68 bytes).
    Removing dl_rtc_common.o(.ARM.exidx.text.DL_RTC_Common_disableCalendarAlarm2), (8 bytes).
    Removing dl_scratchpad.o(.text), (0 bytes).
    Removing dl_spi.o(.text), (0 bytes).
    Removing dl_spi.o(.text.DL_SPI_init), (68 bytes).
    Removing dl_spi.o(.ARM.exidx.text.DL_SPI_init), (8 bytes).
    Removing dl_spi.o(.text.DL_SPI_setClockConfig), (18 bytes).
    Removing dl_spi.o(.ARM.exidx.text.DL_SPI_setClockConfig), (8 bytes).
    Removing dl_spi.o(.text.DL_SPI_getClockConfig), (16 bytes).
    Removing dl_spi.o(.ARM.exidx.text.DL_SPI_getClockConfig), (8 bytes).
    Removing dl_spi.o(.text.DL_SPI_receiveDataBlocking8), (40 bytes).
    Removing dl_spi.o(.ARM.exidx.text.DL_SPI_receiveDataBlocking8), (8 bytes).
    Removing dl_spi.o(.text.DL_SPI_receiveDataBlocking16), (40 bytes).
    Removing dl_spi.o(.ARM.exidx.text.DL_SPI_receiveDataBlocking16), (8 bytes).
    Removing dl_spi.o(.text.DL_SPI_receiveDataBlocking32), (36 bytes).
    Removing dl_spi.o(.ARM.exidx.text.DL_SPI_receiveDataBlocking32), (8 bytes).
    Removing dl_spi.o(.text.DL_SPI_transmitDataBlocking8), (36 bytes).
    Removing dl_spi.o(.ARM.exidx.text.DL_SPI_transmitDataBlocking8), (8 bytes).
    Removing dl_spi.o(.text.DL_SPI_transmitDataBlocking16), (36 bytes).
    Removing dl_spi.o(.ARM.exidx.text.DL_SPI_transmitDataBlocking16), (8 bytes).
    Removing dl_spi.o(.text.DL_SPI_transmitDataBlocking32), (36 bytes).
    Removing dl_spi.o(.ARM.exidx.text.DL_SPI_transmitDataBlocking32), (8 bytes).
    Removing dl_spi.o(.text.DL_SPI_receiveDataCheck8), (28 bytes).
    Removing dl_spi.o(.ARM.exidx.text.DL_SPI_receiveDataCheck8), (8 bytes).
    Removing dl_spi.o(.text.DL_SPI_receiveDataCheck16), (28 bytes).
    Removing dl_spi.o(.ARM.exidx.text.DL_SPI_receiveDataCheck16), (8 bytes).
    Removing dl_spi.o(.text.DL_SPI_receiveDataCheck32), (28 bytes).
    Removing dl_spi.o(.ARM.exidx.text.DL_SPI_receiveDataCheck32), (8 bytes).
    Removing dl_spi.o(.text.DL_SPI_transmitDataCheck8), (28 bytes).
    Removing dl_spi.o(.ARM.exidx.text.DL_SPI_transmitDataCheck8), (8 bytes).
    Removing dl_spi.o(.text.DL_SPI_transmitDataCheck16), (28 bytes).
    Removing dl_spi.o(.ARM.exidx.text.DL_SPI_transmitDataCheck16), (8 bytes).
    Removing dl_spi.o(.text.DL_SPI_transmitDataCheck32), (28 bytes).
    Removing dl_spi.o(.ARM.exidx.text.DL_SPI_transmitDataCheck32), (8 bytes).
    Removing dl_spi.o(.text.DL_SPI_drainRXFIFO8), (116 bytes).
    Removing dl_spi.o(.ARM.exidx.text.DL_SPI_drainRXFIFO8), (8 bytes).
    Removing dl_spi.o(.text.DL_SPI_drainRXFIFO16), (104 bytes).
    Removing dl_spi.o(.ARM.exidx.text.DL_SPI_drainRXFIFO16), (8 bytes).
    Removing dl_spi.o(.text.DL_SPI_drainRXFIFO32), (104 bytes).
    Removing dl_spi.o(.ARM.exidx.text.DL_SPI_drainRXFIFO32), (8 bytes).
    Removing dl_spi.o(.text.DL_SPI_fillTXFIFO8), (116 bytes).
    Removing dl_spi.o(.ARM.exidx.text.DL_SPI_fillTXFIFO8), (8 bytes).
    Removing dl_spi.o(.text.DL_SPI_fillTXFIFO16), (104 bytes).
    Removing dl_spi.o(.ARM.exidx.text.DL_SPI_fillTXFIFO16), (8 bytes).
    Removing dl_spi.o(.text.DL_SPI_saveConfiguration), (88 bytes).
    Removing dl_spi.o(.ARM.exidx.text.DL_SPI_saveConfiguration), (8 bytes).
    Removing dl_spi.o(.text.DL_SPI_restoreConfiguration), (112 bytes).
    Removing dl_spi.o(.ARM.exidx.text.DL_SPI_restoreConfiguration), (8 bytes).
    Removing dl_spi.o(.text.DL_SPI_fillTXFIFO32), (104 bytes).
    Removing dl_spi.o(.ARM.exidx.text.DL_SPI_fillTXFIFO32), (8 bytes).
    Removing dl_tamperio.o(.text), (0 bytes).
    Removing dl_timer.o(.text), (0 bytes).
    Removing dl_timer.o(.ARM.exidx.text.DL_Timer_setClockConfig), (8 bytes).
    Removing dl_timer.o(.text.DL_Timer_getClockConfig), (28 bytes).
    Removing dl_timer.o(.ARM.exidx.text.DL_Timer_getClockConfig), (8 bytes).
    Removing dl_timer.o(.ARM.exidx.text.DL_Timer_initTimerMode), (8 bytes).
    Removing dl_timer.o(.ARM.exidx.text.DL_Timer_setCaptureCompareValue), (8 bytes).
    Removing dl_timer.o(.text.DL_Timer_setCaptureCompareCtl), (40 bytes).
    Removing dl_timer.o(.ARM.exidx.text.DL_Timer_setCaptureCompareCtl), (8 bytes).
    Removing dl_timer.o(.text.DL_Timer_initCaptureMode), (292 bytes).
    Removing dl_timer.o(.ARM.exidx.text.DL_Timer_initCaptureMode), (8 bytes).
    Removing dl_timer.o(.text.DL_Timer_setCaptureCompareInput), (26 bytes).
    Removing dl_timer.o(.ARM.exidx.text.DL_Timer_setCaptureCompareInput), (8 bytes).
    Removing dl_timer.o(.text.DL_Timer_initCaptureTriggerMode), (104 bytes).
    Removing dl_timer.o(.ARM.exidx.text.DL_Timer_initCaptureTriggerMode), (8 bytes).
    Removing dl_timer.o(.text.DL_Timer_initCaptureCombinedMode), (224 bytes).
    Removing dl_timer.o(.ARM.exidx.text.DL_Timer_initCaptureCombinedMode), (8 bytes).
    Removing dl_timer.o(.text.DL_Timer_initCompareMode), (160 bytes).
    Removing dl_timer.o(.ARM.exidx.text.DL_Timer_initCompareMode), (8 bytes).
    Removing dl_timer.o(.text.DL_Timer_initCompareTriggerMode), (96 bytes).
    Removing dl_timer.o(.ARM.exidx.text.DL_Timer_initCompareTriggerMode), (8 bytes).
    Removing dl_timer.o(.text.DL_Timer_getCaptureCompareValue), (16 bytes).
    Removing dl_timer.o(.ARM.exidx.text.DL_Timer_getCaptureCompareValue), (8 bytes).
    Removing dl_timer.o(.text.DL_Timer_getCaptureCompareCtl), (24 bytes).
    Removing dl_timer.o(.ARM.exidx.text.DL_Timer_getCaptureCompareCtl), (8 bytes).
    Removing dl_timer.o(.text.DL_Timer_setSecondCompSrcDn), (28 bytes).
    Removing dl_timer.o(.ARM.exidx.text.DL_Timer_setSecondCompSrcDn), (8 bytes).
    Removing dl_timer.o(.text.DL_Timer_getSecondCompSrcDn), (20 bytes).
    Removing dl_timer.o(.ARM.exidx.text.DL_Timer_getSecondCompSrcDn), (8 bytes).
    Removing dl_timer.o(.text.DL_Timer_setSecondCompSrcUp), (28 bytes).
    Removing dl_timer.o(.ARM.exidx.text.DL_Timer_setSecondCompSrcUp), (8 bytes).
    Removing dl_timer.o(.text.DL_Timer_getSecondCompSrcUp), (20 bytes).
    Removing dl_timer.o(.ARM.exidx.text.DL_Timer_getSecondCompSrcUp), (8 bytes).
    Removing dl_timer.o(.text.DL_Timer_setSecondCompActionDn), (28 bytes).
    Removing dl_timer.o(.ARM.exidx.text.DL_Timer_setSecondCompActionDn), (8 bytes).
    Removing dl_timer.o(.text.DL_Timer_getSecondCompActionDn), (20 bytes).
    Removing dl_timer.o(.ARM.exidx.text.DL_Timer_getSecondCompActionDn), (8 bytes).
    Removing dl_timer.o(.text.DL_Timer_setSecondCompActionUp), (28 bytes).
    Removing dl_timer.o(.ARM.exidx.text.DL_Timer_setSecondCompActionUp), (8 bytes).
    Removing dl_timer.o(.text.DL_Timer_getSecondCompActionUp), (20 bytes).
    Removing dl_timer.o(.ARM.exidx.text.DL_Timer_getSecondCompActionUp), (8 bytes).
    Removing dl_timer.o(.text.DL_Timer_enableSuppressionOfCompEvent), (24 bytes).
    Removing dl_timer.o(.ARM.exidx.text.DL_Timer_enableSuppressionOfCompEvent), (8 bytes).
    Removing dl_timer.o(.text.DL_Timer_disableSuppressionOfCompEvent), (24 bytes).
    Removing dl_timer.o(.ARM.exidx.text.DL_Timer_disableSuppressionOfCompEvent), (8 bytes).
    Removing dl_timer.o(.ARM.exidx.text.DL_Timer_setCaptCompUpdateMethod), (8 bytes).
    Removing dl_timer.o(.text.DL_Timer_getCaptCompUpdateMethod), (20 bytes).
    Removing dl_timer.o(.ARM.exidx.text.DL_Timer_getCaptCompUpdateMethod), (8 bytes).
    Removing dl_timer.o(.text.DL_Timer_setCaptCompActUpdateMethod), (28 bytes).
    Removing dl_timer.o(.ARM.exidx.text.DL_Timer_setCaptCompActUpdateMethod), (8 bytes).
    Removing dl_timer.o(.text.DL_Timer_getCaptCompActUpdateMethod), (20 bytes).
    Removing dl_timer.o(.ARM.exidx.text.DL_Timer_getCaptCompActUpdateMethod), (8 bytes).
    Removing dl_timer.o(.ARM.exidx.text.DL_Timer_setCaptureCompareOutCtl), (8 bytes).
    Removing dl_timer.o(.text.DL_Timer_getCaptureCompareOutCtl), (16 bytes).
    Removing dl_timer.o(.ARM.exidx.text.DL_Timer_getCaptureCompareOutCtl), (8 bytes).
    Removing dl_timer.o(.text.DL_Timer_setCaptureCompareAction), (36 bytes).
    Removing dl_timer.o(.ARM.exidx.text.DL_Timer_setCaptureCompareAction), (8 bytes).
    Removing dl_timer.o(.text.DL_Timer_getCaptureCompareAction), (24 bytes).
    Removing dl_timer.o(.ARM.exidx.text.DL_Timer_getCaptureCompareAction), (8 bytes).
    Removing dl_timer.o(.text.DL_Timer_overrideCCPOut), (32 bytes).
    Removing dl_timer.o(.ARM.exidx.text.DL_Timer_overrideCCPOut), (8 bytes).
    Removing dl_timer.o(.text.DL_Timer_getCaptureCompareInput), (16 bytes).
    Removing dl_timer.o(.ARM.exidx.text.DL_Timer_getCaptureCompareInput), (8 bytes).
    Removing dl_timer.o(.text.DL_Timer_setCaptureCompareInputFilter), (28 bytes).
    Removing dl_timer.o(.ARM.exidx.text.DL_Timer_setCaptureCompareInputFilter), (8 bytes).
    Removing dl_timer.o(.text.DL_Timer_getCaptureCompareInputFilter), (18 bytes).
    Removing dl_timer.o(.ARM.exidx.text.DL_Timer_getCaptureCompareInputFilter), (8 bytes).
    Removing dl_timer.o(.text.DL_Timer_enableCaptureCompareInputFilter), (20 bytes).
    Removing dl_timer.o(.ARM.exidx.text.DL_Timer_enableCaptureCompareInputFilter), (8 bytes).
    Removing dl_timer.o(.text.DL_Timer_disableCaptureCompareInputFilter), (20 bytes).
    Removing dl_timer.o(.ARM.exidx.text.DL_Timer_disableCaptureCompareInputFilter), (8 bytes).
    Removing dl_timer.o(.text.DL_Timer_isCaptureCompareInputFilterEnabled), (20 bytes).
    Removing dl_timer.o(.ARM.exidx.text.DL_Timer_isCaptureCompareInputFilterEnabled), (8 bytes).
    Removing dl_timer.o(.text.DL_Timer_saveConfiguration), (240 bytes).
    Removing dl_timer.o(.ARM.exidx.text.DL_Timer_saveConfiguration), (8 bytes).
    Removing dl_timer.o(.text.DL_Timer_restoreConfiguration), (244 bytes).
    Removing dl_timer.o(.ARM.exidx.text.DL_Timer_restoreConfiguration), (8 bytes).
    Removing dl_timer.o(.ARM.exidx.text.DL_Timer_initFourCCPWMMode), (8 bytes).
    Removing dl_timer.o(.text.DL_Timer_setFaultSourceConfig), (44 bytes).
    Removing dl_timer.o(.ARM.exidx.text.DL_Timer_setFaultSourceConfig), (8 bytes).
    Removing dl_timer.o(.text.DL_Timer_getFaultSourceConfig), (32 bytes).
    Removing dl_timer.o(.ARM.exidx.text.DL_Timer_getFaultSourceConfig), (8 bytes).
    Removing dl_timer.o(.text.DL_TimerA_saveConfiguration), (272 bytes).
    Removing dl_timer.o(.ARM.exidx.text.DL_TimerA_saveConfiguration), (8 bytes).
    Removing dl_timer.o(.text.DL_TimerA_restoreConfiguration), (276 bytes).
    Removing dl_timer.o(.ARM.exidx.text.DL_TimerA_restoreConfiguration), (8 bytes).
    Removing dl_timer.o(.text.DL_Timer_configQEIHallInputMode), (36 bytes).
    Removing dl_timer.o(.ARM.exidx.text.DL_Timer_configQEIHallInputMode), (8 bytes).
    Removing dl_timer.o(.rodata..Lswitch.table.DL_Timer_initCompareMode), (12 bytes).
    Removing dl_timera.o(.text), (0 bytes).
    Removing dl_timerg.o(.text), (0 bytes).
    Removing dl_trng.o(.text), (0 bytes).
    Removing dl_trng.o(.text.DL_TRNG_saveConfiguration), (52 bytes).
    Removing dl_trng.o(.ARM.exidx.text.DL_TRNG_saveConfiguration), (8 bytes).
    Removing dl_trng.o(.text.DL_TRNG_restoreConfiguration), (72 bytes).
    Removing dl_trng.o(.ARM.exidx.text.DL_TRNG_restoreConfiguration), (8 bytes).
    Removing dl_uart.o(.text), (0 bytes).
    Removing dl_uart.o(.ARM.exidx.text.DL_UART_init), (8 bytes).
    Removing dl_uart.o(.ARM.exidx.text.DL_UART_setClockConfig), (8 bytes).
    Removing dl_uart.o(.text.DL_UART_getClockConfig), (16 bytes).
    Removing dl_uart.o(.ARM.exidx.text.DL_UART_getClockConfig), (8 bytes).
    Removing dl_uart.o(.text.DL_UART_configBaudRate), (132 bytes).
    Removing dl_uart.o(.ARM.exidx.text.DL_UART_configBaudRate), (8 bytes).
    Removing dl_uart.o(.text.DL_UART_configIrDAMode), (68 bytes).
    Removing dl_uart.o(.ARM.exidx.text.DL_UART_configIrDAMode), (8 bytes).
    Removing dl_uart.o(.text.DL_UART_setIrDAPulseLength), (48 bytes).
    Removing dl_uart.o(.ARM.exidx.text.DL_UART_setIrDAPulseLength), (8 bytes).
    Removing dl_uart.o(.text.DL_UART_receiveDataBlocking), (40 bytes).
    Removing dl_uart.o(.ARM.exidx.text.DL_UART_receiveDataBlocking), (8 bytes).
    Removing dl_uart.o(.ARM.exidx.text.DL_UART_transmitDataBlocking), (8 bytes).
    Removing dl_uart.o(.text.DL_UART_receiveDataCheck), (28 bytes).
    Removing dl_uart.o(.ARM.exidx.text.DL_UART_receiveDataCheck), (8 bytes).
    Removing dl_uart.o(.text.DL_UART_transmitDataCheck), (28 bytes).
    Removing dl_uart.o(.ARM.exidx.text.DL_UART_transmitDataCheck), (8 bytes).
    Removing dl_uart.o(.text.DL_UART_drainRXFIFO), (116 bytes).
    Removing dl_uart.o(.ARM.exidx.text.DL_UART_drainRXFIFO), (8 bytes).
    Removing dl_uart.o(.text.DL_UART_fillTXFIFO), (116 bytes).
    Removing dl_uart.o(.ARM.exidx.text.DL_UART_fillTXFIFO), (8 bytes).
    Removing dl_uart.o(.text.DL_UART_Main_saveConfiguration), (96 bytes).
    Removing dl_uart.o(.ARM.exidx.text.DL_UART_Main_saveConfiguration), (8 bytes).
    Removing dl_uart.o(.text.DL_UART_Main_restoreConfiguration), (120 bytes).
    Removing dl_uart.o(.ARM.exidx.text.DL_UART_Main_restoreConfiguration), (8 bytes).
    Removing dl_uart.o(.text.DL_UART_Extend_saveConfiguration), (112 bytes).
    Removing dl_uart.o(.ARM.exidx.text.DL_UART_Extend_saveConfiguration), (8 bytes).
    Removing dl_uart.o(.text.DL_UART_Extend_restoreConfiguration), (132 bytes).
    Removing dl_uart.o(.ARM.exidx.text.DL_UART_Extend_restoreConfiguration), (8 bytes).
    Removing dl_vref.o(.text), (0 bytes).
    Removing dl_vref.o(.text.DL_VREF_configReference), (32 bytes).
    Removing dl_vref.o(.ARM.exidx.text.DL_VREF_configReference), (8 bytes).
    Removing dl_vref.o(.text.DL_VREF_setClockConfig), (18 bytes).
    Removing dl_vref.o(.ARM.exidx.text.DL_VREF_setClockConfig), (8 bytes).
    Removing dl_vref.o(.text.DL_VREF_getClockConfig), (16 bytes).
    Removing dl_vref.o(.ARM.exidx.text.DL_VREF_getClockConfig), (8 bytes).
    Removing dl_wwdt.o(.text), (0 bytes).
    Removing oled.o(.text), (0 bytes).
    Removing oled.o(.text.OLED_SendCmd), (164 bytes).
    Removing oled.o(.ARM.exidx.text.OLED_SendCmd), (8 bytes).
    Removing oled.o(.text.OLED_WriteData), (164 bytes).
    Removing oled.o(.ARM.exidx.text.OLED_WriteData), (8 bytes).
    Removing oled.o(.text.OLED_SetCursor), (424 bytes).
    Removing oled.o(.ARM.exidx.text.OLED_SetCursor), (8 bytes).
    Removing oled.o(.text.OLED_Clear), (204 bytes).
    Removing oled.o(.ARM.exidx.text.OLED_Clear), (8 bytes).
    Removing oled.o(.text.OLED_Init), (3312 bytes).
    Removing oled.o(.ARM.exidx.text.OLED_Init), (8 bytes).
    Removing oled.o(.text.OLED_ShowChar), (376 bytes).
    Removing oled.o(.ARM.exidx.text.OLED_ShowChar), (8 bytes).
    Removing oled.o(.text.OLED_ShowString), (44 bytes).
    Removing oled.o(.ARM.exidx.text.OLED_ShowString), (8 bytes).
    Removing oled.o(.text.OLED_Pow), (60 bytes).
    Removing oled.o(.ARM.exidx.text.OLED_Pow), (8 bytes).
    Removing oled.o(.text.OLED_ShowNum), (224 bytes).
    Removing oled.o(.ARM.exidx.text.OLED_ShowNum), (8 bytes).
    Removing oled.o(.text.OLED_ShowSignedNum), (188 bytes).
    Removing oled.o(.ARM.exidx.text.OLED_ShowSignedNum), (8 bytes).
    Removing oled.o(.text.OLED_ShowHexNum), (132 bytes).
    Removing oled.o(.ARM.exidx.text.OLED_ShowHexNum), (8 bytes).
    Removing oled.o(.text.OLED_ShowBinNum), (132 bytes).
    Removing oled.o(.ARM.exidx.text.OLED_ShowBinNum), (8 bytes).
    Removing oled.o(.rodata.OLED_F8x16), (1520 bytes).
    Removing oled.o(.bss.init), (4 bytes).
    Removing vofa.o(.text), (0 bytes).
    Removing vofa.o(.ARM.exidx.text.vofa_transmitfloat), (8 bytes).
    Removing motor.o(.text), (0 bytes).
    Removing motor.o(.ARM.exidx.text.motor_init), (8 bytes).
    Removing motor.o(.ARM.exidx.text.motor_speed), (8 bytes).
    Removing pid.o(.text), (0 bytes).
    Removing pid.o(.ARM.exidx.text.pid_run_speed), (8 bytes).
    Removing pid.o(.ARM.exidx.text.pid_run_rif), (8 bytes).
    Removing pid.o(.text.pid_run_wit), (58 bytes).
    Removing pid.o(.ARM.exidx.text.pid_run_wit), (8 bytes).
    Removing rif.o(.text), (0 bytes).
    Removing wit.o(.text), (0 bytes).
    Removing wit.o(.text.wit_get_yaw), (224 bytes).
    Removing wit.o(.ARM.exidx.text.wit_get_yaw), (8 bytes).

703 unused section(s) (total 30434 bytes) removed from the image.

==============================================================================

Image Symbol Table

    Local Symbols

    Symbol Name                              Value     Ov Type        Size  Object(Section)

    ../clib/division.s                       0x00000000   Number         0  aeabi_sdivfast.o ABSOLUTE
    ../clib/division.s                       0x00000000   Number         0  aeabi_sdivfast_div0.o ABSOLUTE
    ../clib/longlong.c                       0x00000000   Number         0  llmul.o ABSOLUTE
    ../clib/microlib/ctype/ctype.c           0x00000000   Number         0  isspace_c.o ABSOLUTE
    ../clib/microlib/ctype/ctype.c           0x00000000   Number         0  ctype_c.o ABSOLUTE
    ../clib/microlib/division.c              0x00000000   Number         0  uidiv.o ABSOLUTE
    ../clib/microlib/division.c              0x00000000   Number         0  uidiv_div0.o ABSOLUTE
    ../clib/microlib/division.c              0x00000000   Number         0  idiv_div0.o ABSOLUTE
    ../clib/microlib/division.c              0x00000000   Number         0  idiv0.o ABSOLUTE
    ../clib/microlib/init/entry.s            0x00000000   Number         0  entry.o ABSOLUTE
    ../clib/microlib/init/entry.s            0x00000000   Number         0  entry2.o ABSOLUTE
    ../clib/microlib/init/entry.s            0x00000000   Number         0  entry5.o ABSOLUTE
    ../clib/microlib/init/entry.s            0x00000000   Number         0  entry7a.o ABSOLUTE
    ../clib/microlib/init/entry.s            0x00000000   Number         0  entry7b.o ABSOLUTE
    ../clib/microlib/init/entry.s            0x00000000   Number         0  entry8a.o ABSOLUTE
    ../clib/microlib/init/entry.s            0x00000000   Number         0  entry8b.o ABSOLUTE
    ../clib/microlib/init/entry.s            0x00000000   Number         0  entry9a.o ABSOLUTE
    ../clib/microlib/init/entry.s            0x00000000   Number         0  entry9b.o ABSOLUTE
    ../clib/microlib/init/entry.s            0x00000000   Number         0  entry10a.o ABSOLUTE
    ../clib/microlib/init/entry.s            0x00000000   Number         0  entry10b.o ABSOLUTE
    ../clib/microlib/init/entry.s            0x00000000   Number         0  entry11a.o ABSOLUTE
    ../clib/microlib/init/entry.s            0x00000000   Number         0  entry11b.o ABSOLUTE
    ../clib/microlib/longlong.c              0x00000000   Number         0  llshl.o ABSOLUTE
    ../clib/microlib/longlong.c              0x00000000   Number         0  llushr.o ABSOLUTE
    ../clib/microlib/stubs.s                 0x00000000   Number         0  iusefp.o ABSOLUTE
    ../clib/scanf.c                          0x00000000   Number         0  __0sscanf.o ABSOLUTE
    ../clib/scanf.c                          0x00000000   Number         0  _scanf_int.o ABSOLUTE
    ../clib/scanf.c                          0x00000000   Number         0  scanf_fp.o ABSOLUTE
    ../clib/scanf.c                          0x00000000   Number         0  _chval.o ABSOLUTE
    ../clib/scanf.c                          0x00000000   Number         0  scanf_char.o ABSOLUTE
    ../clib/scanf.c                          0x00000000   Number         0  _sgetc.o ABSOLUTE
    ../clib/scanf.c                          0x00000000   Number         0  _scanf.o ABSOLUTE
    ../fplib/microlib/d2f.c                  0x00000000   Number         0  d2f.o ABSOLUTE
    ../fplib/microlib/fpadd.c                0x00000000   Number         0  fadd.o ABSOLUTE
    ../fplib/microlib/fpdiv.c                0x00000000   Number         0  ddiv.o ABSOLUTE
    ../fplib/microlib/fpepilogue.c           0x00000000   Number         0  fepilogue.o ABSOLUTE
    ../fplib/microlib/fpepilogue.c           0x00000000   Number         0  depilogue.o ABSOLUTE
    ../fplib/microlib/fpfix.c                0x00000000   Number         0  ffixi.o ABSOLUTE
    ../fplib/microlib/fpflt.c                0x00000000   Number         0  fflti.o ABSOLUTE
    ../fplib/microlib/fpflt.c                0x00000000   Number         0  dfltul.o ABSOLUTE
    ../fplib/microlib/fpmul.c                0x00000000   Number         0  fmul.o ABSOLUTE
    ../fplib/microlib/fpmul.c                0x00000000   Number         0  dmul.o ABSOLUTE
    dc.s                                     0x00000000   Number         0  dc.o ABSOLUTE
    dl_adc12.c                               0x00000000   Number         0  dl_adc12.o ABSOLUTE
    dl_aes.c                                 0x00000000   Number         0  dl_aes.o ABSOLUTE
    dl_aesadv.c                              0x00000000   Number         0  dl_aesadv.o ABSOLUTE
    dl_common.c                              0x00000000   Number         0  dl_common.o ABSOLUTE
    dl_comp.c                                0x00000000   Number         0  dl_comp.o ABSOLUTE
    dl_crc.c                                 0x00000000   Number         0  dl_crc.o ABSOLUTE
    dl_crcp.c                                0x00000000   Number         0  dl_crcp.o ABSOLUTE
    dl_dac12.c                               0x00000000   Number         0  dl_dac12.o ABSOLUTE
    dl_dma.c                                 0x00000000   Number         0  dl_dma.o ABSOLUTE
    dl_flashctl.c                            0x00000000   Number         0  dl_flashctl.o ABSOLUTE
    dl_gpamp.c                               0x00000000   Number         0  dl_gpamp.o ABSOLUTE
    dl_gpio.c                                0x00000000   Number         0  dl_gpio.o ABSOLUTE
    dl_i2c.c                                 0x00000000   Number         0  dl_i2c.o ABSOLUTE
    dl_iwdt.c                                0x00000000   Number         0  dl_iwdt.o ABSOLUTE
    dl_keystorectl.c                         0x00000000   Number         0  dl_keystorectl.o ABSOLUTE
    dl_lcd.c                                 0x00000000   Number         0  dl_lcd.o ABSOLUTE
    dl_lfss.c                                0x00000000   Number         0  dl_lfss.o ABSOLUTE
    dl_mathacl.c                             0x00000000   Number         0  dl_mathacl.o ABSOLUTE
    dl_mcan.c                                0x00000000   Number         0  dl_mcan.o ABSOLUTE
    dl_opa.c                                 0x00000000   Number         0  dl_opa.o ABSOLUTE
    dl_rtc.c                                 0x00000000   Number         0  dl_rtc.o ABSOLUTE
    dl_rtc_a.c                               0x00000000   Number         0  dl_rtc_a.o ABSOLUTE
    dl_rtc_b.c                               0x00000000   Number         0  dl_rtc_b.o ABSOLUTE
    dl_rtc_common.c                          0x00000000   Number         0  dl_rtc_common.o ABSOLUTE
    dl_scratchpad.c                          0x00000000   Number         0  dl_scratchpad.o ABSOLUTE
    dl_spi.c                                 0x00000000   Number         0  dl_spi.o ABSOLUTE
    dl_sysctl_mspm0g1x0x_g3x0x.c             0x00000000   Number         0  dl_sysctl_mspm0g1x0x_g3x0x.o ABSOLUTE
    dl_tamperio.c                            0x00000000   Number         0  dl_tamperio.o ABSOLUTE
    dl_timer.c                               0x00000000   Number         0  dl_timer.o ABSOLUTE
    dl_timera.c                              0x00000000   Number         0  dl_timera.o ABSOLUTE
    dl_timerg.c                              0x00000000   Number         0  dl_timerg.o ABSOLUTE
    dl_trng.c                                0x00000000   Number         0  dl_trng.o ABSOLUTE
    dl_uart.c                                0x00000000   Number         0  dl_uart.o ABSOLUTE
    dl_vref.c                                0x00000000   Number         0  dl_vref.o ABSOLUTE
    dl_wwdt.c                                0x00000000   Number         0  dl_wwdt.o ABSOLUTE
    handlers.s                               0x00000000   Number         0  handlers.o ABSOLUTE
    init.s                                   0x00000000   Number         0  init.o ABSOLUTE
    main.c                                   0x00000000   Number         0  main.o ABSOLUTE
    motor.c                                  0x00000000   Number         0  motor.o ABSOLUTE
    oled.c                                   0x00000000   Number         0  oled.o ABSOLUTE
    pid.c                                    0x00000000   Number         0  pid.o ABSOLUTE
    rif.c                                    0x00000000   Number         0  rif.o ABSOLUTE
    startup_mspm0g350x_uvision.s             0x00000000   Number         0  startup_mspm0g350x_uvision.o ABSOLUTE
    ti_msp_dl_config.c                       0x00000000   Number         0  ti_msp_dl_config.o ABSOLUTE
    vofa.c                                   0x00000000   Number         0  vofa.o ABSOLUTE
    wit.c                                    0x00000000   Number         0  wit.o ABSOLUTE
    RESET                                    0x00000000   Section      192  startup_mspm0g350x_uvision.o(RESET)
    .ARM.Collect$$$$00000000                 0x000000c0   Section        0  entry.o(.ARM.Collect$$$$00000000)
    .ARM.Collect$$$$00000001                 0x000000c0   Section        4  entry2.o(.ARM.Collect$$$$00000001)
    .ARM.Collect$$$$00000004                 0x000000c4   Section        4  entry5.o(.ARM.Collect$$$$00000004)
    .ARM.Collect$$$$00000008                 0x000000c8   Section        0  entry7b.o(.ARM.Collect$$$$00000008)
    .ARM.Collect$$$$0000000A                 0x000000c8   Section        0  entry8b.o(.ARM.Collect$$$$0000000A)
    .ARM.Collect$$$$0000000B                 0x000000c8   Section        8  entry9a.o(.ARM.Collect$$$$0000000B)
    __lit__00000000                          0x000000d0   Data           4  entry2.o(.ARM.Collect$$$$00002712)
    .ARM.Collect$$$$0000000D                 0x000000d0   Section        0  entry10a.o(.ARM.Collect$$$$0000000D)
    .ARM.Collect$$$$0000000F                 0x000000d0   Section        0  entry11a.o(.ARM.Collect$$$$0000000F)
    .ARM.Collect$$$$00002712                 0x000000d0   Section        4  entry2.o(.ARM.Collect$$$$00002712)
    .text                                    0x000000d4   Section       20  startup_mspm0g350x_uvision.o(.text)
    .text                                    0x000000e8   Section        0  __0sscanf.o(.text)
    .text                                    0x00000124   Section        0  _scanf_int.o(.text)
    _fp_value                                0x00000271   Thumb Code   286  scanf_fp.o(.text)
    .text                                    0x00000270   Section        0  scanf_fp.o(.text)
    .text                                    0x000005e4   Section        0  fadd.o(.text)
    .text                                    0x00000696   Section        0  fmul.o(.text)
    .text                                    0x00000710   Section        0  fflti.o(.text)
    .text                                    0x00000726   Section        0  ffixi.o(.text)
    .text                                    0x00000758   Section        0  llmul.o(.text)
    .text                                    0x00000788   Section        0  _chval.o(.text)
    _scanf_char_input                        0x000007a9   Thumb Code    12  scanf_char.o(.text)
    .text                                    0x000007a8   Section        0  scanf_char.o(.text)
    .text                                    0x000007d4   Section        0  _sgetc.o(.text)
    .text                                    0x00000818   Section        0  iusefp.o(.text)
    .text                                    0x00000818   Section        0  fepilogue.o(.text)
    .text                                    0x0000089c   Section        0  dmul.o(.text)
    .text                                    0x0000096c   Section        0  ddiv.o(.text)
    .text                                    0x00000a5c   Section        0  dfltul.o(.text)
    .text                                    0x00000a78   Section        0  d2f.o(.text)
    .text                                    0x00000ab0   Section       48  init.o(.text)
    .text                                    0x00000ae0   Section        0  isspace_c.o(.text)
    .text                                    0x00000af0   Section        0  _scanf.o(.text)
    .text                                    0x00000e28   Section        0  depilogue.o(.text)
    .text                                    0x00000ee6   Section        0  llshl.o(.text)
    .text                                    0x00000f06   Section        0  llushr.o(.text)
    .text                                    0x00000f28   Section        0  ctype_c.o(.text)
    [Anonymous Symbol]                       0x00000f4c   Section        0  dl_common.o(.text.DL_Common_delayCycles)
    [Anonymous Symbol]                       0x00000f56   Section        0  dl_i2c.o(.text.DL_I2C_setClockConfig)
    [Anonymous Symbol]                       0x00000f7c   Section        0  dl_sysctl_mspm0g1x0x_g3x0x.o(.text.DL_SYSCTL_configSYSPLL)
    __arm_cp.0_0                             0x00001058   Number         4  dl_sysctl_mspm0g1x0x_g3x0x.o(.text.DL_SYSCTL_configSYSPLL)
    __arm_cp.0_2                             0x0000105c   Number         4  dl_sysctl_mspm0g1x0x_g3x0x.o(.text.DL_SYSCTL_configSYSPLL)
    __arm_cp.0_3                             0x00001060   Number         4  dl_sysctl_mspm0g1x0x_g3x0x.o(.text.DL_SYSCTL_configSYSPLL)
    __arm_cp.0_4                             0x00001064   Number         4  dl_sysctl_mspm0g1x0x_g3x0x.o(.text.DL_SYSCTL_configSYSPLL)
    [Anonymous Symbol]                       0x00001068   Section        0  dl_sysctl_mspm0g1x0x_g3x0x.o(.text.DL_SYSCTL_switchMCLKfromSYSOSCtoHSCLK)
    __arm_cp.4_0                             0x000010b0   Number         4  dl_sysctl_mspm0g1x0x_g3x0x.o(.text.DL_SYSCTL_switchMCLKfromSYSOSCtoHSCLK)
    __arm_cp.4_1                             0x000010b4   Number         4  dl_sysctl_mspm0g1x0x_g3x0x.o(.text.DL_SYSCTL_switchMCLKfromSYSOSCtoHSCLK)
    [Anonymous Symbol]                       0x000010b8   Section        0  dl_timer.o(.text.DL_Timer_initFourCCPWMMode)
    __arm_cp.40_1                            0x000011a4   Number         4  dl_timer.o(.text.DL_Timer_initFourCCPWMMode)
    __arm_cp.40_2                            0x000011a8   Number         4  dl_timer.o(.text.DL_Timer_initFourCCPWMMode)
    __arm_cp.40_4                            0x000011ac   Number         4  dl_timer.o(.text.DL_Timer_initFourCCPWMMode)
    __arm_cp.40_5                            0x000011b0   Number         4  dl_timer.o(.text.DL_Timer_initFourCCPWMMode)
    __arm_cp.40_6                            0x000011b4   Number         4  dl_timer.o(.text.DL_Timer_initFourCCPWMMode)
    [Anonymous Symbol]                       0x000011b8   Section        0  dl_timer.o(.text.DL_Timer_initTimerMode)
    __arm_cp.2_0                             0x00001294   Number         4  dl_timer.o(.text.DL_Timer_initTimerMode)
    __arm_cp.2_1                             0x00001298   Number         4  dl_timer.o(.text.DL_Timer_initTimerMode)
    __arm_cp.2_2                             0x0000129c   Number         4  dl_timer.o(.text.DL_Timer_initTimerMode)
    [Anonymous Symbol]                       0x000012a0   Section        0  dl_timer.o(.text.DL_Timer_setCaptCompUpdateMethod)
    __arm_cp.23_0                            0x000012b8   Number         4  dl_timer.o(.text.DL_Timer_setCaptCompUpdateMethod)
    [Anonymous Symbol]                       0x000012bc   Section        0  dl_timer.o(.text.DL_Timer_setCaptureCompareOutCtl)
    __arm_cp.27_0                            0x000012d0   Number         4  dl_timer.o(.text.DL_Timer_setCaptureCompareOutCtl)
    [Anonymous Symbol]                       0x000012d4   Section        0  dl_timer.o(.text.DL_Timer_setCaptureCompareValue)
    __arm_cp.3_0                             0x000012e0   Number         4  dl_timer.o(.text.DL_Timer_setCaptureCompareValue)
    [Anonymous Symbol]                       0x000012e4   Section        0  dl_timer.o(.text.DL_Timer_setClockConfig)
    __arm_cp.0_0                             0x000012fc   Number         4  dl_timer.o(.text.DL_Timer_setClockConfig)
    [Anonymous Symbol]                       0x00001300   Section        0  dl_uart.o(.text.DL_UART_init)
    __arm_cp.0_0                             0x00001340   Number         4  dl_uart.o(.text.DL_UART_init)
    __arm_cp.0_1                             0x00001344   Number         4  dl_uart.o(.text.DL_UART_init)
    [Anonymous Symbol]                       0x00001348   Section        0  dl_uart.o(.text.DL_UART_setClockConfig)
    [Anonymous Symbol]                       0x0000135c   Section        0  dl_uart.o(.text.DL_UART_transmitDataBlocking)
    __arm_cp.7_0                             0x0000137c   Number         4  dl_uart.o(.text.DL_UART_transmitDataBlocking)
    [Anonymous Symbol]                       0x00001380   Section        0  main.o(.text.GROUP1_IRQHandler)
    __arm_cp.3_0                             0x000013b0   Number         4  main.o(.text.GROUP1_IRQHandler)
    __arm_cp.3_1                             0x000013b4   Number         4  main.o(.text.GROUP1_IRQHandler)
    __arm_cp.3_2                             0x000013b8   Number         4  main.o(.text.GROUP1_IRQHandler)
    [Anonymous Symbol]                       0x000013bc   Section        0  ti_msp_dl_config.o(.text.SYSCFG_DL_BLUE_TOOTH_init)
    __arm_cp.9_0                             0x00001428   Number         4  ti_msp_dl_config.o(.text.SYSCFG_DL_BLUE_TOOTH_init)
    __arm_cp.9_1                             0x0000142c   Number         4  ti_msp_dl_config.o(.text.SYSCFG_DL_BLUE_TOOTH_init)
    __arm_cp.9_2                             0x00001430   Number         4  ti_msp_dl_config.o(.text.SYSCFG_DL_BLUE_TOOTH_init)
    __arm_cp.9_3                             0x00001434   Number         4  ti_msp_dl_config.o(.text.SYSCFG_DL_BLUE_TOOTH_init)
    __arm_cp.9_5                             0x00001438   Number         4  ti_msp_dl_config.o(.text.SYSCFG_DL_BLUE_TOOTH_init)
    __arm_cp.9_6                             0x0000143c   Number         4  ti_msp_dl_config.o(.text.SYSCFG_DL_BLUE_TOOTH_init)
    [Anonymous Symbol]                       0x00001440   Section        0  ti_msp_dl_config.o(.text.SYSCFG_DL_GPIO_init)
    __arm_cp.2_0                             0x000014f4   Number         4  ti_msp_dl_config.o(.text.SYSCFG_DL_GPIO_init)
    __arm_cp.2_1                             0x000014f8   Number         4  ti_msp_dl_config.o(.text.SYSCFG_DL_GPIO_init)
    __arm_cp.2_2                             0x000014fc   Number         4  ti_msp_dl_config.o(.text.SYSCFG_DL_GPIO_init)
    __arm_cp.2_3                             0x00001500   Number         4  ti_msp_dl_config.o(.text.SYSCFG_DL_GPIO_init)
    __arm_cp.2_4                             0x00001504   Number         4  ti_msp_dl_config.o(.text.SYSCFG_DL_GPIO_init)
    __arm_cp.2_5                             0x00001508   Number         4  ti_msp_dl_config.o(.text.SYSCFG_DL_GPIO_init)
    __arm_cp.2_6                             0x0000150c   Number         4  ti_msp_dl_config.o(.text.SYSCFG_DL_GPIO_init)
    __arm_cp.2_7                             0x00001510   Number         4  ti_msp_dl_config.o(.text.SYSCFG_DL_GPIO_init)
    __arm_cp.2_8                             0x00001514   Number         4  ti_msp_dl_config.o(.text.SYSCFG_DL_GPIO_init)
    __arm_cp.2_9                             0x00001518   Number         4  ti_msp_dl_config.o(.text.SYSCFG_DL_GPIO_init)
    __arm_cp.2_10                            0x0000151c   Number         4  ti_msp_dl_config.o(.text.SYSCFG_DL_GPIO_init)
    [Anonymous Symbol]                       0x00001520   Section        0  ti_msp_dl_config.o(.text.SYSCFG_DL_Motor_init)
    __arm_cp.4_0                             0x00001594   Number         4  ti_msp_dl_config.o(.text.SYSCFG_DL_Motor_init)
    __arm_cp.4_1                             0x00001598   Number         4  ti_msp_dl_config.o(.text.SYSCFG_DL_Motor_init)
    __arm_cp.4_2                             0x0000159c   Number         4  ti_msp_dl_config.o(.text.SYSCFG_DL_Motor_init)
    __arm_cp.4_3                             0x000015a0   Number         4  ti_msp_dl_config.o(.text.SYSCFG_DL_Motor_init)
    __arm_cp.4_4                             0x000015a4   Number         4  ti_msp_dl_config.o(.text.SYSCFG_DL_Motor_init)
    __arm_cp.4_5                             0x000015a8   Number         4  ti_msp_dl_config.o(.text.SYSCFG_DL_Motor_init)
    [Anonymous Symbol]                       0x000015ac   Section        0  ti_msp_dl_config.o(.text.SYSCFG_DL_OLED_init)
    __arm_cp.6_0                             0x000015f4   Number         4  ti_msp_dl_config.o(.text.SYSCFG_DL_OLED_init)
    __arm_cp.6_1                             0x000015f8   Number         4  ti_msp_dl_config.o(.text.SYSCFG_DL_OLED_init)
    __arm_cp.6_2                             0x000015fc   Number         4  ti_msp_dl_config.o(.text.SYSCFG_DL_OLED_init)
    [Anonymous Symbol]                       0x00001600   Section        0  ti_msp_dl_config.o(.text.SYSCFG_DL_SYSCTL_CLK_init)
    __arm_cp.10_0                            0x00001628   Number         4  ti_msp_dl_config.o(.text.SYSCFG_DL_SYSCTL_CLK_init)
    __arm_cp.10_1                            0x0000162c   Number         4  ti_msp_dl_config.o(.text.SYSCFG_DL_SYSCTL_CLK_init)
    [Anonymous Symbol]                       0x00001630   Section        0  ti_msp_dl_config.o(.text.SYSCFG_DL_SYSCTL_init)
    __arm_cp.3_0                             0x00001690   Number         4  ti_msp_dl_config.o(.text.SYSCFG_DL_SYSCTL_init)
    __arm_cp.3_1                             0x00001694   Number         4  ti_msp_dl_config.o(.text.SYSCFG_DL_SYSCTL_init)
    __arm_cp.3_2                             0x00001698   Number         4  ti_msp_dl_config.o(.text.SYSCFG_DL_SYSCTL_init)
    __arm_cp.3_3                             0x0000169c   Number         4  ti_msp_dl_config.o(.text.SYSCFG_DL_SYSCTL_init)
    [Anonymous Symbol]                       0x000016a0   Section        0  ti_msp_dl_config.o(.text.SYSCFG_DL_TIMER_init)
    __arm_cp.5_0                             0x000016c8   Number         4  ti_msp_dl_config.o(.text.SYSCFG_DL_TIMER_init)
    __arm_cp.5_1                             0x000016cc   Number         4  ti_msp_dl_config.o(.text.SYSCFG_DL_TIMER_init)
    __arm_cp.5_2                             0x000016d0   Number         4  ti_msp_dl_config.o(.text.SYSCFG_DL_TIMER_init)
    __arm_cp.5_3                             0x000016d4   Number         4  ti_msp_dl_config.o(.text.SYSCFG_DL_TIMER_init)
    __arm_cp.5_4                             0x000016d8   Number         4  ti_msp_dl_config.o(.text.SYSCFG_DL_TIMER_init)
    [Anonymous Symbol]                       0x000016dc   Section        0  ti_msp_dl_config.o(.text.SYSCFG_DL_WIT_init)
    __arm_cp.7_0                             0x00001700   Number         4  ti_msp_dl_config.o(.text.SYSCFG_DL_WIT_init)
    __arm_cp.7_1                             0x00001704   Number         4  ti_msp_dl_config.o(.text.SYSCFG_DL_WIT_init)
    __arm_cp.7_2                             0x00001708   Number         4  ti_msp_dl_config.o(.text.SYSCFG_DL_WIT_init)
    [Anonymous Symbol]                       0x0000170c   Section        0  ti_msp_dl_config.o(.text.SYSCFG_DL_WIT_uart_init)
    __arm_cp.8_0                             0x0000175c   Number         4  ti_msp_dl_config.o(.text.SYSCFG_DL_WIT_uart_init)
    __arm_cp.8_1                             0x00001760   Number         4  ti_msp_dl_config.o(.text.SYSCFG_DL_WIT_uart_init)
    __arm_cp.8_2                             0x00001764   Number         4  ti_msp_dl_config.o(.text.SYSCFG_DL_WIT_uart_init)
    __arm_cp.8_3                             0x00001768   Number         4  ti_msp_dl_config.o(.text.SYSCFG_DL_WIT_uart_init)
    __arm_cp.8_4                             0x0000176c   Number         4  ti_msp_dl_config.o(.text.SYSCFG_DL_WIT_uart_init)
    [Anonymous Symbol]                       0x00001770   Section        0  ti_msp_dl_config.o(.text.SYSCFG_DL_init)
    __arm_cp.0_0                             0x000017a4   Number         4  ti_msp_dl_config.o(.text.SYSCFG_DL_init)
    [Anonymous Symbol]                       0x000017a8   Section        0  ti_msp_dl_config.o(.text.SYSCFG_DL_initPower)
    __arm_cp.1_0                             0x000017f0   Number         4  ti_msp_dl_config.o(.text.SYSCFG_DL_initPower)
    __arm_cp.1_1                             0x000017f4   Number         4  ti_msp_dl_config.o(.text.SYSCFG_DL_initPower)
    __arm_cp.1_2                             0x000017f8   Number         4  ti_msp_dl_config.o(.text.SYSCFG_DL_initPower)
    __arm_cp.1_3                             0x000017fc   Number         4  ti_msp_dl_config.o(.text.SYSCFG_DL_initPower)
    __arm_cp.1_4                             0x00001800   Number         4  ti_msp_dl_config.o(.text.SYSCFG_DL_initPower)
    __arm_cp.1_5                             0x00001804   Number         4  ti_msp_dl_config.o(.text.SYSCFG_DL_initPower)
    __arm_cp.1_6                             0x00001808   Number         4  ti_msp_dl_config.o(.text.SYSCFG_DL_initPower)
    __arm_cp.1_7                             0x0000180c   Number         4  ti_msp_dl_config.o(.text.SYSCFG_DL_initPower)
    __arm_cp.1_8                             0x00001810   Number         4  ti_msp_dl_config.o(.text.SYSCFG_DL_initPower)
    __arm_cp.1_9                             0x00001814   Number         4  ti_msp_dl_config.o(.text.SYSCFG_DL_initPower)
    [Anonymous Symbol]                       0x00001818   Section        0  main.o(.text.TIMG0_IRQHandler)
    __arm_cp.4_1                             0x00001850   Number         4  main.o(.text.TIMG0_IRQHandler)
    [Anonymous Symbol]                       0x00001854   Section        0  main.o(.text.UART0_IRQHandler)
    __arm_cp.2_0                             0x00001880   Number         4  main.o(.text.UART0_IRQHandler)
    __arm_cp.2_1                             0x00001884   Number         4  main.o(.text.UART0_IRQHandler)
    [Anonymous Symbol]                       0x00001888   Section        0  main.o(.text.main)
    __arm_cp.1_0                             0x00001928   Number         4  main.o(.text.main)
    __arm_cp.1_1                             0x0000192c   Number         4  main.o(.text.main)
    __arm_cp.1_3                             0x00001930   Number         4  main.o(.text.main)
    __arm_cp.1_5                             0x00001934   Number         4  main.o(.text.main)
    __arm_cp.1_6                             0x00001938   Number         4  main.o(.text.main)
    [Anonymous Symbol]                       0x0000193c   Section        0  motor.o(.text.motor_init)
    __arm_cp.0_1                             0x00001988   Number         4  motor.o(.text.motor_init)
    [Anonymous Symbol]                       0x0000198c   Section        0  motor.o(.text.motor_speed)
    __arm_cp.1_0                             0x000019d0   Number         4  motor.o(.text.motor_speed)
    __arm_cp.1_1                             0x000019d4   Number         4  motor.o(.text.motor_speed)
    [Anonymous Symbol]                       0x000019d8   Section        0  pid.o(.text.pid_run_rif)
    [Anonymous Symbol]                       0x00001a18   Section        0  pid.o(.text.pid_run_speed)
    [Anonymous Symbol]                       0x00001a68   Section        0  vofa.o(.text.vofa_transmitfloat)
    __arm_cp.0_0                             0x00001ac0   Number         4  vofa.o(.text.vofa_transmitfloat)
    i.__ARM_clz                              0x00001ac4   Section        0  depilogue.o(i.__ARM_clz)
    i.__scatterload_copy                     0x00001af8   Section       14  handlers.o(i.__scatterload_copy)
    i.__scatterload_null                     0x00001b08   Section        2  handlers.o(i.__scatterload_null)
    i.__scatterload_zeroinit                 0x00001b10   Section       14  handlers.o(i.__scatterload_zeroinit)
    i._is_digit                              0x00001b1e   Section        0  scanf_fp.o(i._is_digit)
    .constdata                               0x00001b2c   Section       64  ctype_c.o(.constdata)
    gBLUE_TOOTHClockConfig                   0x00001b6c   Data           2  ti_msp_dl_config.o(.rodata.gBLUE_TOOTHClockConfig)
    [Anonymous Symbol]                       0x00001b6c   Section        0  ti_msp_dl_config.o(.rodata.gBLUE_TOOTHClockConfig)
    gBLUE_TOOTHConfig                        0x00001b6e   Data          10  ti_msp_dl_config.o(.rodata.gBLUE_TOOTHConfig)
    [Anonymous Symbol]                       0x00001b6e   Section        0  ti_msp_dl_config.o(.rodata.gBLUE_TOOTHConfig)
    gMotorClockConfig                        0x00001b78   Data           3  ti_msp_dl_config.o(.rodata.gMotorClockConfig)
    [Anonymous Symbol]                       0x00001b78   Section        0  ti_msp_dl_config.o(.rodata.gMotorClockConfig)
    gMotorConfig                             0x00001b7c   Data           8  ti_msp_dl_config.o(.rodata.gMotorConfig)
    [Anonymous Symbol]                       0x00001b7c   Section        0  ti_msp_dl_config.o(.rodata.gMotorConfig)
    gOLEDClockConfig                         0x00001b84   Data           2  ti_msp_dl_config.o(.rodata.gOLEDClockConfig)
    [Anonymous Symbol]                       0x00001b84   Section        0  ti_msp_dl_config.o(.rodata.gOLEDClockConfig)
    gSYSPLLConfig                            0x00001b88   Data          40  ti_msp_dl_config.o(.rodata.gSYSPLLConfig)
    [Anonymous Symbol]                       0x00001b88   Section        0  ti_msp_dl_config.o(.rodata.gSYSPLLConfig)
    gTIMERClockConfig                        0x00001bb0   Data           3  ti_msp_dl_config.o(.rodata.gTIMERClockConfig)
    [Anonymous Symbol]                       0x00001bb0   Section        0  ti_msp_dl_config.o(.rodata.gTIMERClockConfig)
    gTIMERTimerConfig                        0x00001bb4   Data          20  ti_msp_dl_config.o(.rodata.gTIMERTimerConfig)
    [Anonymous Symbol]                       0x00001bb4   Section        0  ti_msp_dl_config.o(.rodata.gTIMERTimerConfig)
    gWITClockConfig                          0x00001bc8   Data           2  ti_msp_dl_config.o(.rodata.gWITClockConfig)
    [Anonymous Symbol]                       0x00001bc8   Section        0  ti_msp_dl_config.o(.rodata.gWITClockConfig)
    gWIT_uartClockConfig                     0x00001bca   Data           2  ti_msp_dl_config.o(.rodata.gWIT_uartClockConfig)
    [Anonymous Symbol]                       0x00001bca   Section        0  ti_msp_dl_config.o(.rodata.gWIT_uartClockConfig)
    gWIT_uartConfig                          0x00001bcc   Data          10  ti_msp_dl_config.o(.rodata.gWIT_uartConfig)
    [Anonymous Symbol]                       0x00001bcc   Section        0  ti_msp_dl_config.o(.rodata.gWIT_uartConfig)
    [Anonymous Symbol]                       0x00001bd6   Section        0  main.o(.rodata.str1.1)
    [Anonymous Symbol]                       0x20200010   Section        0  main.o(.bss..L_MergedGlobals)
    STACK                                    0x20200128   Section      512  startup_mspm0g350x_uvision.o(STACK)

    Global Symbols

    Symbol Name                              Value     Ov Type        Size  Object(Section)

    BuildAttributes$$THM_ISAv3M$S$PE$A:L22$X:L11$S22$IEEE1$IW$~IW$USESV6$~STKCKD$USESV7$~SHL$OTIME$ROPI$EBA8$MICROLIB$REQ8$PRES8$EABIv2 0x00000000   Number         0  anon$$obj.o ABSOLUTE
    __Vectors                                0x00000000   Data           4  startup_mspm0g350x_uvision.o(RESET)
    __cpp_initialize__aeabi_                  - Undefined Weak Reference
    __cxa_finalize                            - Undefined Weak Reference
    __decompress                              - Undefined Weak Reference
    _clock_init                               - Undefined Weak Reference
    _microlib_exit                            - Undefined Weak Reference
    _scanf_longlong                           - Undefined Weak Reference
    _scanf_string                             - Undefined Weak Reference
    __Vectors_End                            0x000000c0   Data           0  startup_mspm0g350x_uvision.o(RESET)
    __Vectors_Size                           0x000000c0   Number         0  startup_mspm0g350x_uvision.o ABSOLUTE
    __main                                   0x000000c1   Thumb Code     0  entry.o(.ARM.Collect$$$$00000000)
    _main_stk                                0x000000c1   Thumb Code     0  entry2.o(.ARM.Collect$$$$00000001)
    _main_scatterload                        0x000000c5   Thumb Code     0  entry5.o(.ARM.Collect$$$$00000004)
    __main_after_scatterload                 0x000000c9   Thumb Code     0  entry5.o(.ARM.Collect$$$$00000004)
    _main_clock                              0x000000c9   Thumb Code     0  entry7b.o(.ARM.Collect$$$$00000008)
    _main_cpp_init                           0x000000c9   Thumb Code     0  entry8b.o(.ARM.Collect$$$$0000000A)
    _main_init                               0x000000c9   Thumb Code     0  entry9a.o(.ARM.Collect$$$$0000000B)
    __rt_final_cpp                           0x000000d1   Thumb Code     0  entry10a.o(.ARM.Collect$$$$0000000D)
    __rt_final_exit                          0x000000d1   Thumb Code     0  entry11a.o(.ARM.Collect$$$$0000000F)
    Reset_Handler                            0x000000d5   Thumb Code     4  startup_mspm0g350x_uvision.o(.text)
    NMI_Handler                              0x000000d9   Thumb Code     2  startup_mspm0g350x_uvision.o(.text)
    HardFault_Handler                        0x000000db   Thumb Code     2  startup_mspm0g350x_uvision.o(.text)
    SVC_Handler                              0x000000dd   Thumb Code     2  startup_mspm0g350x_uvision.o(.text)
    PendSV_Handler                           0x000000df   Thumb Code     2  startup_mspm0g350x_uvision.o(.text)
    SysTick_Handler                          0x000000e1   Thumb Code     2  startup_mspm0g350x_uvision.o(.text)
    ADC0_IRQHandler                          0x000000e3   Thumb Code     0  startup_mspm0g350x_uvision.o(.text)
    ADC1_IRQHandler                          0x000000e3   Thumb Code     0  startup_mspm0g350x_uvision.o(.text)
    AES_IRQHandler                           0x000000e3   Thumb Code     0  startup_mspm0g350x_uvision.o(.text)
    CANFD0_IRQHandler                        0x000000e3   Thumb Code     0  startup_mspm0g350x_uvision.o(.text)
    DAC0_IRQHandler                          0x000000e3   Thumb Code     0  startup_mspm0g350x_uvision.o(.text)
    DMA_IRQHandler                           0x000000e3   Thumb Code     0  startup_mspm0g350x_uvision.o(.text)
    Default_Handler                          0x000000e3   Thumb Code     2  startup_mspm0g350x_uvision.o(.text)
    GROUP0_IRQHandler                        0x000000e3   Thumb Code     0  startup_mspm0g350x_uvision.o(.text)
    I2C0_IRQHandler                          0x000000e3   Thumb Code     0  startup_mspm0g350x_uvision.o(.text)
    I2C1_IRQHandler                          0x000000e3   Thumb Code     0  startup_mspm0g350x_uvision.o(.text)
    RTC_IRQHandler                           0x000000e3   Thumb Code     0  startup_mspm0g350x_uvision.o(.text)
    SPI0_IRQHandler                          0x000000e3   Thumb Code     0  startup_mspm0g350x_uvision.o(.text)
    SPI1_IRQHandler                          0x000000e3   Thumb Code     0  startup_mspm0g350x_uvision.o(.text)
    TIMA0_IRQHandler                         0x000000e3   Thumb Code     0  startup_mspm0g350x_uvision.o(.text)
    TIMA1_IRQHandler                         0x000000e3   Thumb Code     0  startup_mspm0g350x_uvision.o(.text)
    TIMG12_IRQHandler                        0x000000e3   Thumb Code     0  startup_mspm0g350x_uvision.o(.text)
    TIMG6_IRQHandler                         0x000000e3   Thumb Code     0  startup_mspm0g350x_uvision.o(.text)
    TIMG7_IRQHandler                         0x000000e3   Thumb Code     0  startup_mspm0g350x_uvision.o(.text)
    TIMG8_IRQHandler                         0x000000e3   Thumb Code     0  startup_mspm0g350x_uvision.o(.text)
    UART1_IRQHandler                         0x000000e3   Thumb Code     0  startup_mspm0g350x_uvision.o(.text)
    UART2_IRQHandler                         0x000000e3   Thumb Code     0  startup_mspm0g350x_uvision.o(.text)
    UART3_IRQHandler                         0x000000e3   Thumb Code     0  startup_mspm0g350x_uvision.o(.text)
    __0sscanf                                0x000000e9   Thumb Code    50  __0sscanf.o(.text)
    _scanf_int                               0x00000125   Thumb Code   330  _scanf_int.o(.text)
    _scanf_real                              0x0000038f   Thumb Code     0  scanf_fp.o(.text)
    _scanf_really_real                       0x0000038f   Thumb Code   584  scanf_fp.o(.text)
    __aeabi_fadd                             0x000005e5   Thumb Code   162  fadd.o(.text)
    __aeabi_fsub                             0x00000687   Thumb Code     8  fadd.o(.text)
    __aeabi_frsub                            0x0000068f   Thumb Code     8  fadd.o(.text)
    __aeabi_fmul                             0x00000697   Thumb Code   122  fmul.o(.text)
    __aeabi_i2f                              0x00000711   Thumb Code    22  fflti.o(.text)
    __aeabi_f2iz                             0x00000727   Thumb Code    50  ffixi.o(.text)
    __aeabi_lmul                             0x00000759   Thumb Code    48  llmul.o(.text)
    _ll_mul                                  0x00000759   Thumb Code     0  llmul.o(.text)
    _chval                                   0x00000789   Thumb Code    30  _chval.o(.text)
    __vfscanf_char                           0x000007b5   Thumb Code    24  scanf_char.o(.text)
    _sgetc                                   0x000007d5   Thumb Code    32  _sgetc.o(.text)
    _sbackspace                              0x000007f5   Thumb Code    36  _sgetc.o(.text)
    __I$use$fp                               0x00000819   Thumb Code     0  iusefp.o(.text)
    _float_round                             0x00000819   Thumb Code    16  fepilogue.o(.text)
    _float_epilogue                          0x00000829   Thumb Code   114  fepilogue.o(.text)
    __aeabi_dmul                             0x0000089d   Thumb Code   202  dmul.o(.text)
    __aeabi_ddiv                             0x0000096d   Thumb Code   234  ddiv.o(.text)
    __aeabi_ul2d                             0x00000a5d   Thumb Code    22  dfltul.o(.text)
    __aeabi_d2f                              0x00000a79   Thumb Code    56  d2f.o(.text)
    __scatterload                            0x00000ab1   Thumb Code    38  init.o(.text)
    __scatterload_rt2                        0x00000ab1   Thumb Code     0  init.o(.text)
    isspace                                  0x00000ae1   Thumb Code    14  isspace_c.o(.text)
    __vfscanf                                0x00000af1   Thumb Code   812  _scanf.o(.text)
    _double_round                            0x00000e29   Thumb Code    26  depilogue.o(.text)
    _double_epilogue                         0x00000e43   Thumb Code   164  depilogue.o(.text)
    __aeabi_llsl                             0x00000ee7   Thumb Code    32  llshl.o(.text)
    _ll_shift_l                              0x00000ee7   Thumb Code     0  llshl.o(.text)
    __aeabi_llsr                             0x00000f07   Thumb Code    34  llushr.o(.text)
    _ll_ushift_r                             0x00000f07   Thumb Code     0  llushr.o(.text)
    __ctype_lookup                           0x00000f29   Thumb Code    32  ctype_c.o(.text)
    DL_Common_delayCycles                    0x00000f4d   Thumb Code    10  dl_common.o(.text.DL_Common_delayCycles)
    DL_I2C_setClockConfig                    0x00000f57   Thumb Code    38  dl_i2c.o(.text.DL_I2C_setClockConfig)
    DL_SYSCTL_configSYSPLL                   0x00000f7d   Thumb Code   220  dl_sysctl_mspm0g1x0x_g3x0x.o(.text.DL_SYSCTL_configSYSPLL)
    DL_SYSCTL_switchMCLKfromSYSOSCtoHSCLK    0x00001069   Thumb Code    72  dl_sysctl_mspm0g1x0x_g3x0x.o(.text.DL_SYSCTL_switchMCLKfromSYSOSCtoHSCLK)
    DL_Timer_initFourCCPWMMode               0x000010b9   Thumb Code   236  dl_timer.o(.text.DL_Timer_initFourCCPWMMode)
    DL_Timer_initTimerMode                   0x000011b9   Thumb Code   220  dl_timer.o(.text.DL_Timer_initTimerMode)
    DL_Timer_setCaptCompUpdateMethod         0x000012a1   Thumb Code    24  dl_timer.o(.text.DL_Timer_setCaptCompUpdateMethod)
    DL_Timer_setCaptureCompareOutCtl         0x000012bd   Thumb Code    20  dl_timer.o(.text.DL_Timer_setCaptureCompareOutCtl)
    DL_Timer_setCaptureCompareValue          0x000012d5   Thumb Code    12  dl_timer.o(.text.DL_Timer_setCaptureCompareValue)
    DL_Timer_setClockConfig                  0x000012e5   Thumb Code    24  dl_timer.o(.text.DL_Timer_setClockConfig)
    DL_UART_init                             0x00001301   Thumb Code    64  dl_uart.o(.text.DL_UART_init)
    DL_UART_setClockConfig                   0x00001349   Thumb Code    18  dl_uart.o(.text.DL_UART_setClockConfig)
    DL_UART_transmitDataBlocking             0x0000135d   Thumb Code    32  dl_uart.o(.text.DL_UART_transmitDataBlocking)
    GROUP1_IRQHandler                        0x00001381   Thumb Code    48  main.o(.text.GROUP1_IRQHandler)
    SYSCFG_DL_BLUE_TOOTH_init                0x000013bd   Thumb Code   108  ti_msp_dl_config.o(.text.SYSCFG_DL_BLUE_TOOTH_init)
    SYSCFG_DL_GPIO_init                      0x00001441   Thumb Code   180  ti_msp_dl_config.o(.text.SYSCFG_DL_GPIO_init)
    SYSCFG_DL_Motor_init                     0x00001521   Thumb Code   116  ti_msp_dl_config.o(.text.SYSCFG_DL_Motor_init)
    SYSCFG_DL_OLED_init                      0x000015ad   Thumb Code    72  ti_msp_dl_config.o(.text.SYSCFG_DL_OLED_init)
    SYSCFG_DL_SYSCTL_CLK_init                0x00001601   Thumb Code    40  ti_msp_dl_config.o(.text.SYSCFG_DL_SYSCTL_CLK_init)
    SYSCFG_DL_SYSCTL_init                    0x00001631   Thumb Code    96  ti_msp_dl_config.o(.text.SYSCFG_DL_SYSCTL_init)
    SYSCFG_DL_TIMER_init                     0x000016a1   Thumb Code    40  ti_msp_dl_config.o(.text.SYSCFG_DL_TIMER_init)
    SYSCFG_DL_WIT_init                       0x000016dd   Thumb Code    36  ti_msp_dl_config.o(.text.SYSCFG_DL_WIT_init)
    SYSCFG_DL_WIT_uart_init                  0x0000170d   Thumb Code    80  ti_msp_dl_config.o(.text.SYSCFG_DL_WIT_uart_init)
    SYSCFG_DL_init                           0x00001771   Thumb Code    52  ti_msp_dl_config.o(.text.SYSCFG_DL_init)
    SYSCFG_DL_initPower                      0x000017a9   Thumb Code    72  ti_msp_dl_config.o(.text.SYSCFG_DL_initPower)
    TIMG0_IRQHandler                         0x00001819   Thumb Code    56  main.o(.text.TIMG0_IRQHandler)
    UART0_IRQHandler                         0x00001855   Thumb Code    44  main.o(.text.UART0_IRQHandler)
    main                                     0x00001889   Thumb Code   160  main.o(.text.main)
    motor_init                               0x0000193d   Thumb Code    76  motor.o(.text.motor_init)
    motor_speed                              0x0000198d   Thumb Code    68  motor.o(.text.motor_speed)
    pid_run_rif                              0x000019d9   Thumb Code    64  pid.o(.text.pid_run_rif)
    pid_run_speed                            0x00001a19   Thumb Code    80  pid.o(.text.pid_run_speed)
    vofa_transmitfloat                       0x00001a69   Thumb Code    88  vofa.o(.text.vofa_transmitfloat)
    __ARM_clz                                0x00001ac5   Thumb Code    46  depilogue.o(i.__ARM_clz)
    __scatterload_copy                       0x00001af9   Thumb Code    14  handlers.o(i.__scatterload_copy)
    __scatterload_null                       0x00001b09   Thumb Code     2  handlers.o(i.__scatterload_null)
    __scatterload_zeroinit                   0x00001b11   Thumb Code    14  handlers.o(i.__scatterload_zeroinit)
    _is_digit                                0x00001b1f   Thumb Code    14  scanf_fp.o(i._is_digit)
    __ctype_categories                       0x00001b2c   Data          64  ctype_c.o(.constdata)
    Region$$Table$$Base                      0x00001bdc   Number         0  anon$$obj.o(Region$$Table)
    Region$$Table$$Limit                     0x00001bfc   Number         0  anon$$obj.o(Region$$Table)
    rif                                      0x20200000   Data          16  main.o(.data.rif)
    bluetooth                                0x20200010   Data          16  main.o(.bss..L_MergedGlobals)
    rx                                       0x20200020   Data          22  main.o(.bss..L_MergedGlobals)
    speed                                    0x20200038   Data          48  main.o(.bss..L_MergedGlobals)
    gMotorBackup                             0x20200068   Data         188  ti_msp_dl_config.o(.bss.gMotorBackup)
    __initial_sp                             0x20200328   Data           0  startup_mspm0g350x_uvision.o(STACK)



==============================================================================

Memory Map of the image

  Image Entry point : 0x000000c1

  Load Region LR_IROM1 (Base: 0x00000000, Size: 0x00001c10, Max: 0x00020000, ABSOLUTE)

    Execution Region ER_IROM1 (Exec base: 0x00000000, Load base: 0x00000000, Size: 0x00001bfc, Max: 0x00020000, ABSOLUTE)

    Exec Addr    Load Addr    Size         Type   Attr      Idx    E Section Name        Object

    0x00000000   0x00000000   0x000000c0   Data   RO            3    RESET               startup_mspm0g350x_uvision.o
    0x000000c0   0x000000c0   0x00000000   Code   RO          932  * .ARM.Collect$$$$00000000  mc_p.l(entry.o)
    0x000000c0   0x000000c0   0x00000004   Code   RO          957    .ARM.Collect$$$$00000001  mc_p.l(entry2.o)
    0x000000c4   0x000000c4   0x00000004   Code   RO          960    .ARM.Collect$$$$00000004  mc_p.l(entry5.o)
    0x000000c8   0x000000c8   0x00000000   Code   RO          962    .ARM.Collect$$$$00000008  mc_p.l(entry7b.o)
    0x000000c8   0x000000c8   0x00000000   Code   RO          964    .ARM.Collect$$$$0000000A  mc_p.l(entry8b.o)
    0x000000c8   0x000000c8   0x00000008   Code   RO          965    .ARM.Collect$$$$0000000B  mc_p.l(entry9a.o)
    0x000000d0   0x000000d0   0x00000000   Code   RO          967    .ARM.Collect$$$$0000000D  mc_p.l(entry10a.o)
    0x000000d0   0x000000d0   0x00000000   Code   RO          969    .ARM.Collect$$$$0000000F  mc_p.l(entry11a.o)
    0x000000d0   0x000000d0   0x00000004   Code   RO          958    .ARM.Collect$$$$00002712  mc_p.l(entry2.o)
    0x000000d4   0x000000d4   0x00000014   Code   RO            4    .text               startup_mspm0g350x_uvision.o
    0x000000e8   0x000000e8   0x0000003c   Code   RO          941    .text               mc_p.l(__0sscanf.o)
    0x00000124   0x00000124   0x0000014a   Code   RO          943    .text               mc_p.l(_scanf_int.o)
    0x0000026e   0x0000026e   0x00000002   PAD
    0x00000270   0x00000270   0x00000374   Code   RO          945    .text               mc_p.l(scanf_fp.o)
    0x000005e4   0x000005e4   0x000000b2   Code   RO          949    .text               mf_p.l(fadd.o)
    0x00000696   0x00000696   0x0000007a   Code   RO          951    .text               mf_p.l(fmul.o)
    0x00000710   0x00000710   0x00000016   Code   RO          953    .text               mf_p.l(fflti.o)
    0x00000726   0x00000726   0x00000032   Code   RO          955    .text               mf_p.l(ffixi.o)
    0x00000758   0x00000758   0x00000030   Code   RO          981    .text               mc_p.l(llmul.o)
    0x00000788   0x00000788   0x0000001e   Code   RO          983    .text               mc_p.l(_chval.o)
    0x000007a6   0x000007a6   0x00000002   PAD
    0x000007a8   0x000007a8   0x0000002c   Code   RO          985    .text               mc_p.l(scanf_char.o)
    0x000007d4   0x000007d4   0x00000044   Code   RO          987    .text               mc_p.l(_sgetc.o)
    0x00000818   0x00000818   0x00000000   Code   RO          989    .text               mc_p.l(iusefp.o)
    0x00000818   0x00000818   0x00000082   Code   RO          990    .text               mf_p.l(fepilogue.o)
    0x0000089a   0x0000089a   0x00000002   PAD
    0x0000089c   0x0000089c   0x000000d0   Code   RO          992    .text               mf_p.l(dmul.o)
    0x0000096c   0x0000096c   0x000000f0   Code   RO          994    .text               mf_p.l(ddiv.o)
    0x00000a5c   0x00000a5c   0x0000001c   Code   RO          996    .text               mf_p.l(dfltul.o)
    0x00000a78   0x00000a78   0x00000038   Code   RO          998    .text               mf_p.l(d2f.o)
    0x00000ab0   0x00000ab0   0x00000030   Code   RO         1000    .text               mc_p.l(init.o)
    0x00000ae0   0x00000ae0   0x0000000e   Code   RO         1002    .text               mc_p.l(isspace_c.o)
    0x00000aee   0x00000aee   0x00000002   PAD
    0x00000af0   0x00000af0   0x00000338   Code   RO         1004    .text               mc_p.l(_scanf.o)
    0x00000e28   0x00000e28   0x000000be   Code   RO         1006    .text               mf_p.l(depilogue.o)
    0x00000ee6   0x00000ee6   0x00000020   Code   RO         1010    .text               mc_p.l(llshl.o)
    0x00000f06   0x00000f06   0x00000022   Code   RO         1012    .text               mc_p.l(llushr.o)
    0x00000f28   0x00000f28   0x00000024   Code   RO         1014    .text               mc_p.l(ctype_c.o)
    0x00000f4c   0x00000f4c   0x0000000a   Code   RO          160    .text.DL_Common_delayCycles  dl_common.o
    0x00000f56   0x00000f56   0x00000026   Code   RO          379    .text.DL_I2C_setClockConfig  dl_i2c.o
    0x00000f7c   0x00000f7c   0x000000ec   Code   RO           79    .text.DL_SYSCTL_configSYSPLL  dl_sysctl_mspm0g1x0x_g3x0x.o
    0x00001068   0x00001068   0x00000050   Code   RO           87    .text.DL_SYSCTL_switchMCLKfromSYSOSCtoHSCLK  dl_sysctl_mspm0g1x0x_g3x0x.o
    0x000010b8   0x000010b8   0x00000100   Code   RO          763    .text.DL_Timer_initFourCCPWMMode  dl_timer.o
    0x000011b8   0x000011b8   0x000000e8   Code   RO          687    .text.DL_Timer_initTimerMode  dl_timer.o
    0x000012a0   0x000012a0   0x0000001c   Code   RO          729    .text.DL_Timer_setCaptCompUpdateMethod  dl_timer.o
    0x000012bc   0x000012bc   0x00000018   Code   RO          737    .text.DL_Timer_setCaptureCompareOutCtl  dl_timer.o
    0x000012d4   0x000012d4   0x00000010   Code   RO          689    .text.DL_Timer_setCaptureCompareValue  dl_timer.o
    0x000012e4   0x000012e4   0x0000001c   Code   RO          683    .text.DL_Timer_setClockConfig  dl_timer.o
    0x00001300   0x00001300   0x00000048   Code   RO          798    .text.DL_UART_init  dl_uart.o
    0x00001348   0x00001348   0x00000012   Code   RO          800    .text.DL_UART_setClockConfig  dl_uart.o
    0x0000135a   0x0000135a   0x00000002   PAD
    0x0000135c   0x0000135c   0x00000024   Code   RO          812    .text.DL_UART_transmitDataBlocking  dl_uart.o
    0x00001380   0x00001380   0x0000003c   Code   RO           17    .text.GROUP1_IRQHandler  main.o
    0x000013bc   0x000013bc   0x00000084   Code   RO           51    .text.SYSCFG_DL_BLUE_TOOTH_init  ti_msp_dl_config.o
    0x00001440   0x00001440   0x000000e0   Code   RO           37    .text.SYSCFG_DL_GPIO_init  ti_msp_dl_config.o
    0x00001520   0x00001520   0x0000008c   Code   RO           41    .text.SYSCFG_DL_Motor_init  ti_msp_dl_config.o
    0x000015ac   0x000015ac   0x00000054   Code   RO           45    .text.SYSCFG_DL_OLED_init  ti_msp_dl_config.o
    0x00001600   0x00001600   0x00000030   Code   RO           53    .text.SYSCFG_DL_SYSCTL_CLK_init  ti_msp_dl_config.o
    0x00001630   0x00001630   0x00000070   Code   RO           39    .text.SYSCFG_DL_SYSCTL_init  ti_msp_dl_config.o
    0x000016a0   0x000016a0   0x0000003c   Code   RO           43    .text.SYSCFG_DL_TIMER_init  ti_msp_dl_config.o
    0x000016dc   0x000016dc   0x00000030   Code   RO           47    .text.SYSCFG_DL_WIT_init  ti_msp_dl_config.o
    0x0000170c   0x0000170c   0x00000064   Code   RO           49    .text.SYSCFG_DL_WIT_uart_init  ti_msp_dl_config.o
    0x00001770   0x00001770   0x00000038   Code   RO           33    .text.SYSCFG_DL_init  ti_msp_dl_config.o
    0x000017a8   0x000017a8   0x00000070   Code   RO           35    .text.SYSCFG_DL_initPower  ti_msp_dl_config.o
    0x00001818   0x00001818   0x0000003c   Code   RO           19    .text.TIMG0_IRQHandler  main.o
    0x00001854   0x00001854   0x00000034   Code   RO           15    .text.UART0_IRQHandler  main.o
    0x00001888   0x00001888   0x000000b4   Code   RO           13    .text.main          main.o
    0x0000193c   0x0000193c   0x00000050   Code   RO          896    .text.motor_init    motor.o
    0x0000198c   0x0000198c   0x0000004c   Code   RO          898    .text.motor_speed   motor.o
    0x000019d8   0x000019d8   0x00000040   Code   RO          910    .text.pid_run_rif   pid.o
    0x00001a18   0x00001a18   0x00000050   Code   RO          908    .text.pid_run_speed  pid.o
    0x00001a68   0x00001a68   0x0000005c   Code   RO          887    .text.vofa_transmitfloat  vofa.o
    0x00001ac4   0x00001ac4   0x0000002e   Code   RO         1008    i.__ARM_clz         mf_p.l(depilogue.o)
    0x00001af2   0x00001af2   0x00000006   PAD
    0x00001af8   0x00001af8   0x0000000e   Code   RO         1019    i.__scatterload_copy  mc_p.l(handlers.o)
    0x00001b06   0x00001b06   0x00000002   PAD
    0x00001b08   0x00001b08   0x00000002   Code   RO         1020    i.__scatterload_null  mc_p.l(handlers.o)
    0x00001b0a   0x00001b0a   0x00000006   PAD
    0x00001b10   0x00001b10   0x0000000e   Code   RO         1021    i.__scatterload_zeroinit  mc_p.l(handlers.o)
    0x00001b1e   0x00001b1e   0x0000000e   Code   RO          947    i._is_digit         mc_p.l(scanf_fp.o)
    0x00001b2c   0x00001b2c   0x00000040   Data   RO         1015    .constdata          mc_p.l(ctype_c.o)
    0x00001b6c   0x00001b6c   0x00000002   Data   RO           69    .rodata.gBLUE_TOOTHClockConfig  ti_msp_dl_config.o
    0x00001b6e   0x00001b6e   0x0000000a   Data   RO           70    .rodata.gBLUE_TOOTHConfig  ti_msp_dl_config.o
    0x00001b78   0x00001b78   0x00000003   Data   RO           61    .rodata.gMotorClockConfig  ti_msp_dl_config.o
    0x00001b7b   0x00001b7b   0x00000001   PAD
    0x00001b7c   0x00001b7c   0x00000008   Data   RO           62    .rodata.gMotorConfig  ti_msp_dl_config.o
    0x00001b84   0x00001b84   0x00000002   Data   RO           65    .rodata.gOLEDClockConfig  ti_msp_dl_config.o
    0x00001b86   0x00001b86   0x00000002   PAD
    0x00001b88   0x00001b88   0x00000028   Data   RO           60    .rodata.gSYSPLLConfig  ti_msp_dl_config.o
    0x00001bb0   0x00001bb0   0x00000003   Data   RO           63    .rodata.gTIMERClockConfig  ti_msp_dl_config.o
    0x00001bb3   0x00001bb3   0x00000001   PAD
    0x00001bb4   0x00001bb4   0x00000014   Data   RO           64    .rodata.gTIMERTimerConfig  ti_msp_dl_config.o
    0x00001bc8   0x00001bc8   0x00000002   Data   RO           66    .rodata.gWITClockConfig  ti_msp_dl_config.o
    0x00001bca   0x00001bca   0x00000002   Data   RO           67    .rodata.gWIT_uartClockConfig  ti_msp_dl_config.o
    0x00001bcc   0x00001bcc   0x0000000a   Data   RO           68    .rodata.gWIT_uartConfig  ti_msp_dl_config.o
    0x00001bd6   0x00001bd6   0x00000006   Data   RO           22    .rodata.str1.1      main.o
    0x00001bdc   0x00001bdc   0x00000020   Data   RO         1018    Region$$Table       anon$$obj.o


    Execution Region RW_IRAM2 (Exec base: 0x20200000, Load base: 0x00001c00, Size: 0x00000328, Max: 0x00008000, ABSOLUTE)

    Exec Addr    Load Addr    Size         Type   Attr      Idx    E Section Name        Object

    0x20200000   0x00001c00   0x00000010   Data   RW           21    .data.rif           main.o
    0x20200010        -       0x00000058   Zero   RW           24    .bss..L_MergedGlobals  main.o
    0x20200068        -       0x000000bc   Zero   RW           59    .bss.gMotorBackup   ti_msp_dl_config.o
    0x20200124   0x00001c10   0x00000004   PAD
    0x20200128        -       0x00000200   Zero   RW            1    STACK               startup_mspm0g350x_uvision.o



  Load Region LR_BCR (Base: 0x41c00000, Size: 0x00000000, Max: 0x00000100, ABSOLUTE)

    Execution Region BCR_CONFIG (Exec base: 0x41c00000, Load base: 0x41c00000, Size: 0x00000000, Max: 0x000000ff, ABSOLUTE)

    **** No section assigned to this execution region ****



  Load Region LR_BSL (Base: 0x41c00100, Size: 0x00000000, Max: 0x00000100, ABSOLUTE)

    Execution Region BSL_CONFIG (Exec base: 0x41c00100, Load base: 0x41c00100, Size: 0x00000000, Max: 0x00000080, ABSOLUTE)

    **** No section assigned to this execution region ****


==============================================================================

Image component sizes


      Code (inc. data)   RO Data    RW Data    ZI Data      Debug   Object Name

        10          0          0          0          0        643   dl_common.o
        38          0          0          0          0       9719   dl_i2c.o
       316         24          0          0          0      13523   dl_sysctl_mspm0g1x0x_g3x0x.o
       584        188          0          0          0      38020   dl_timer.o
       126         12          0          0          0      14713   dl_uart.o
       352         44          6         16         88      11079   main.o
       156         12          0          0          0       6385   motor.o
       144          0          0          0          0       1528   pid.o
        20          4        192          0        512        600   startup_mspm0g350x_uvision.o
      1116        224        102          0        188      32311   ti_msp_dl_config.o
        92          4          0          0          0       3028   vofa.o

    ----------------------------------------------------------------------
      2956        512        336         16        792     131549   Object Totals
         0          0         32          0          0          0   (incl. Generated)
         2          0          4          0          4          0   (incl. Padding)

    ----------------------------------------------------------------------

      Code (inc. data)   RO Data    RW Data    ZI Data      Debug   Library Member Name

        60         10          0          0          0         84   __0sscanf.o
        30          0          0          0          0         60   _chval.o
       824         12          0          0          0         84   _scanf.o
       330          0          0          0          0         84   _scanf_int.o
        68          0          0          0          0         76   _sgetc.o
        36          4         64          0          0         60   ctype_c.o
         0          0          0          0          0          0   entry.o
         0          0          0          0          0          0   entry10a.o
         0          0          0          0          0          0   entry11a.o
         8          4          0          0          0          0   entry2.o
         4          0          0          0          0          0   entry5.o
         0          0          0          0          0          0   entry7b.o
         0          0          0          0          0          0   entry8b.o
         8          4          0          0          0          0   entry9a.o
        30          0          0          0          0          0   handlers.o
        48         10          0          0          0         68   init.o
        14          0          0          0          0         68   isspace_c.o
         0          0          0          0          0          0   iusefp.o
        48          0          0          0          0         72   llmul.o
        32          0          0          0          0         68   llshl.o
        34          0          0          0          0         68   llushr.o
        44          8          0          0          0         84   scanf_char.o
       898         14          0          0          0        184   scanf_fp.o
        56          0          0          0          0         68   d2f.o
       240          6          0          0          0         84   ddiv.o
       236          0          0          0          0        216   depilogue.o
        28          6          0          0          0         68   dfltul.o
       208          6          0          0          0         88   dmul.o
       178          0          0          0          0        108   fadd.o
       130          0          0          0          0        144   fepilogue.o
        50          0          0          0          0         60   ffixi.o
        22          0          0          0          0         68   fflti.o
       122          0          0          0          0         72   fmul.o

    ----------------------------------------------------------------------
      3808         84         64          0          0       2036   Library Totals
        22          0          0          0          0          0   (incl. Padding)

    ----------------------------------------------------------------------

      Code (inc. data)   RO Data    RW Data    ZI Data      Debug   Library Name

      2516         66         64          0          0       1060   mc_p.l
      1270         18          0          0          0        976   mf_p.l

    ----------------------------------------------------------------------
      3808         84         64          0          0       2036   Library Totals

    ----------------------------------------------------------------------

==============================================================================


      Code (inc. data)   RO Data    RW Data    ZI Data      Debug   

      6764        596        400         16        792     132545   Grand Totals
      6764        596        400         16        792     132545   ELF Image Totals
      6764        596        400         16          0          0   ROM Totals

==============================================================================

    Total RO  Size (Code + RO Data)                 7164 (   7.00kB)
    Total RW  Size (RW Data + ZI Data)               808 (   0.79kB)
    Total ROM Size (Code + RO Data + RW Data)       7180 (   7.01kB)

==============================================================================

