Component: Arm Compiler for Embedded 6.21 Tool: armlink [5ec1fa00]

==============================================================================

Section Cross References

    startup_mspm0g350x_uvision.o(STACK) refers (Special) to heapauxi.o(.text) for __use_two_region_memory
    startup_mspm0g350x_uvision.o(HEAP) refers (Special) to heapauxi.o(.text) for __use_two_region_memory
    startup_mspm0g350x_uvision.o(RESET) refers (Special) to heapauxi.o(.text) for __use_two_region_memory
    startup_mspm0g350x_uvision.o(RESET) refers to startup_mspm0g350x_uvision.o(STACK) for __initial_sp
    startup_mspm0g350x_uvision.o(RESET) refers to startup_mspm0g350x_uvision.o(.text) for Reset_Handler
    startup_mspm0g350x_uvision.o(RESET) refers to main.o(.text.UART0_IRQHandler) for UART0_IRQHandler
    startup_mspm0g350x_uvision.o(.text) refers (Special) to heapauxi.o(.text) for __use_two_region_memory
    startup_mspm0g350x_uvision.o(.text) refers to __main.o(!!!main) for __main
    startup_mspm0g350x_uvision.o(.text) refers to startup_mspm0g350x_uvision.o(HEAP) for Heap_Mem
    startup_mspm0g350x_uvision.o(.text) refers to startup_mspm0g350x_uvision.o(STACK) for Stack_Mem
    main.o(.text.main) refers to ti_msp_dl_config.o(.text.SYSCFG_DL_init) for SYSCFG_DL_init
    main.o(.text.main) refers to oled.o(.text.OLED_Init) for OLED_Init
    main.o(.text.main) refers to oled.o(.text.OLED_ShowString) for OLED_ShowString
    main.o(.text.main) refers to vofa.o(.text.vofa_set) for vofa_set
    main.o(.text.main) refers to dl_common.o(.text.DL_Common_delayCycles) for DL_Common_delayCycles
    main.o(.text.main) refers to vofa.o(.text.vofa_printf) for vofa_printf
    main.o(.text.main) refers to dl_uart.o(.text.DL_UART_transmitDataBlocking) for DL_UART_transmitDataBlocking
    main.o(.text.main) refers to main.o(.text.uart_transmit) for uart_transmit
    main.o(.text.main) refers to main.o(.bss.rx) for rx
    main.o(.ARM.exidx.text.main) refers to main.o(.text.main) for [Anonymous Symbol]
    main.o(.text.uart_transmit) refers to dl_uart.o(.text.DL_UART_transmitDataBlocking) for DL_UART_transmitDataBlocking
    main.o(.ARM.exidx.text.uart_transmit) refers to main.o(.text.uart_transmit) for [Anonymous Symbol]
    main.o(.text.UART0_IRQHandler) refers to main.o(.bss.rx) for rx
    main.o(.ARM.exidx.text.UART0_IRQHandler) refers to main.o(.text.UART0_IRQHandler) for [Anonymous Symbol]
    ti_msp_dl_config.o(.text.SYSCFG_DL_init) refers to ti_msp_dl_config.o(.text.SYSCFG_DL_initPower) for SYSCFG_DL_initPower
    ti_msp_dl_config.o(.text.SYSCFG_DL_init) refers to ti_msp_dl_config.o(.text.SYSCFG_DL_GPIO_init) for SYSCFG_DL_GPIO_init
    ti_msp_dl_config.o(.text.SYSCFG_DL_init) refers to ti_msp_dl_config.o(.text.SYSCFG_DL_SYSCTL_init) for SYSCFG_DL_SYSCTL_init
    ti_msp_dl_config.o(.text.SYSCFG_DL_init) refers to ti_msp_dl_config.o(.text.SYSCFG_DL_Motor_init) for SYSCFG_DL_Motor_init
    ti_msp_dl_config.o(.text.SYSCFG_DL_init) refers to ti_msp_dl_config.o(.text.SYSCFG_DL_OLED_init) for SYSCFG_DL_OLED_init
    ti_msp_dl_config.o(.text.SYSCFG_DL_init) refers to ti_msp_dl_config.o(.text.SYSCFG_DL_WIT_init) for SYSCFG_DL_WIT_init
    ti_msp_dl_config.o(.text.SYSCFG_DL_init) refers to ti_msp_dl_config.o(.text.SYSCFG_DL_WIT_uart_init) for SYSCFG_DL_WIT_uart_init
    ti_msp_dl_config.o(.text.SYSCFG_DL_init) refers to ti_msp_dl_config.o(.text.SYSCFG_DL_BLUE_TOOTH_init) for SYSCFG_DL_BLUE_TOOTH_init
    ti_msp_dl_config.o(.text.SYSCFG_DL_init) refers to ti_msp_dl_config.o(.bss.gMotorBackup) for gMotorBackup
    ti_msp_dl_config.o(.ARM.exidx.text.SYSCFG_DL_init) refers to ti_msp_dl_config.o(.text.SYSCFG_DL_init) for [Anonymous Symbol]
    ti_msp_dl_config.o(.text.SYSCFG_DL_initPower) refers to dl_common.o(.text.DL_Common_delayCycles) for DL_Common_delayCycles
    ti_msp_dl_config.o(.ARM.exidx.text.SYSCFG_DL_initPower) refers to ti_msp_dl_config.o(.text.SYSCFG_DL_initPower) for [Anonymous Symbol]
    ti_msp_dl_config.o(.ARM.exidx.text.SYSCFG_DL_GPIO_init) refers to ti_msp_dl_config.o(.text.SYSCFG_DL_GPIO_init) for [Anonymous Symbol]
    ti_msp_dl_config.o(.ARM.exidx.text.SYSCFG_DL_SYSCTL_init) refers to ti_msp_dl_config.o(.text.SYSCFG_DL_SYSCTL_init) for [Anonymous Symbol]
    ti_msp_dl_config.o(.text.SYSCFG_DL_Motor_init) refers to dl_timer.o(.text.DL_Timer_setClockConfig) for DL_Timer_setClockConfig
    ti_msp_dl_config.o(.text.SYSCFG_DL_Motor_init) refers to dl_timer.o(.text.DL_Timer_initFourCCPWMMode) for DL_Timer_initFourCCPWMMode
    ti_msp_dl_config.o(.text.SYSCFG_DL_Motor_init) refers to dl_timer.o(.text.DL_Timer_setCaptureCompareOutCtl) for DL_Timer_setCaptureCompareOutCtl
    ti_msp_dl_config.o(.text.SYSCFG_DL_Motor_init) refers to dl_timer.o(.text.DL_Timer_setCaptCompUpdateMethod) for DL_Timer_setCaptCompUpdateMethod
    ti_msp_dl_config.o(.text.SYSCFG_DL_Motor_init) refers to dl_timer.o(.text.DL_Timer_setCaptureCompareValue) for DL_Timer_setCaptureCompareValue
[...]
    dl_gpamp.c                               0x00000000   Number         0  dl_gpamp.o ABSOLUTE
    dl_gpio.c                                0x00000000   Number         0  dl_gpio.o ABSOLUTE
    dl_i2c.c                                 0x00000000   Number         0  dl_i2c.o ABSOLUTE
    dl_iwdt.c                                0x00000000   Number         0  dl_iwdt.o ABSOLUTE
    dl_keystorectl.c                         0x00000000   Number         0  dl_keystorectl.o ABSOLUTE
    dl_lcd.c                                 0x00000000   Number         0  dl_lcd.o ABSOLUTE
    dl_lfss.c                                0x00000000   Number         0  dl_lfss.o ABSOLUTE
    dl_mathacl.c                             0x00000000   Number         0  dl_mathacl.o ABSOLUTE
    dl_mcan.c                                0x00000000   Number         0  dl_mcan.o ABSOLUTE
    dl_opa.c                                 0x00000000   Number         0  dl_opa.o ABSOLUTE
    dl_rtc.c                                 0x00000000   Number         0  dl_rtc.o ABSOLUTE
    dl_rtc_a.c                               0x00000000   Number         0  dl_rtc_a.o ABSOLUTE
    dl_rtc_b.c                               0x00000000   Number         0  dl_rtc_b.o ABSOLUTE
    dl_rtc_common.c                          0x00000000   Number         0  dl_rtc_common.o ABSOLUTE
    dl_scratchpad.c                          0x00000000   Number         0  dl_scratchpad.o ABSOLUTE
    dl_spi.c                                 0x00000000   Number         0  dl_spi.o ABSOLUTE
    dl_tamperio.c                            0x00000000   Number         0  dl_tamperio.o ABSOLUTE
    dl_timer.c                               0x00000000   Number         0  dl_timer.o ABSOLUTE
    dl_timera.c                              0x00000000   Number         0  dl_timera.o ABSOLUTE
    dl_timerg.c                              0x00000000   Number         0  dl_timerg.o ABSOLUTE
    dl_trng.c                                0x00000000   Number         0  dl_trng.o ABSOLUTE
    dl_uart.c                                0x00000000   Number         0  dl_uart.o ABSOLUTE
    dl_vref.c                                0x00000000   Number         0  dl_vref.o ABSOLUTE
    dl_wwdt.c                                0x00000000   Number         0  dl_wwdt.o ABSOLUTE
    main.c                                   0x00000000   Number         0  main.o ABSOLUTE
    oled.c                                   0x00000000   Number         0  oled.o ABSOLUTE
    startup_mspm0g350x_uvision.s             0x00000000   Number         0  startup_mspm0g350x_uvision.o ABSOLUTE
    ti_msp_dl_config.c                       0x00000000   Number         0  ti_msp_dl_config.o ABSOLUTE
    vofa.c                                   0x00000000   Number         0  vofa.o ABSOLUTE
    RESET                                    0x00000000   Section      192  startup_mspm0g350x_uvision.o(RESET)
    !!!main                                  0x000000c0   Section        8  __main.o(!!!main)
    !!!scatter                               0x000000c8   Section       84  __scatter.o(!!!scatter)
    !!handler_null                           0x00000120   Section        2  __scatter.o(!!handler_null)
    !!handler_zi                             0x00000128   Section       28  __scatter_zi.o(!!handler_zi)
    .ARM.Collect$$_printf_percent$$00000000  0x00000144   Section        2  _printf_percent.o(.ARM.Collect$$_printf_percent$$00000000)
    .ARM.Collect$$_printf_percent$$00000001  0x00000146   Section       10  _printf_n.o(.ARM.Collect$$_printf_percent$$00000001)
    .ARM.Collect$$_printf_percent$$00000002  0x00000150   Section       10  _printf_p.o(.ARM.Collect$$_printf_percent$$00000002)
    .ARM.Collect$$_printf_percent$$00000003  0x0000015a   Section       10  _printf_f.o(.ARM.Collect$$_printf_percent$$00000003)
    .ARM.Collect$$_printf_percent$$00000004  0x00000164   Section       10  _printf_e.o(.ARM.Collect$$_printf_percent$$00000004)
    .ARM.Collect$$_printf_percent$$00000005  0x0000016e   Section       10  _printf_g.o(.ARM.Collect$$_printf_percent$$00000005)
    .ARM.Collect$$_printf_percent$$00000006  0x00000178   Section       10  _printf_a.o(.ARM.Collect$$_printf_percent$$00000006)
    .ARM.Collect$$_printf_percent$$00000007  0x00000182   Section       10  _printf_ll.o(.ARM.Collect$$_printf_percent$$00000007)
    .ARM.Collect$$_printf_percent$$00000008  0x0000018c   Section       10  _printf_i.o(.ARM.Collect$$_printf_percent$$00000008)
    .ARM.Collect$$_printf_percent$$00000009  0x00000196   Section       10  _printf_d.o(.ARM.Collect$$_printf_percent$$00000009)
    .ARM.Collect$$_printf_percent$$0000000A  0x000001a0   Section       10  _printf_u.o(.ARM.Collect$$_printf_percent$$0000000A)
    .ARM.Collect$$_printf_percent$$0000000B  0x000001aa   Section       10  _printf_o.o(.ARM.Collect$$_printf_percent$$0000000B)
    .ARM.Collect$$_printf_percent$$0000000C  0x000001b4   Section       10  _printf_x.o(.ARM.Collect$$_printf_percent$$0000000C)
    .ARM.Collect$$_printf_percent$$0000000D  0x000001be   Section       10  _printf_lli.o(.ARM.Collect$$_printf_percent$$0000000D)
    .ARM.Collect$$_printf_percent$$0000000E  0x000001c8   Section       10  _printf_lld.o(.ARM.Collect$$_printf_percent$$0000000E)
    .ARM.Collect$$_printf_percent$$0000000F  0x000001d2   Section       10  _printf_llu.o(.ARM.Collect$$_printf_percent$$0000000F)
    .ARM.Collect$$_printf_percent$$00000010  0x000001dc   Section       10  _printf_llo.o(.ARM.Collect$$_printf_percent$$00000010)
    .ARM.Collect$$_printf_percent$$00000011  0x000001e6   Section       10  _printf_llx.o(.ARM.Collect$$_printf_percent$$00000011)
    .ARM.Collect$$_printf_percent$$00000012  0x000001f0   Section       10  _printf_l.o(.ARM.Collect$$_printf_percent$$00000012)
    .ARM.Collect$$_printf_percent$$00000013  0x000001fa   Section       10  _printf_c.o(.ARM.Collect$$_printf_percent$$00000013)
    .ARM.Collect$$_printf_percent$$00000014  0x00000204   Section       10  _printf_s.o(.ARM.Collect$$_printf_percent$$00000014)
    .ARM.Collect$$_printf_percent$$00000015  0x0000020e   Section       10  _printf_lc.o(.ARM.Collect$$_printf_percent$$00000015)
    .ARM.Collect$$_printf_percent$$00000016  0x00000218   Section       10  _printf_ls.o(.ARM.Collect$$_printf_percent$$00000016)
    .ARM.Collect$$_printf_percent$$00000017  0x00000222   Section        4  _printf_percent_end.o(.ARM.Collect$$_printf_percent$$00000017)
    .ARM.Collect$$libinit$$00000000          0x00000226   Section        2  libinit.o(.ARM.Collect$$libinit$$00000000)
    .ARM.Collect$$libinit$$00000002          0x00000228   Section        0  libinit2.o(.ARM.Collect$$libinit$$00000002)
    .ARM.Collect$$libinit$$00000004          0x00000228   Section        0  libinit2.o(.ARM.Collect$$libinit$$00000004)
    .ARM.Collect$$libinit$$00000006          0x00000228   Section        0  libinit2.o(.ARM.Collect$$libinit$$00000006)
    .ARM.Collect$$libinit$$0000000C          0x00000228   Section        0  libinit2.o(.ARM.Collect$$libinit$$0000000C)
    .ARM.Collect$$libinit$$0000000E          0x00000228   Section        0  libinit2.o(.ARM.Collect$$libinit$$0000000E)
    .ARM.Collect$$libinit$$00000010          0x00000228   Section        0  libinit2.o(.ARM.Collect$$libinit$$00000010)
    .ARM.Collect$$libinit$$00000011          0x00000228   Section        6  libinit2.o(.ARM.Collect$$libinit$$00000011)
    .ARM.Collect$$libinit$$00000013          0x0000022e   Section        0  libinit2.o(.ARM.Collect$$libinit$$00000013)
    .ARM.Collect$$libinit$$00000014          0x0000022e   Section       12  libinit2.o(.ARM.Collect$$libinit$$00000014)
    .ARM.Collect$$libinit$$00000015          0x0000023a   Section        0  libinit2.o(.ARM.Collect$$libinit$$00000015)
    .ARM.Collect$$libinit$$00000017          0x0000023a   Section        0  libinit2.o(.ARM.Collect$$libinit$$00000017)
    .ARM.Collect$$libinit$$00000018          0x0000023a   Section       10  libinit2.o(.ARM.Collect$$libinit$$00000018)
    .ARM.Collect$$libinit$$00000019          0x00000244   Section        0  libinit2.o(.ARM.Collect$$libinit$$00000019)
    .ARM.Collect$$libinit$$0000001B          0x00000244   Section        0  libinit2.o(.ARM.Collect$$libinit$$0000001B)
    .ARM.Collect$$libinit$$0000001D          0x00000244   Section        0  libinit2.o(.ARM.Collect$$libinit$$0000001D)
    .ARM.Collect$$libinit$$0000001F          0x00000244   Section        0  libinit2.o(.ARM.Collect$$libinit$$0000001F)
    .ARM.Collect$$libinit$$00000021          0x00000244   Section        0  libinit2.o(.ARM.Collect$$libinit$$00000021)
    .ARM.Collect$$libinit$$00000023          0x00000244   Section        0  libinit2.o(.ARM.Collect$$libinit$$00000023)
    .ARM.Collect$$libinit$$00000025          0x00000244   Section        0  libinit2.o(.ARM.Collect$$libinit$$00000025)
    .ARM.Collect$$libinit$$00000027          0x00000244   Section        0  libinit2.o(.ARM.Collect$$libinit$$00000027)
    .ARM.Collect$$libinit$$0000002E          0x00000244   Section        0  libinit2.o(.ARM.Collect$$libinit$$0000002E)
    .ARM.Collect$$libinit$$00000030          0x00000244   Section        0  libinit2.o(.ARM.Collect$$libinit$$00000030)
    .ARM.Collect$$libinit$$00000032          0x00000244   Section        0  libinit2.o(.ARM.Collect$$libinit$$00000032)
    .ARM.Collect$$libinit$$00000034          0x00000244   Section        0  libinit2.o(.ARM.Collect$$libinit$$00000034)
    .ARM.Collect$$libinit$$00000035          0x00000244   Section        2  libinit2.o(.ARM.Collect$$libinit$$00000035)
    .ARM.Collect$$libshutdown$$00000000      0x00000246   Section        2  libshutdown.o(.ARM.Collect$$libshutdown$$00000000)
    .ARM.Collect$$libshutdown$$00000002      0x00000248   Section        0  libshutdown2.o(.ARM.Collect$$libshutdown$$00000002)
    .ARM.Collect$$libshutdown$$00000004      0x00000248   Section        0  libshutdown2.o(.ARM.Collect$$libshutdown$$00000004)
    .ARM.Collect$$libshutdown$$00000007      0x00000248   Section        0  libshutdown2.o(.ARM.Collect$$libshutdown$$00000007)
    .ARM.Collect$$libshutdown$$0000000A      0x00000248   Section        0  libshutdown2.o(.ARM.Collect$$libshutdown$$0000000A)
    .ARM.Collect$$libshutdown$$0000000C      0x00000248   Section        0  libshutdown2.o(.ARM.Collect$$libshutdown$$0000000C)
    .ARM.Collect$$libshutdown$$0000000F      0x00000248   Section        0  libshutdown2.o(.ARM.Collect$$libshutdown$$0000000F)
    .ARM.Collect$$libshutdown$$00000010      0x00000248   Section        2  libshutdown2.o(.ARM.Collect$$libshutdown$$00000010)
    .ARM.Collect$$rtentry$$00000000          0x0000024a   Section        0  __rtentry.o(.ARM.Collect$$rtentry$$00000000)
    .ARM.Collect$$rtentry$$00000002          0x0000024a   Section        0  __rtentry2.o(.ARM.Collect$$rtentry$$00000002)
    .ARM.Collect$$rtentry$$00000004          0x0000024a   Section        6  __rtentry4.o(.ARM.Collect$$rtentry$$00000004)
    .ARM.Collect$$rtentry$$00000009          0x00000250   Section        0  __rtentry2.o(.ARM.Collect$$rtentry$$00000009)
    .ARM.Collect$$rtentry$$0000000A          0x00000250   Section        4  __rtentry2.o(.ARM.Collect$$rtentry$$0000000A)
    .ARM.Collect$$rtentry$$0000000C          0x00000254   Section        0  __rtentry2.o(.ARM.Collect$$rtentry$$0000000C)
    .ARM.Collect$$rtentry$$0000000D          0x00000254   Section        8  __rtentry2.o(.ARM.Collect$$rtentry$$0000000D)
    .ARM.Collect$$rtexit$$00000000           0x0000025c   Section        2  rtexit.o(.ARM.Collect$$rtexit$$00000000)
    .ARM.Collect$$rtexit$$00000002           0x0000025e   Section        0  rtexit2.o(.ARM.Collect$$rtexit$$00000002)
    .ARM.Collect$$rtexit$$00000003           0x0000025e   Section        4  rtexit2.o(.ARM.Collect$$rtexit$$00000003)
    .ARM.Collect$$rtexit$$00000004           0x00000262   Section        6  rtexit2.o(.ARM.Collect$$rtexit$$00000004)
    .text                                    0x00000268   Section       44  startup_mspm0g350x_uvision.o(.text)
    .text                                    0x00000294   Section        0  vsprintf.o(.text)
    .text                                    0x000002b8   Section        0  rt_memclr.o(.text)
    .text                                    0x000002f8   Section      504  aeabi_sdivfast.o(.text)
    .text                                    0x000004f0   Section        0  heapauxi.o(.text)
    .text                                    0x000004f6   Section        0  _printf_pad.o(.text)
    .text                                    0x00000544   Section        0  _printf_truncate.o(.text)
    .text                                    0x00000568   Section        0  _printf_str.o(.text)
    .text                                    0x000005bc   Section        0  _printf_dec.o(.text)
    .text                                    0x00000628   Section        0  _printf_charcount.o(.text)
    _printf_input_char                       0x00000651   Thumb Code    10  _printf_char_common.o(.text)
    .text                                    0x00000650   Section        0  _printf_char_common.o(.text)
    .text                                    0x00000680   Section        0  _sputc.o(.text)
    .text                                    0x0000068c   Section        0  _printf_wctomb.o(.text)
    .text                                    0x00000748   Section        0  _printf_longlong_dec.o(.text)
    _printf_longlong_oct_internal            0x000007b9   Thumb Code     0  _printf_oct_int_ll.o(.text)
    .text                                    0x000007b8   Section        0  _printf_oct_int_ll.o(.text)
    _printf_hex_common                       0x00000829   Thumb Code     0  _printf_hex_int_ll_ptr.o(.text)
    .text                                    0x00000828   Section        0  _printf_hex_int_ll_ptr.o(.text)
    .text                                    0x000008c0   Section        0  __printf_flags_ss_wp.o(.text)
    .text                                    0x00000a48   Section        0  lludiv10.o(.text)
    .text                                    0x00000ac2   Section        0  _printf_intcommon.o(.text)
    _fp_digits                               0x00000b75   Thumb Code   412  _printf_fp_dec.o(.text)
    .text                                    0x00000b74   Section        0  _printf_fp_dec.o(.text)
    .text                                    0x00000f88   Section        0  _printf_fp_hex.o(.text)
    .text                                    0x00001260   Section        0  _printf_char.o(.text)
    .text                                    0x0000128e   Section        0  _printf_wchar.o(.text)
    .text                                    0x000012bc   Section        0  _c16rtomb.o(.text)
    .text                                    0x000012fe   Section        0  rtudiv10.o(.text)
    .text                                    0x00001326   Section       62  sys_stackheap_outer.o(.text)
    .text                                    0x00001364   Section       16  rt_ctype_table.o(.text)
    .text                                    0x00001374   Section        8  rt_locale_intlibspace.o(.text)
    .text                                    0x0000137c   Section        0  _printf_fp_infnan.o(.text)
    .text                                    0x00001404   Section        0  bigflt0.o(.text)
    .text                                    0x000014dc   Section        0  btod.o(.text)
    btod_internal_mul                        0x0000151d   Thumb Code   492  btod.o(.text)
    btod_internal_div                        0x00001709   Thumb Code   520  btod.o(.text)
    .text                                    0x00001a5c   Section        0  exit.o(.text)
    .text                                    0x00001a6c   Section        8  libspace.o(.text)
    .text                                    0x00001a74   Section      176  strcmpv6m.o(.text)
    .text                                    0x00001b24   Section        0  sys_exit.o(.text)
    .text                                    0x00001b30   Section        2  use_no_semi.o(.text)
    [Anonymous Symbol]                       0x00001b32   Section        0  dl_common.o(.text.DL_Common_delayCycles)
    .text                                    0x00001b32   Section        0  indicate_semi.o(.text)
    [Anonymous Symbol]                       0x00001b3c   Section        0  dl_i2c.o(.text.DL_I2C_fillControllerTXFIFO)
    [Anonymous Symbol]                       0x00001bd4   Section        0  dl_i2c.o(.text.DL_I2C_setClockConfig)
    [Anonymous Symbol]                       0x00001bfc   Section        0  dl_timer.o(.text.DL_Timer_initFourCCPWMMode)
    __arm_cp.40_0                            0x00001ce8   Number         4  dl_timer.o(.text.DL_Timer_initFourCCPWMMode)
    __arm_cp.40_1                            0x00001cec   Number         4  dl_timer.o(.text.DL_Timer_initFourCCPWMMode)
    __arm_cp.40_2                            0x00001cf0   Number         4  dl_timer.o(.text.DL_Timer_initFourCCPWMMode)
    __arm_cp.40_3                            0x00001cf4   Number         4  dl_timer.o(.text.DL_Timer_initFourCCPWMMode)
    __arm_cp.40_4                            0x00001cf8   Number         4  dl_timer.o(.text.DL_Timer_initFourCCPWMMode)
    __arm_cp.40_5                            0x00001cfc   Number         4  dl_timer.o(.text.DL_Timer_initFourCCPWMMode)
    __arm_cp.40_6                            0x00001d00   Number         4  dl_timer.o(.text.DL_Timer_initFourCCPWMMode)
    [Anonymous Symbol]                       0x00001d04   Section        0  dl_timer.o(.text.DL_Timer_setCaptCompUpdateMethod)
    __arm_cp.23_0                            0x00001d1c   Number         4  dl_timer.o(.text.DL_Timer_setCaptCompUpdateMethod)
    [Anonymous Symbol]                       0x00001d20   Section        0  dl_timer.o(.text.DL_Timer_setCaptureCompareOutCtl)
    __arm_cp.27_0                            0x00001d34   Number         4  dl_timer.o(.text.DL_Timer_setCaptureCompareOutCtl)
    [Anonymous Symbol]                       0x00001d38   Section        0  dl_timer.o(.text.DL_Timer_setCaptureCompareValue)
    __arm_cp.3_0                             0x00001d44   Number         4  dl_timer.o(.text.DL_Timer_setCaptureCompareValue)
    [Anonymous Symbol]                       0x00001d48   Section        0  dl_timer.o(.text.DL_Timer_setClockConfig)
    __arm_cp.0_0                             0x00001d60   Number         4  dl_timer.o(.text.DL_Timer_setClockConfig)
    [Anonymous Symbol]                       0x00001d64   Section        0  dl_uart.o(.text.DL_UART_init)
    __arm_cp.0_0                             0x00001da4   Number         4  dl_uart.o(.text.DL_UART_init)
    __arm_cp.0_1                             0x00001da8   Number         4  dl_uart.o(.text.DL_UART_init)
    [Anonymous Symbol]                       0x00001dac   Section        0  dl_uart.o(.text.DL_UART_setClockConfig)
    [Anonymous Symbol]                       0x00001dc0   Section        0  dl_uart.o(.text.DL_UART_transmitDataBlocking)
    __arm_cp.7_0                             0x00001de0   Number         4  dl_uart.o(.text.DL_UART_transmitDataBlocking)
    [Anonymous Symbol]                       0x00001de4   Section        0  oled.o(.text.OLED_Init)
    __arm_cp.4_0                             0x00002abc   Number         4  oled.o(.text.OLED_Init)
    __arm_cp.4_1                             0x00002ac0   Number         4  oled.o(.text.OLED_Init)
    __arm_cp.4_2                             0x00002ac4   Number         4  oled.o(.text.OLED_Init)
    __arm_cp.4_3                             0x00002ac8   Number         4  oled.o(.text.OLED_Init)
    __arm_cp.4_4                             0x00002acc   Number         4  oled.o(.text.OLED_Init)
    __arm_cp.4_5                             0x00002ad0   Number         4  oled.o(.text.OLED_Init)
    [Anonymous Symbol]                       0x00002ad4   Section        0  oled.o(.text.OLED_SetCursor)
    __arm_cp.2_0                             0x00002c64   Number         4  oled.o(.text.OLED_SetCursor)
    __arm_cp.2_1                             0x00002c68   Number         4  oled.o(.text.OLED_SetCursor)
    __arm_cp.2_2                             0x00002c6c   Number         4  oled.o(.text.OLED_SetCursor)
    __arm_cp.2_3                             0x00002c70   Number         4  oled.o(.text.OLED_SetCursor)
    __arm_cp.2_4                             0x00002c74   Number         4  oled.o(.text.OLED_SetCursor)
    __arm_cp.2_5                             0x00002c78   Number         4  oled.o(.text.OLED_SetCursor)
    [Anonymous Symbol]                       0x00002c7c   Section        0  oled.o(.text.OLED_ShowChar)
    __arm_cp.5_0                             0x00002dd8   Number         4  oled.o(.text.OLED_ShowChar)
    __arm_cp.5_1                             0x00002ddc   Number         4  oled.o(.text.OLED_ShowChar)
    __arm_cp.5_2                             0x00002de0   Number         4  oled.o(.text.OLED_ShowChar)
    __arm_cp.5_3                             0x00002de4   Number         4  oled.o(.text.OLED_ShowChar)
    __arm_cp.5_4                             0x00002de8   Number         4  oled.o(.text.OLED_ShowChar)
    __arm_cp.5_5                             0x00002dec   Number         4  oled.o(.text.OLED_ShowChar)
    __arm_cp.5_6                             0x00002df0   Number         4  oled.o(.text.OLED_ShowChar)
    [Anonymous Symbol]                       0x00002df4   Section        0  oled.o(.text.OLED_ShowString)
    [Anonymous Symbol]                       0x00002e20   Section        0  ti_msp_dl_config.o(.text.SYSCFG_DL_BLUE_TOOTH_init)
    __arm_cp.8_0                             0x00002e8c   Number         4  ti_msp_dl_config.o(.text.SYSCFG_DL_BLUE_TOOTH_init)
    __arm_cp.8_1                             0x00002e90   Number         4  ti_msp_dl_config.o(.text.SYSCFG_DL_BLUE_TOOTH_init)
    __arm_cp.8_2                             0x00002e94   Number         4  ti_msp_dl_config.o(.text.SYSCFG_DL_BLUE_TOOTH_init)
    __arm_cp.8_3                             0x00002e98   Number         4  ti_msp_dl_config.o(.text.SYSCFG_DL_BLUE_TOOTH_init)
    __arm_cp.8_5                             0x00002e9c   Number         4  ti_msp_dl_config.o(.text.SYSCFG_DL_BLUE_TOOTH_init)
    __arm_cp.8_6                             0x00002ea0   Number         4  ti_msp_dl_config.o(.text.SYSCFG_DL_BLUE_TOOTH_init)
    [Anonymous Symbol]                       0x00002ea4   Section        0  ti_msp_dl_config.o(.text.SYSCFG_DL_GPIO_init)
    __arm_cp.2_0                             0x00002f58   Number         4  ti_msp_dl_config.o(.text.SYSCFG_DL_GPIO_init)
    __arm_cp.2_1                             0x00002f5c   Number         4  ti_msp_dl_config.o(.text.SYSCFG_DL_GPIO_init)
    __arm_cp.2_2                             0x00002f60   Number         4  ti_msp_dl_config.o(.text.SYSCFG_DL_GPIO_init)
    __arm_cp.2_3                             0x00002f64   Number         4  ti_msp_dl_config.o(.text.SYSCFG_DL_GPIO_init)
    __arm_cp.2_4                             0x00002f68   Number         4  ti_msp_dl_config.o(.text.SYSCFG_DL_GPIO_init)
    __arm_cp.2_5                             0x00002f6c   Number         4  ti_msp_dl_config.o(.text.SYSCFG_DL_GPIO_init)
    __arm_cp.2_6                             0x00002f70   Number         4  ti_msp_dl_config.o(.text.SYSCFG_DL_GPIO_init)
    __arm_cp.2_7                             0x00002f74   Number         4  ti_msp_dl_config.o(.text.SYSCFG_DL_GPIO_init)
    __arm_cp.2_8                             0x00002f78   Number         4  ti_msp_dl_config.o(.text.SYSCFG_DL_GPIO_init)
    __arm_cp.2_9                             0x00002f7c   Number         4  ti_msp_dl_config.o(.text.SYSCFG_DL_GPIO_init)
    __arm_cp.2_10                            0x00002f80   Number         4  ti_msp_dl_config.o(.text.SYSCFG_DL_GPIO_init)
    [Anonymous Symbol]                       0x00002f84   Section        0  ti_msp_dl_config.o(.text.SYSCFG_DL_Motor_init)
    __arm_cp.4_0                             0x00002ff8   Number         4  ti_msp_dl_config.o(.text.SYSCFG_DL_Motor_init)
    __arm_cp.4_1                             0x00002ffc   Number         4  ti_msp_dl_config.o(.text.SYSCFG_DL_Motor_init)
    __arm_cp.4_2                             0x00003000   Number         4  ti_msp_dl_config.o(.text.SYSCFG_DL_Motor_init)
    __arm_cp.4_4                             0x00003004   Number         4  ti_msp_dl_config.o(.text.SYSCFG_DL_Motor_init)
    __arm_cp.4_5                             0x00003008   Number         4  ti_msp_dl_config.o(.text.SYSCFG_DL_Motor_init)
    [Anonymous Symbol]                       0x0000300c   Section        0  ti_msp_dl_config.o(.text.SYSCFG_DL_OLED_init)
    __arm_cp.5_1                             0x00003054   Number         4  ti_msp_dl_config.o(.text.SYSCFG_DL_OLED_init)
    __arm_cp.5_2                             0x00003058   Number         4  ti_msp_dl_config.o(.text.SYSCFG_DL_OLED_init)
    [Anonymous Symbol]                       0x0000305c   Section        0  ti_msp_dl_config.o(.text.SYSCFG_DL_SYSCTL_init)
    __arm_cp.3_0                             0x000030a8   Number         4  ti_msp_dl_config.o(.text.SYSCFG_DL_SYSCTL_init)
    __arm_cp.3_1                             0x000030ac   Number         4  ti_msp_dl_config.o(.text.SYSCFG_DL_SYSCTL_init)
    __arm_cp.3_2                             0x000030b0   Number         4  ti_msp_dl_config.o(.text.SYSCFG_DL_SYSCTL_init)
    [Anonymous Symbol]                       0x000030b4   Section        0  ti_msp_dl_config.o(.text.SYSCFG_DL_WIT_init)
    __arm_cp.6_0                             0x000030d8   Number         4  ti_msp_dl_config.o(.text.SYSCFG_DL_WIT_init)
    __arm_cp.6_1                             0x000030dc   Number         4  ti_msp_dl_config.o(.text.SYSCFG_DL_WIT_init)
    __arm_cp.6_2                             0x000030e0   Number         4  ti_msp_dl_config.o(.text.SYSCFG_DL_WIT_init)
    [Anonymous Symbol]                       0x000030e4   Section        0  ti_msp_dl_config.o(.text.SYSCFG_DL_WIT_uart_init)
    __arm_cp.7_0                             0x00003130   Number         4  ti_msp_dl_config.o(.text.SYSCFG_DL_WIT_uart_init)
    __arm_cp.7_1                             0x00003134   Number         4  ti_msp_dl_config.o(.text.SYSCFG_DL_WIT_uart_init)
    __arm_cp.7_2                             0x00003138   Number         4  ti_msp_dl_config.o(.text.SYSCFG_DL_WIT_uart_init)
    __arm_cp.7_3                             0x0000313c   Number         4  ti_msp_dl_config.o(.text.SYSCFG_DL_WIT_uart_init)
    __arm_cp.7_4                             0x00003140   Number         4  ti_msp_dl_config.o(.text.SYSCFG_DL_WIT_uart_init)
    [Anonymous Symbol]                       0x00003144   Section        0  ti_msp_dl_config.o(.text.SYSCFG_DL_init)
    __arm_cp.0_0                             0x00003170   Number         4  ti_msp_dl_config.o(.text.SYSCFG_DL_init)
    [Anonymous Symbol]                       0x00003174   Section        0  ti_msp_dl_config.o(.text.SYSCFG_DL_initPower)
    __arm_cp.1_0                             0x000031b0   Number         4  ti_msp_dl_config.o(.text.SYSCFG_DL_initPower)
    __arm_cp.1_1                             0x000031b4   Number         4  ti_msp_dl_config.o(.text.SYSCFG_DL_initPower)
    __arm_cp.1_2                             0x000031b8   Number         4  ti_msp_dl_config.o(.text.SYSCFG_DL_initPower)
    __arm_cp.1_3                             0x000031bc   Number         4  ti_msp_dl_config.o(.text.SYSCFG_DL_initPower)
    __arm_cp.1_4                             0x000031c0   Number         4  ti_msp_dl_config.o(.text.SYSCFG_DL_initPower)
    __arm_cp.1_5                             0x000031c4   Number         4  ti_msp_dl_config.o(.text.SYSCFG_DL_initPower)
    __arm_cp.1_6                             0x000031c8   Number         4  ti_msp_dl_config.o(.text.SYSCFG_DL_initPower)
    __arm_cp.1_7                             0x000031cc   Number         4  ti_msp_dl_config.o(.text.SYSCFG_DL_initPower)
    __arm_cp.1_8                             0x000031d0   Number         4  ti_msp_dl_config.o(.text.SYSCFG_DL_initPower)
    [Anonymous Symbol]                       0x000031d4   Section        0  main.o(.text.UART0_IRQHandler)
    __arm_cp.2_0                             0x000031fc   Number         4  main.o(.text.UART0_IRQHandler)
    __arm_cp.2_2                             0x00003200   Number         4  main.o(.text.UART0_IRQHandler)
    [Anonymous Symbol]                       0x00003204   Section        0  main.o(.text.main)
    __arm_cp.0_0                             0x0000327c   Number         4  main.o(.text.main)
    __arm_cp.0_2                             0x00003288   Number         4  main.o(.text.main)
    __arm_cp.0_3                             0x0000328c   Number         4  main.o(.text.main)
    __arm_cp.0_4                             0x00003290   Number         4  main.o(.text.main)
    __arm_cp.0_5                             0x00003294   Number         4  main.o(.text.main)
    __arm_cp.0_6                             0x00003298   Number         4  main.o(.text.main)
    __arm_cp.0_7                             0x0000329c   Number         4  main.o(.text.main)
    uart_transmit                            0x000032ad   Thumb Code    36  main.o(.text.uart_transmit)
    [Anonymous Symbol]                       0x000032ac   Section        0  main.o(.text.uart_transmit)
    __arm_cp.1_0                             0x000032d0   Number         4  main.o(.text.uart_transmit)
    [Anonymous Symbol]                       0x000032d4   Section        0  vofa.o(.text.vofa_printf)
    [Anonymous Symbol]                       0x00003302   Section        0  vofa.o(.text.vofa_set)
    i.__ARM_common_ll_muluu                  0x00003318   Section        0  btod.o(i.__ARM_common_ll_muluu)
    i.__ARM_fpclassify                       0x00003348   Section        0  fpclassify.o(i.__ARM_fpclassify)
    i._is_digit                              0x00003374   Section        0  __printf_wp.o(i._is_digit)
    locale$$code                             0x00003384   Section       44  lc_numeric_c.o(locale$$code)
    locale$$code                             0x000033b0   Section       44  lc_ctype_c.o(locale$$code)
    x$fpl$printf1                            0x000033dc   Section       16  printf1.o(x$fpl$printf1)
    x$fpl$printf2                            0x000033ec   Section       16  printf2.o(x$fpl$printf2)
    initial_mbstate                          0x000033fc   Data           8  _printf_wctomb.o(.constdata)
    .constdata                               0x000033fc   Section        8  _printf_wctomb.o(.constdata)
    x$fpl$usenofp                            0x000033fc   Section        0  usenofp.o(x$fpl$usenofp)
    uc_hextab                                0x00003404   Data          20  _printf_hex_int_ll_ptr.o(.constdata)
    .constdata                               0x00003404   Section       40  _printf_hex_int_ll_ptr.o(.constdata)
    lc_hextab                                0x00003418   Data          20  _printf_hex_int_ll_ptr.o(.constdata)
    maptable                                 0x0000342c   Data          17  __printf_flags_ss_wp.o(.constdata)
    .constdata                               0x0000342c   Section       17  __printf_flags_ss_wp.o(.constdata)
    lc_hextab                                0x0000343d   Data          19  _printf_fp_hex.o(.constdata)
    .constdata                               0x0000343d   Section       38  _printf_fp_hex.o(.constdata)
    uc_hextab                                0x00003450   Data          19  _printf_fp_hex.o(.constdata)
    tenpwrs_x                                0x00003464   Data          60  bigflt0.o(.constdata)
    .constdata                               0x00003464   Section      148  bigflt0.o(.constdata)
    tenpwrs_i                                0x000034a0   Data          64  bigflt0.o(.constdata)
    gBLUE_TOOTHClockConfig                   0x00003ae8   Data           2  ti_msp_dl_config.o(.rodata.gBLUE_TOOTHClockConfig)
    [Anonymous Symbol]                       0x00003ae8   Section        0  ti_msp_dl_config.o(.rodata.gBLUE_TOOTHClockConfig)
    gBLUE_TOOTHConfig                        0x00003aea   Data          10  ti_msp_dl_config.o(.rodata.gBLUE_TOOTHConfig)
    [Anonymous Symbol]                       0x00003aea   Section        0  ti_msp_dl_config.o(.rodata.gBLUE_TOOTHConfig)
    gMotorClockConfig                        0x00003af4   Data           3  ti_msp_dl_config.o(.rodata.gMotorClockConfig)
    [Anonymous Symbol]                       0x00003af4   Section        0  ti_msp_dl_config.o(.rodata.gMotorClockConfig)
    gMotorConfig                             0x00003af8   Data           8  ti_msp_dl_config.o(.rodata.gMotorConfig)
    [Anonymous Symbol]                       0x00003af8   Section        0  ti_msp_dl_config.o(.rodata.gMotorConfig)
    gOLEDClockConfig                         0x00003b00   Data           2  ti_msp_dl_config.o(.rodata.gOLEDClockConfig)
    [Anonymous Symbol]                       0x00003b00   Section        0  ti_msp_dl_config.o(.rodata.gOLEDClockConfig)
    gWITClockConfig                          0x00003b02   Data           2  ti_msp_dl_config.o(.rodata.gWITClockConfig)
    [Anonymous Symbol]                       0x00003b02   Section        0  ti_msp_dl_config.o(.rodata.gWITClockConfig)
    gWIT_uartClockConfig                     0x00003b04   Data           2  ti_msp_dl_config.o(.rodata.gWIT_uartClockConfig)
    [Anonymous Symbol]                       0x00003b04   Section        0  ti_msp_dl_config.o(.rodata.gWIT_uartClockConfig)
    gWIT_uartConfig                          0x00003b06   Data          10  ti_msp_dl_config.o(.rodata.gWIT_uartConfig)
    [Anonymous Symbol]                       0x00003b06   Section        0  ti_msp_dl_config.o(.rodata.gWIT_uartConfig)
    locale$$data                             0x00003b20   Section       28  lc_numeric_c.o(locale$$data)
    __lcnum_c_name                           0x00003b24   Data           2  lc_numeric_c.o(locale$$data)
    __lcnum_c_start                          0x00003b2c   Data           0  lc_numeric_c.o(locale$$data)
    __lcnum_c_point                          0x00003b38   Data           0  lc_numeric_c.o(locale$$data)
    __lcnum_c_thousands                      0x00003b3a   Data           0  lc_numeric_c.o(locale$$data)
    __lcnum_c_grouping                       0x00003b3b   Data           0  lc_numeric_c.o(locale$$data)
    __lcnum_c_end                            0x00003b3c   Data           0  lc_numeric_c.o(locale$$data)
    locale$$data                             0x00003b3c   Section      272  lc_ctype_c.o(locale$$data)
    __lcctype_c_name                         0x00003b40   Data           2  lc_ctype_c.o(locale$$data)
    __lcctype_c_start                        0x00003b48   Data           0  lc_ctype_c.o(locale$$data)
    __lcctype_c_end                          0x00003c4c   Data           0  lc_ctype_c.o(locale$$data)
    .bss                                     0x20200000   Section       96  libspace.o(.bss)
    Heap_Mem                                 0x20200138   Data           0  startup_mspm0g350x_uvision.o(HEAP)
    Stack_Mem                                0x20200138   Data         256  startup_mspm0g350x_uvision.o(STACK)
    HEAP                                     0x20200138   Section        0  startup_mspm0g350x_uvision.o(HEAP)
    STACK                                    0x20200138   Section      256  startup_mspm0g350x_uvision.o(STACK)
    __initial_sp                             0x20200238   Data           0  startup_mspm0g350x_uvision.o(STACK)

    Global Symbols

    Symbol Name                              Value     Ov Type        Size  Object(Section)

    BuildAttributes$$THM_ISAv3M$S$PE$A:L22$X:L11$S22$IEEE1$IW$~IW$USESV6$~STKCKD$USESV7$~SHL$OTIME$ROPI$IEEEJ$EBA8$UX$STANDARDLIB$REQ8$PRES8$EABIv2 0x00000000   Number         0  anon$$obj.o ABSOLUTE
    __Vectors                                0x00000000   Data           4  startup_mspm0g350x_uvision.o(RESET)
    _printf_flags                            0x00000000   Number         0  printf_stubs.o ABSOLUTE
    _printf_return_value                     0x00000000   Number         0  printf_stubs.o ABSOLUTE
    _printf_sizespec                         0x00000000   Number         0  printf_stubs.o ABSOLUTE
    _printf_widthprec                        0x00000000   Number         0  printf_stubs.o ABSOLUTE
    __ARM_exceptions_init                     - Undefined Weak Reference
    __alloca_initialize                       - Undefined Weak Reference
    __arm_preinit_                            - Undefined Weak Reference
    __arm_relocate_pie_                       - Undefined Weak Reference
    __cpp_initialize__aeabi_                  - Undefined Weak Reference
    __cxa_finalize                            - Undefined Weak Reference
    __sigvec_lookup                           - Undefined Weak Reference
    _atexit_init                              - Undefined Weak Reference
    _call_atexit_fns                          - Undefined Weak Reference
    _clock_init                               - Undefined Weak Reference
    _fp_trap_init                             - Undefined Weak Reference
    _fp_trap_shutdown                         - Undefined Weak Reference
    _get_lc_collate                           - Undefined Weak Reference
    _get_lc_monetary                          - Undefined Weak Reference
    _get_lc_time                              - Undefined Weak Reference
    _getenv_init                              - Undefined Weak Reference
    _handle_redirection                       - Undefined Weak Reference
    _init_alloc                               - Undefined Weak Reference
    _init_user_alloc                          - Undefined Weak Reference
    _initio                                   - Undefined Weak Reference
    _printf_mbtowc                            - Undefined Weak Reference
    _printf_wc                                - Undefined Weak Reference
    _rand_init                                - Undefined Weak Reference
    _signal_finish                            - Undefined Weak Reference
    _signal_init                              - Undefined Weak Reference
    _terminate_alloc                          - Undefined Weak Reference
    _terminate_user_alloc                     - Undefined Weak Reference
    _terminateio                              - Undefined Weak Reference
    __Vectors_End                            0x000000c0   Data           0  startup_mspm0g350x_uvision.o(RESET)
    __Vectors_Size                           0x000000c0   Number         0  startup_mspm0g350x_uvision.o ABSOLUTE
    __main                                   0x000000c1   Thumb Code     8  __main.o(!!!main)
    __scatterload                            0x000000c9   Thumb Code     0  __scatter.o(!!!scatter)
    __scatterload_rt2                        0x000000c9   Thumb Code    74  __scatter.o(!!!scatter)
    __scatterload_rt2_thumb_only             0x000000c9   Thumb Code     0  __scatter.o(!!!scatter)
    __scatterload_loop                       0x000000d3   Thumb Code     0  __scatter.o(!!!scatter)
    __scatterload_null                       0x00000121   Thumb Code     2  __scatter.o(!!handler_null)
    __scatterload_zeroinit                   0x00000129   Thumb Code    28  __scatter_zi.o(!!handler_zi)
    _printf_percent                          0x00000145   Thumb Code     0  _printf_percent.o(.ARM.Collect$$_printf_percent$$00000000)
    _printf_n                                0x00000147   Thumb Code     0  _printf_n.o(.ARM.Collect$$_printf_percent$$00000001)
    _printf_p                                0x00000151   Thumb Code     0  _printf_p.o(.ARM.Collect$$_printf_percent$$00000002)
    _printf_f                                0x0000015b   Thumb Code     0  _printf_f.o(.ARM.Collect$$_printf_percent$$00000003)
    _printf_e                                0x00000165   Thumb Code     0  _printf_e.o(.ARM.Collect$$_printf_percent$$00000004)
    _printf_g                                0x0000016f   Thumb Code     0  _printf_g.o(.ARM.Collect$$_printf_percent$$00000005)
    _printf_a                                0x00000179   Thumb Code     0  _printf_a.o(.ARM.Collect$$_printf_percent$$00000006)
    _printf_ll                               0x00000183   Thumb Code     0  _printf_ll.o(.ARM.Collect$$_printf_percent$$00000007)
    _printf_i                                0x0000018d   Thumb Code     0  _printf_i.o(.ARM.Collect$$_printf_percent$$00000008)
    _printf_d                                0x00000197   Thumb Code     0  _printf_d.o(.ARM.Collect$$_printf_percent$$00000009)
    _printf_u                                0x000001a1   Thumb Code     0  _printf_u.o(.ARM.Collect$$_printf_percent$$0000000A)
    _printf_o                                0x000001ab   Thumb Code     0  _printf_o.o(.ARM.Collect$$_printf_percent$$0000000B)
    _printf_x                                0x000001b5   Thumb Code     0  _printf_x.o(.ARM.Collect$$_printf_percent$$0000000C)
    _printf_lli                              0x000001bf   Thumb Code     0  _printf_lli.o(.ARM.Collect$$_printf_percent$$0000000D)
    _printf_lld                              0x000001c9   Thumb Code     0  _printf_lld.o(.ARM.Collect$$_printf_percent$$0000000E)
    _printf_llu                              0x000001d3   Thumb Code     0  _printf_llu.o(.ARM.Collect$$_printf_percent$$0000000F)
    _printf_llo                              0x000001dd   Thumb Code     0  _printf_llo.o(.ARM.Collect$$_printf_percent$$00000010)
    _printf_llx                              0x000001e7   Thumb Code     0  _printf_llx.o(.ARM.Collect$$_printf_percent$$00000011)
    _printf_l                                0x000001f1   Thumb Code     0  _printf_l.o(.ARM.Collect$$_printf_percent$$00000012)
    _printf_c                                0x000001fb   Thumb Code     0  _printf_c.o(.ARM.Collect$$_printf_percent$$00000013)
    _printf_s                                0x00000205   Thumb Code     0  _printf_s.o(.ARM.Collect$$_printf_percent$$00000014)
    _printf_lc                               0x0000020f   Thumb Code     0  _printf_lc.o(.ARM.Collect$$_printf_percent$$00000015)
    _printf_ls                               0x00000219   Thumb Code     0  _printf_ls.o(.ARM.Collect$$_printf_percent$$00000016)
    _printf_percent_end                      0x00000223   Thumb Code     0  _printf_percent_end.o(.ARM.Collect$$_printf_percent$$00000017)
    __rt_lib_init                            0x00000227   Thumb Code     0  libinit.o(.ARM.Collect$$libinit$$00000000)
    __rt_lib_init_fp_1                       0x00000229   Thumb Code     0  libinit2.o(.ARM.Collect$$libinit$$00000002)
    __rt_lib_init_heap_1                     0x00000229   Thumb Code     0  libinit2.o(.ARM.Collect$$libinit$$0000000C)
    __rt_lib_init_lc_common                  0x00000229   Thumb Code     0  libinit2.o(.ARM.Collect$$libinit$$00000011)
    __rt_lib_init_preinit_1                  0x00000229   Thumb Code     0  libinit2.o(.ARM.Collect$$libinit$$00000006)
    __rt_lib_init_rand_1                     0x00000229   Thumb Code     0  libinit2.o(.ARM.Collect$$libinit$$00000010)
    __rt_lib_init_relocate_pie_1             0x00000229   Thumb Code     0  libinit2.o(.ARM.Collect$$libinit$$00000004)
    __rt_lib_init_user_alloc_1               0x00000229   Thumb Code     0  libinit2.o(.ARM.Collect$$libinit$$0000000E)
    __rt_lib_init_lc_collate_1               0x0000022f   Thumb Code     0  libinit2.o(.ARM.Collect$$libinit$$00000013)
    __rt_lib_init_lc_ctype_2                 0x0000022f   Thumb Code     0  libinit2.o(.ARM.Collect$$libinit$$00000014)
    __rt_lib_init_lc_ctype_1                 0x0000023b   Thumb Code     0  libinit2.o(.ARM.Collect$$libinit$$00000015)
    __rt_lib_init_lc_monetary_1              0x0000023b   Thumb Code     0  libinit2.o(.ARM.Collect$$libinit$$00000017)
    __rt_lib_init_lc_numeric_2               0x0000023b   Thumb Code     0  libinit2.o(.ARM.Collect$$libinit$$00000018)
    __rt_lib_init_alloca_1                   0x00000245   Thumb Code     0  libinit2.o(.ARM.Collect$$libinit$$00000030)
    __rt_lib_init_argv_1                     0x00000245   Thumb Code     0  libinit2.o(.ARM.Collect$$libinit$$0000002E)
    __rt_lib_init_atexit_1                   0x00000245   Thumb Code     0  libinit2.o(.ARM.Collect$$libinit$$0000001D)
    __rt_lib_init_clock_1                    0x00000245   Thumb Code     0  libinit2.o(.ARM.Collect$$libinit$$00000023)
    __rt_lib_init_cpp_1                      0x00000245   Thumb Code     0  libinit2.o(.ARM.Collect$$libinit$$00000034)
    __rt_lib_init_exceptions_1               0x00000245   Thumb Code     0  libinit2.o(.ARM.Collect$$libinit$$00000032)
    __rt_lib_init_fp_trap_1                  0x00000245   Thumb Code     0  libinit2.o(.ARM.Collect$$libinit$$00000021)
    __rt_lib_init_getenv_1                   0x00000245   Thumb Code     0  libinit2.o(.ARM.Collect$$libinit$$00000025)
    __rt_lib_init_lc_numeric_1               0x00000245   Thumb Code     0  libinit2.o(.ARM.Collect$$libinit$$00000019)
    __rt_lib_init_lc_time_1                  0x00000245   Thumb Code     0  libinit2.o(.ARM.Collect$$libinit$$0000001B)
    __rt_lib_init_return                     0x00000245   Thumb Code     0  libinit2.o(.ARM.Collect$$libinit$$00000035)
    __rt_lib_init_signal_1                   0x00000245   Thumb Code     0  libinit2.o(.ARM.Collect$$libinit$$0000001F)
    __rt_lib_init_stdio_1                    0x00000245   Thumb Code     0  libinit2.o(.ARM.Collect$$libinit$$00000027)
    __rt_lib_shutdown                        0x00000247   Thumb Code     0  libshutdown.o(.ARM.Collect$$libshutdown$$00000000)
    __rt_lib_shutdown_cpp_1                  0x00000249   Thumb Code     0  libshutdown2.o(.ARM.Collect$$libshutdown$$00000002)
    __rt_lib_shutdown_fp_trap_1              0x00000249   Thumb Code     0  libshutdown2.o(.ARM.Collect$$libshutdown$$00000007)
    __rt_lib_shutdown_heap_1                 0x00000249   Thumb Code     0  libshutdown2.o(.ARM.Collect$$libshutdown$$0000000F)
    __rt_lib_shutdown_return                 0x00000249   Thumb Code     0  libshutdown2.o(.ARM.Collect$$libshutdown$$00000010)
    __rt_lib_shutdown_signal_1               0x00000249   Thumb Code     0  libshutdown2.o(.ARM.Collect$$libshutdown$$0000000A)
    __rt_lib_shutdown_stdio_1                0x00000249   Thumb Code     0  libshutdown2.o(.ARM.Collect$$libshutdown$$00000004)
    __rt_lib_shutdown_user_alloc_1           0x00000249   Thumb Code     0  libshutdown2.o(.ARM.Collect$$libshutdown$$0000000C)
    __rt_entry                               0x0000024b   Thumb Code     0  __rtentry.o(.ARM.Collect$$rtentry$$00000000)
    __rt_entry_presh_1                       0x0000024b   Thumb Code     0  __rtentry2.o(.ARM.Collect$$rtentry$$00000002)
    __rt_entry_sh                            0x0000024b   Thumb Code     0  __rtentry4.o(.ARM.Collect$$rtentry$$00000004)
    __rt_entry_li                            0x00000251   Thumb Code     0  __rtentry2.o(.ARM.Collect$$rtentry$$0000000A)
    __rt_entry_postsh_1                      0x00000251   Thumb Code     0  __rtentry2.o(.ARM.Collect$$rtentry$$00000009)
    __rt_entry_main                          0x00000255   Thumb Code     0  __rtentry2.o(.ARM.Collect$$rtentry$$0000000D)
    __rt_entry_postli_1                      0x00000255   Thumb Code     0  __rtentry2.o(.ARM.Collect$$rtentry$$0000000C)
    __rt_exit                                0x0000025d   Thumb Code     0  rtexit.o(.ARM.Collect$$rtexit$$00000000)
    __rt_exit_ls                             0x0000025f   Thumb Code     0  rtexit2.o(.ARM.Collect$$rtexit$$00000003)
    __rt_exit_prels_1                        0x0000025f   Thumb Code     0  rtexit2.o(.ARM.Collect$$rtexit$$00000002)
    __rt_exit_exit                           0x00000263   Thumb Code     0  rtexit2.o(.ARM.Collect$$rtexit$$00000004)
    Reset_Handler                            0x00000269   Thumb Code     4  startup_mspm0g350x_uvision.o(.text)
    NMI_Handler                              0x0000026d   Thumb Code     2  startup_mspm0g350x_uvision.o(.text)
    HardFault_Handler                        0x0000026f   Thumb Code     2  startup_mspm0g350x_uvision.o(.text)
    SVC_Handler                              0x00000271   Thumb Code     2  startup_mspm0g350x_uvision.o(.text)
    PendSV_Handler                           0x00000273   Thumb Code     2  startup_mspm0g350x_uvision.o(.text)
    SysTick_Handler                          0x00000275   Thumb Code     2  startup_mspm0g350x_uvision.o(.text)
    ADC0_IRQHandler                          0x00000277   Thumb Code     0  startup_mspm0g350x_uvision.o(.text)
    ADC1_IRQHandler                          0x00000277   Thumb Code     0  startup_mspm0g350x_uvision.o(.text)
    AES_IRQHandler                           0x00000277   Thumb Code     0  startup_mspm0g350x_uvision.o(.text)
    CANFD0_IRQHandler                        0x00000277   Thumb Code     0  startup_mspm0g350x_uvision.o(.text)
    DAC0_IRQHandler                          0x00000277   Thumb Code     0  startup_mspm0g350x_uvision.o(.text)
    DMA_IRQHandler                           0x00000277   Thumb Code     0  startup_mspm0g350x_uvision.o(.text)
    Default_Handler                          0x00000277   Thumb Code     2  startup_mspm0g350x_uvision.o(.text)
    GROUP0_IRQHandler                        0x00000277   Thumb Code     0  startup_mspm0g350x_uvision.o(.text)
    GROUP1_IRQHandler                        0x00000277   Thumb Code     0  startup_mspm0g350x_uvision.o(.text)
    I2C0_IRQHandler                          0x00000277   Thumb Code     0  startup_mspm0g350x_uvision.o(.text)
    I2C1_IRQHandler                          0x00000277   Thumb Code     0  startup_mspm0g350x_uvision.o(.text)
    RTC_IRQHandler                           0x00000277   Thumb Code     0  startup_mspm0g350x_uvision.o(.text)
    SPI0_IRQHandler                          0x00000277   Thumb Code     0  startup_mspm0g350x_uvision.o(.text)
    SPI1_IRQHandler                          0x00000277   Thumb Code     0  startup_mspm0g350x_uvision.o(.text)
    TIMA0_IRQHandler                         0x00000277   Thumb Code     0  startup_mspm0g350x_uvision.o(.text)
    TIMA1_IRQHandler                         0x00000277   Thumb Code     0  startup_mspm0g350x_uvision.o(.text)
    TIMG0_IRQHandler                         0x00000277   Thumb Code     0  startup_mspm0g350x_uvision.o(.text)
    TIMG12_IRQHandler                        0x00000277   Thumb Code     0  startup_mspm0g350x_uvision.o(.text)
    TIMG6_IRQHandler                         0x00000277   Thumb Code     0  startup_mspm0g350x_uvision.o(.text)
    TIMG7_IRQHandler                         0x00000277   Thumb Code     0  startup_mspm0g350x_uvision.o(.text)
    TIMG8_IRQHandler                         0x00000277   Thumb Code     0  startup_mspm0g350x_uvision.o(.text)
    UART1_IRQHandler                         0x00000277   Thumb Code     0  startup_mspm0g350x_uvision.o(.text)
    UART2_IRQHandler                         0x00000277   Thumb Code     0  startup_mspm0g350x_uvision.o(.text)
    UART3_IRQHandler                         0x00000277   Thumb Code     0  startup_mspm0g350x_uvision.o(.text)
    __user_initial_stackheap                 0x00000279   Thumb Code    10  startup_mspm0g350x_uvision.o(.text)
    vsprintf                                 0x00000295   Thumb Code    32  vsprintf.o(.text)
    _memset_w                                0x000002b9   Thumb Code    26  rt_memclr.o(.text)
    _memset                                  0x000002d3   Thumb Code    30  rt_memclr.o(.text)
    __aeabi_memclr                           0x000002f1   Thumb Code     4  rt_memclr.o(.text)
    __rt_memclr                              0x000002f1   Thumb Code     0  rt_memclr.o(.text)
    __aeabi_memclr4                          0x000002f5   Thumb Code     0  rt_memclr.o(.text)
    __aeabi_memclr8                          0x000002f5   Thumb Code     0  rt_memclr.o(.text)
    __rt_memclr_w                            0x000002f5   Thumb Code     4  rt_memclr.o(.text)
    __aeabi_uidivmod                         0x000002f9   Thumb Code    28  aeabi_sdivfast.o(.text)
    __aeabi_idivmod                          0x00000315   Thumb Code   472  aeabi_sdivfast.o(.text)
    __use_two_region_memory                  0x000004f1   Thumb Code     2  heapauxi.o(.text)
    __rt_heap_escrow$2region                 0x000004f3   Thumb Code     2  heapauxi.o(.text)
    __rt_heap_expand$2region                 0x000004f5   Thumb Code     2  heapauxi.o(.text)
    _printf_pre_padding                      0x000004f7   Thumb Code    44  _printf_pad.o(.text)
    _printf_post_padding                     0x00000523   Thumb Code    34  _printf_pad.o(.text)
    _printf_truncate_signed                  0x00000545   Thumb Code    18  _printf_truncate.o(.text)
    _printf_truncate_unsigned                0x00000557   Thumb Code    18  _printf_truncate.o(.text)
    _printf_str                              0x00000569   Thumb Code    82  _printf_str.o(.text)
    _printf_int_dec                          0x000005bd   Thumb Code    90  _printf_dec.o(.text)
    _printf_charcount                        0x00000629   Thumb Code    38  _printf_charcount.o(.text)
    _printf_char_common                      0x0000065b   Thumb Code    32  _printf_char_common.o(.text)
    _sputc                                   0x00000681   Thumb Code    10  _sputc.o(.text)
    _printf_wctomb                           0x0000068d   Thumb Code   182  _printf_wctomb.o(.text)
    _printf_longlong_dec                     0x00000749   Thumb Code    94  _printf_longlong_dec.o(.text)
    _printf_longlong_oct                     0x000007b9   Thumb Code    68  _printf_oct_int_ll.o(.text)
    _printf_int_oct                          0x000007fd   Thumb Code    24  _printf_oct_int_ll.o(.text)
    _printf_ll_oct                           0x00000815   Thumb Code    10  _printf_oct_int_ll.o(.text)
    _printf_longlong_hex                     0x00000829   Thumb Code    88  _printf_hex_int_ll_ptr.o(.text)
    _printf_int_hex                          0x00000881   Thumb Code    28  _printf_hex_int_ll_ptr.o(.text)
    _printf_ll_hex                           0x0000089d   Thumb Code    10  _printf_hex_int_ll_ptr.o(.text)
    _printf_hex_ptr                          0x000008a7   Thumb Code    22  _printf_hex_int_ll_ptr.o(.text)
    __printf                                 0x000008c1   Thumb Code   386  __printf_flags_ss_wp.o(.text)
    _ll_udiv10                               0x00000a49   Thumb Code   122  lludiv10.o(.text)
    _printf_int_common                       0x00000ac3   Thumb Code   176  _printf_intcommon.o(.text)
    _printf_fp_dec_real                      0x00000d11   Thumb Code   620  _printf_fp_dec.o(.text)
    _printf_fp_hex_real                      0x00000f89   Thumb Code   718  _printf_fp_hex.o(.text)
    _printf_cs_common                        0x00001261   Thumb Code    22  _printf_char.o(.text)
    _printf_char                             0x00001277   Thumb Code    16  _printf_char.o(.text)
    _printf_string                           0x00001287   Thumb Code     8  _printf_char.o(.text)
    _printf_lcs_common                       0x0000128f   Thumb Code    22  _printf_wchar.o(.text)
    _printf_wchar                            0x000012a5   Thumb Code    16  _printf_wchar.o(.text)
    _printf_wstring                          0x000012b5   Thumb Code     8  _printf_wchar.o(.text)
    _c16rtomb                                0x000012bd   Thumb Code    66  _c16rtomb.o(.text)
    _wcrtomb                                 0x000012bd   Thumb Code     0  _c16rtomb.o(.text)
    __rt_udiv10                              0x000012ff   Thumb Code    40  rtudiv10.o(.text)
    __user_setup_stackheap                   0x00001327   Thumb Code    62  sys_stackheap_outer.o(.text)
    __rt_ctype_table                         0x00001365   Thumb Code    16  rt_ctype_table.o(.text)
    __rt_locale                              0x00001375   Thumb Code     8  rt_locale_intlibspace.o(.text)
    _printf_fp_infnan                        0x0000137d   Thumb Code   120  _printf_fp_infnan.o(.text)
    _btod_etento                             0x00001405   Thumb Code   210  bigflt0.o(.text)
    _btod_d2e                                0x000014dd   Thumb Code    64  btod.o(.text)
    _btod_emul                               0x00001911   Thumb Code    28  btod.o(.text)
    _btod_emuld                              0x0000192d   Thumb Code   144  btod.o(.text)
    _btod_ediv                               0x000019bd   Thumb Code    26  btod.o(.text)
    _btod_edivd                              0x000019d7   Thumb Code   124  btod.o(.text)
    exit                                     0x00001a5d   Thumb Code    16  exit.o(.text)
    __user_libspace                          0x00001a6d   Thumb Code     8  libspace.o(.text)
    __user_perproc_libspace                  0x00001a6d   Thumb Code     0  libspace.o(.text)
    __user_perthread_libspace                0x00001a6d   Thumb Code     0  libspace.o(.text)
    strcmp                                   0x00001a75   Thumb Code   176  strcmpv6m.o(.text)
    _sys_exit                                0x00001b25   Thumb Code     8  sys_exit.o(.text)
    __I$use$semihosting                      0x00001b31   Thumb Code     0  use_no_semi.o(.text)
    __use_no_semihosting_swi                 0x00001b31   Thumb Code     2  use_no_semi.o(.text)
    DL_Common_delayCycles                    0x00001b33   Thumb Code    10  dl_common.o(.text.DL_Common_delayCycles)
    __semihosting_library_function           0x00001b33   Thumb Code     0  indicate_semi.o(.text)
    DL_I2C_fillControllerTXFIFO              0x00001b3d   Thumb Code   152  dl_i2c.o(.text.DL_I2C_fillControllerTXFIFO)
    DL_I2C_setClockConfig                    0x00001bd5   Thumb Code    38  dl_i2c.o(.text.DL_I2C_setClockConfig)
    DL_Timer_initFourCCPWMMode               0x00001bfd   Thumb Code   236  dl_timer.o(.text.DL_Timer_initFourCCPWMMode)
    DL_Timer_setCaptCompUpdateMethod         0x00001d05   Thumb Code    24  dl_timer.o(.text.DL_Timer_setCaptCompUpdateMethod)
    DL_Timer_setCaptureCompareOutCtl         0x00001d21   Thumb Code    20  dl_timer.o(.text.DL_Timer_setCaptureCompareOutCtl)
    DL_Timer_setCaptureCompareValue          0x00001d39   Thumb Code    12  dl_timer.o(.text.DL_Timer_setCaptureCompareValue)
    DL_Timer_setClockConfig                  0x00001d49   Thumb Code    24  dl_timer.o(.text.DL_Timer_setClockConfig)
    DL_UART_init                             0x00001d65   Thumb Code    64  dl_uart.o(.text.DL_UART_init)
    DL_UART_setClockConfig                   0x00001dad   Thumb Code    18  dl_uart.o(.text.DL_UART_setClockConfig)
    DL_UART_transmitDataBlocking             0x00001dc1   Thumb Code    32  dl_uart.o(.text.DL_UART_transmitDataBlocking)
    OLED_Init                                0x00001de5   Thumb Code  3288  oled.o(.text.OLED_Init)
    OLED_SetCursor                           0x00002ad5   Thumb Code   400  oled.o(.text.OLED_SetCursor)
    OLED_ShowChar                            0x00002c7d   Thumb Code   348  oled.o(.text.OLED_ShowChar)
    OLED_ShowString                          0x00002df5   Thumb Code    44  oled.o(.text.OLED_ShowString)
    SYSCFG_DL_BLUE_TOOTH_init                0x00002e21   Thumb Code   108  ti_msp_dl_config.o(.text.SYSCFG_DL_BLUE_TOOTH_init)
    SYSCFG_DL_GPIO_init                      0x00002ea5   Thumb Code   180  ti_msp_dl_config.o(.text.SYSCFG_DL_GPIO_init)
    SYSCFG_DL_Motor_init                     0x00002f85   Thumb Code   116  ti_msp_dl_config.o(.text.SYSCFG_DL_Motor_init)
    SYSCFG_DL_OLED_init                      0x0000300d   Thumb Code    72  ti_msp_dl_config.o(.text.SYSCFG_DL_OLED_init)
    SYSCFG_DL_SYSCTL_init                    0x0000305d   Thumb Code    76  ti_msp_dl_config.o(.text.SYSCFG_DL_SYSCTL_init)
    SYSCFG_DL_WIT_init                       0x000030b5   Thumb Code    36  ti_msp_dl_config.o(.text.SYSCFG_DL_WIT_init)
    SYSCFG_DL_WIT_uart_init                  0x000030e5   Thumb Code    76  ti_msp_dl_config.o(.text.SYSCFG_DL_WIT_uart_init)
    SYSCFG_DL_init                           0x00003145   Thumb Code    44  ti_msp_dl_config.o(.text.SYSCFG_DL_init)
    SYSCFG_DL_initPower                      0x00003175   Thumb Code    60  ti_msp_dl_config.o(.text.SYSCFG_DL_initPower)
    UART0_IRQHandler                         0x000031d5   Thumb Code    40  main.o(.text.UART0_IRQHandler)
    main                                     0x00003205   Thumb Code   120  main.o(.text.main)
    vofa_printf                              0x000032d5   Thumb Code    46  vofa.o(.text.vofa_printf)
    vofa_set                                 0x00003303   Thumb Code    22  vofa.o(.text.vofa_set)
    __ARM_common_ll_muluu                    0x00003319   Thumb Code    48  btod.o(i.__ARM_common_ll_muluu)
    __ARM_fpclassify                         0x00003349   Thumb Code    40  fpclassify.o(i.__ARM_fpclassify)
    _is_digit                                0x00003375   Thumb Code    14  __printf_wp.o(i._is_digit)
    _get_lc_numeric                          0x00003385   Thumb Code    44  lc_numeric_c.o(locale$$code)
    _get_lc_ctype                            0x000033b1   Thumb Code    44  lc_ctype_c.o(locale$$code)
    _printf_fp_dec                           0x000033dd   Thumb Code    16  printf1.o(x$fpl$printf1)
    _printf_fp_hex                           0x000033ed   Thumb Code    16  printf2.o(x$fpl$printf2)
    __I$use$fp                               0x000033fc   Number         0  usenofp.o(x$fpl$usenofp)
    OLED_F8x16                               0x000034f8   Data        1520  oled.o(.rodata.OLED_F8x16)
    Region$$Table$$Base                      0x00003b10   Number         0  anon$$obj.o(Region$$Table)
    Region$$Table$$Limit                     0x00003b20   Number         0  anon$$obj.o(Region$$Table)
    __ctype                                  0x00003b49   Data           0  lc_ctype_c.o(locale$$data)
    __libspace_start                         0x20200000   Data          96  libspace.o(.bss)
    __temporary_stack_top$libspace           0x20200060   Data           0  libspace.o(.bss)
    gMotorBackup                             0x20200060   Data         188  ti_msp_dl_config.o(.bss.gMotorBackup)
    init                                     0x2020011c   Data           4  oled.o(.bss.init)
    rx                                       0x20200120   Data          22  main.o(.bss.rx)



==============================================================================

Memory Map of the image

  Image Entry point : 0x000000c1

  Load Region LR_IROM1 (Base: 0x00000000, Size: 0x00003c4c, Max: 0x00020000, ABSOLUTE)

    Execution Region ER_IROM1 (Exec base: 0x00000000, Load base: 0x00000000, Size: 0x00003c4c, Max: 0x00020000, ABSOLUTE)

    Exec Addr    Load Addr    Size         Type   Attr      Idx    E Section Name        Object

    0x00000000   0x00000000   0x000000c0   Data   RO            3    RESET               startup_mspm0g350x_uvision.o
    0x000000c0   0x000000c0   0x00000008   Code   RO          870  * !!!main             c_p.l(__main.o)
    0x000000c8   0x000000c8   0x00000054   Code   RO         1203    !!!scatter          c_p.l(__scatter.o)
    0x0000011c   0x0000011c   0x00000004   PAD
    0x00000120   0x00000120   0x00000002   Code   RO         1204    !!handler_null      c_p.l(__scatter.o)
    0x00000122   0x00000122   0x00000006   PAD
    0x00000128   0x00000128   0x0000001c   Code   RO         1207    !!handler_zi        c_p.l(__scatter_zi.o)
    0x00000144   0x00000144   0x00000002   Code   RO          958    .ARM.Collect$$_printf_percent$$00000000  c_p.l(_printf_percent.o)
    0x00000146   0x00000146   0x0000000a   Code   RO          947    .ARM.Collect$$_printf_percent$$00000001  c_p.l(_printf_n.o)
    0x00000150   0x00000150   0x0000000a   Code   RO          949    .ARM.Collect$$_printf_percent$$00000002  c_p.l(_printf_p.o)
    0x0000015a   0x0000015a   0x0000000a   Code   RO          954    .ARM.Collect$$_printf_percent$$00000003  c_p.l(_printf_f.o)
    0x00000164   0x00000164   0x0000000a   Code   RO          955    .ARM.Collect$$_printf_percent$$00000004  c_p.l(_printf_e.o)
    0x0000016e   0x0000016e   0x0000000a   Code   RO          956    .ARM.Collect$$_printf_percent$$00000005  c_p.l(_printf_g.o)
    0x00000178   0x00000178   0x0000000a   Code   RO          957    .ARM.Collect$$_printf_percent$$00000006  c_p.l(_printf_a.o)
    0x00000182   0x00000182   0x0000000a   Code   RO          962    .ARM.Collect$$_printf_percent$$00000007  c_p.l(_printf_ll.o)
    0x0000018c   0x0000018c   0x0000000a   Code   RO          951    .ARM.Collect$$_printf_percent$$00000008  c_p.l(_printf_i.o)
    0x00000196   0x00000196   0x0000000a   Code   RO          952    .ARM.Collect$$_printf_percent$$00000009  c_p.l(_printf_d.o)
    0x000001a0   0x000001a0   0x0000000a   Code   RO          953    .ARM.Collect$$_printf_percent$$0000000A  c_p.l(_printf_u.o)
    0x000001aa   0x000001aa   0x0000000a   Code   RO          950    .ARM.Collect$$_printf_percent$$0000000B  c_p.l(_printf_o.o)
    0x000001b4   0x000001b4   0x0000000a   Code   RO          948    .ARM.Collect$$_printf_percent$$0000000C  c_p.l(_printf_x.o)
    0x000001be   0x000001be   0x0000000a   Code   RO          959    .ARM.Collect$$_printf_percent$$0000000D  c_p.l(_printf_lli.o)
    0x000001c8   0x000001c8   0x0000000a   Code   RO          960    .ARM.Collect$$_printf_percent$$0000000E  c_p.l(_printf_lld.o)
    0x000001d2   0x000001d2   0x0000000a   Code   RO          961    .ARM.Collect$$_printf_percent$$0000000F  c_p.l(_printf_llu.o)
    0x000001dc   0x000001dc   0x0000000a   Code   RO          966    .ARM.Collect$$_printf_percent$$00000010  c_p.l(_printf_llo.o)
    0x000001e6   0x000001e6   0x0000000a   Code   RO          967    .ARM.Collect$$_printf_percent$$00000011  c_p.l(_printf_llx.o)
    0x000001f0   0x000001f0   0x0000000a   Code   RO          963    .ARM.Collect$$_printf_percent$$00000012  c_p.l(_printf_l.o)
    0x000001fa   0x000001fa   0x0000000a   Code   RO          945    .ARM.Collect$$_printf_percent$$00000013  c_p.l(_printf_c.o)
    0x00000204   0x00000204   0x0000000a   Code   RO          946    .ARM.Collect$$_printf_percent$$00000014  c_p.l(_printf_s.o)
    0x0000020e   0x0000020e   0x0000000a   Code   RO          964    .ARM.Collect$$_printf_percent$$00000015  c_p.l(_printf_lc.o)
    0x00000218   0x00000218   0x0000000a   Code   RO          965    .ARM.Collect$$_printf_percent$$00000016  c_p.l(_printf_ls.o)
    0x00000222   0x00000222   0x00000004   Code   RO         1010    .ARM.Collect$$_printf_percent$$00000017  c_p.l(_printf_percent_end.o)
    0x00000226   0x00000226   0x00000002   Code   RO         1050    .ARM.Collect$$libinit$$00000000  c_p.l(libinit.o)
    0x00000228   0x00000228   0x00000000   Code   RO         1076    .ARM.Collect$$libinit$$00000002  c_p.l(libinit2.o)
    0x00000228   0x00000228   0x00000000   Code   RO         1078    .ARM.Collect$$libinit$$00000004  c_p.l(libinit2.o)
    0x00000228   0x00000228   0x00000000   Code   RO         1080    .ARM.Collect$$libinit$$00000006  c_p.l(libinit2.o)
    0x00000228   0x00000228   0x00000000   Code   RO         1083    .ARM.Collect$$libinit$$0000000C  c_p.l(libinit2.o)
    0x00000228   0x00000228   0x00000000   Code   RO         1085    .ARM.Collect$$libinit$$0000000E  c_p.l(libinit2.o)
    0x00000228   0x00000228   0x00000000   Code   RO         1087    .ARM.Collect$$libinit$$00000010  c_p.l(libinit2.o)
    0x00000228   0x00000228   0x00000006   Code   RO         1088    .ARM.Collect$$libinit$$00000011  c_p.l(libinit2.o)
    0x0000022e   0x0000022e   0x00000000   Code   RO         1090    .ARM.Collect$$libinit$$00000013  c_p.l(libinit2.o)
    0x0000022e   0x0000022e   0x0000000c   Code   RO         1091    .ARM.Collect$$libinit$$00000014  c_p.l(libinit2.o)
    0x0000023a   0x0000023a   0x00000000   Code   RO         1092    .ARM.Collect$$libinit$$00000015  c_p.l(libinit2.o)
    0x0000023a   0x0000023a   0x00000000   Code   RO         1094    .ARM.Collect$$libinit$$00000017  c_p.l(libinit2.o)
    0x0000023a   0x0000023a   0x0000000a   Code   RO         1095    .ARM.Collect$$libinit$$00000018  c_p.l(libinit2.o)
    0x00000244   0x00000244   0x00000000   Code   RO         1096    .ARM.Collect$$libinit$$00000019  c_p.l(libinit2.o)
    0x00000244   0x00000244   0x00000000   Code   RO         1098    .ARM.Collect$$libinit$$0000001B  c_p.l(libinit2.o)
    0x00000244   0x00000244   0x00000000   Code   RO         1100    .ARM.Collect$$libinit$$0000001D  c_p.l(libinit2.o)
    0x00000244   0x00000244   0x00000000   Code   RO         1102    .ARM.Collect$$libinit$$0000001F  c_p.l(libinit2.o)
    0x00000244   0x00000244   0x00000000   Code   RO         1104    .ARM.Collect$$libinit$$00000021  c_p.l(libinit2.o)
    0x00000244   0x00000244   0x00000000   Code   RO         1106    .ARM.Collect$$libinit$$00000023  c_p.l(libinit2.o)
    0x00000244   0x00000244   0x00000000   Code   RO         1108    .ARM.Collect$$libinit$$00000025  c_p.l(libinit2.o)
    0x00000244   0x00000244   0x00000000   Code   RO         1110    .ARM.Collect$$libinit$$00000027  c_p.l(libinit2.o)
    0x00000244   0x00000244   0x00000000   Code   RO         1114    .ARM.Collect$$libinit$$0000002E  c_p.l(libinit2.o)
    0x00000244   0x00000244   0x00000000   Code   RO         1116    .ARM.Collect$$libinit$$00000030  c_p.l(libinit2.o)
    0x00000244   0x00000244   0x00000000   Code   RO         1118    .ARM.Collect$$libinit$$00000032  c_p.l(libinit2.o)
    0x00000244   0x00000244   0x00000000   Code   RO         1120    .ARM.Collect$$libinit$$00000034  c_p.l(libinit2.o)
    0x00000244   0x00000244   0x00000002   Code   RO         1121    .ARM.Collect$$libinit$$00000035  c_p.l(libinit2.o)
    0x00000246   0x00000246   0x00000002   Code   RO         1158    .ARM.Collect$$libshutdown$$00000000  c_p.l(libshutdown.o)
    0x00000248   0x00000248   0x00000000   Code   RO         1186    .ARM.Collect$$libshutdown$$00000002  c_p.l(libshutdown2.o)
    0x00000248   0x00000248   0x00000000   Code   RO         1188    .ARM.Collect$$libshutdown$$00000004  c_p.l(libshutdown2.o)
    0x00000248   0x00000248   0x00000000   Code   RO         1191    .ARM.Collect$$libshutdown$$00000007  c_p.l(libshutdown2.o)
    0x00000248   0x00000248   0x00000000   Code   RO         1194    .ARM.Collect$$libshutdown$$0000000A  c_p.l(libshutdown2.o)
    0x00000248   0x00000248   0x00000000   Code   RO         1196    .ARM.Collect$$libshutdown$$0000000C  c_p.l(libshutdown2.o)
    0x00000248   0x00000248   0x00000000   Code   RO         1199    .ARM.Collect$$libshutdown$$0000000F  c_p.l(libshutdown2.o)
    0x00000248   0x00000248   0x00000002   Code   RO         1200    .ARM.Collect$$libshutdown$$00000010  c_p.l(libshutdown2.o)
    0x0000024a   0x0000024a   0x00000000   Code   RO          872    .ARM.Collect$$rtentry$$00000000  c_p.l(__rtentry.o)
    0x0000024a   0x0000024a   0x00000000   Code   RO          977    .ARM.Collect$$rtentry$$00000002  c_p.l(__rtentry2.o)
    0x0000024a   0x0000024a   0x00000006   Code   RO          989    .ARM.Collect$$rtentry$$00000004  c_p.l(__rtentry4.o)
    0x00000250   0x00000250   0x00000000   Code   RO          979    .ARM.Collect$$rtentry$$00000009  c_p.l(__rtentry2.o)
    0x00000250   0x00000250   0x00000004   Code   RO          980    .ARM.Collect$$rtentry$$0000000A  c_p.l(__rtentry2.o)
    0x00000254   0x00000254   0x00000000   Code   RO          982    .ARM.Collect$$rtentry$$0000000C  c_p.l(__rtentry2.o)
    0x00000254   0x00000254   0x00000008   Code   RO          983    .ARM.Collect$$rtentry$$0000000D  c_p.l(__rtentry2.o)
    0x0000025c   0x0000025c   0x00000002   Code   RO         1060    .ARM.Collect$$rtexit$$00000000  c_p.l(rtexit.o)
    0x0000025e   0x0000025e   0x00000000   Code   RO         1127    .ARM.Collect$$rtexit$$00000002  c_p.l(rtexit2.o)
    0x0000025e   0x0000025e   0x00000004   Code   RO         1128    .ARM.Collect$$rtexit$$00000003  c_p.l(rtexit2.o)
    0x00000262   0x00000262   0x00000006   Code   RO         1129    .ARM.Collect$$rtexit$$00000004  c_p.l(rtexit2.o)
    0x00000268   0x00000268   0x0000002c   Code   RO            4    .text               startup_mspm0g350x_uvision.o
    0x00000294   0x00000294   0x00000024   Code   RO          856    .text               c_p.l(vsprintf.o)
    0x000002b8   0x000002b8   0x00000040   Code   RO          858    .text               c_p.l(rt_memclr.o)
    0x000002f8   0x000002f8   0x000001f8   Code   RO          860    .text               c_p.l(aeabi_sdivfast.o)
    0x000004f0   0x000004f0   0x00000006   Code   RO          868    .text               c_p.l(heapauxi.o)
    0x000004f6   0x000004f6   0x0000004e   Code   RO          879    .text               c_p.l(_printf_pad.o)
    0x00000544   0x00000544   0x00000024   Code   RO          881    .text               c_p.l(_printf_truncate.o)
    0x00000568   0x00000568   0x00000052   Code   RO          883    .text               c_p.l(_printf_str.o)
    0x000005ba   0x000005ba   0x00000002   PAD
    0x000005bc   0x000005bc   0x0000006c   Code   RO          885    .text               c_p.l(_printf_dec.o)
    0x00000628   0x00000628   0x00000026   Code   RO          887    .text               c_p.l(_printf_charcount.o)
    0x0000064e   0x0000064e   0x00000002   PAD
    0x00000650   0x00000650   0x00000030   Code   RO          889    .text               c_p.l(_printf_char_common.o)
    0x00000680   0x00000680   0x0000000a   Code   RO          891    .text               c_p.l(_sputc.o)
    0x0000068a   0x0000068a   0x00000002   PAD
    0x0000068c   0x0000068c   0x000000bc   Code   RO          893    .text               c_p.l(_printf_wctomb.o)
    0x00000748   0x00000748   0x00000070   Code   RO          896    .text               c_p.l(_printf_longlong_dec.o)
    0x000007b8   0x000007b8   0x00000070   Code   RO          902    .text               c_p.l(_printf_oct_int_ll.o)
    0x00000828   0x00000828   0x00000098   Code   RO          922    .text               c_p.l(_printf_hex_int_ll_ptr.o)
    0x000008c0   0x000008c0   0x00000188   Code   RO          942    .text               c_p.l(__printf_flags_ss_wp.o)
    0x00000a48   0x00000a48   0x0000007a   Code   RO          993    .text               c_p.l(lludiv10.o)
    0x00000ac2   0x00000ac2   0x000000b0   Code   RO          995    .text               c_p.l(_printf_intcommon.o)
    0x00000b72   0x00000b72   0x00000002   PAD
    0x00000b74   0x00000b74   0x00000414   Code   RO          997    .text               c_p.l(_printf_fp_dec.o)
    0x00000f88   0x00000f88   0x000002d8   Code   RO         1001    .text               c_p.l(_printf_fp_hex.o)
    0x00001260   0x00001260   0x0000002e   Code   RO         1006    .text               c_p.l(_printf_char.o)
    0x0000128e   0x0000128e   0x0000002e   Code   RO         1008    .text               c_p.l(_printf_wchar.o)
    0x000012bc   0x000012bc   0x00000042   Code   RO         1011    .text               c_p.l(_c16rtomb.o)
    0x000012fe   0x000012fe   0x00000028   Code   RO         1013    .text               c_p.l(rtudiv10.o)
    0x00001326   0x00001326   0x0000003e   Code   RO         1015    .text               c_p.l(sys_stackheap_outer.o)
    0x00001364   0x00001364   0x00000010   Code   RO         1018    .text               c_p.l(rt_ctype_table.o)
    0x00001374   0x00001374   0x00000008   Code   RO         1023    .text               c_p.l(rt_locale_intlibspace.o)
    0x0000137c   0x0000137c   0x00000088   Code   RO         1025    .text               c_p.l(_printf_fp_infnan.o)
    0x00001404   0x00001404   0x000000d8   Code   RO         1027    .text               c_p.l(bigflt0.o)
    0x000014dc   0x000014dc   0x00000580   Code   RO         1030    .text               c_p.l(btod.o)
    0x00001a5c   0x00001a5c   0x00000010   Code   RO         1039    .text               c_p.l(exit.o)
    0x00001a6c   0x00001a6c   0x00000008   Code   RO         1056    .text               c_p.l(libspace.o)
    0x00001a74   0x00001a74   0x000000b0   Code   RO         1073    .text               c_p.l(strcmpv6m.o)
    0x00001b24   0x00001b24   0x0000000c   Code   RO         1122    .text               c_p.l(sys_exit.o)
    0x00001b30   0x00001b30   0x00000002   Code   RO         1147    .text               c_p.l(use_no_semi.o)
    0x00001b32   0x00001b32   0x00000000   Code   RO         1149    .text               c_p.l(indicate_semi.o)
    0x00001b32   0x00001b32   0x0000000a   Code   RO          116    .text.DL_Common_delayCycles  dl_common.o
    0x00001b3c   0x00001b3c   0x00000098   Code   RO          339    .text.DL_I2C_fillControllerTXFIFO  dl_i2c.o
    0x00001bd4   0x00001bd4   0x00000026   Code   RO          335    .text.DL_I2C_setClockConfig  dl_i2c.o
    0x00001bfa   0x00001bfa   0x00000002   PAD
    0x00001bfc   0x00001bfc   0x00000108   Code   RO          719    .text.DL_Timer_initFourCCPWMMode  dl_timer.o
    0x00001d04   0x00001d04   0x0000001c   Code   RO          685    .text.DL_Timer_setCaptCompUpdateMethod  dl_timer.o
    0x00001d20   0x00001d20   0x00000018   Code   RO          693    .text.DL_Timer_setCaptureCompareOutCtl  dl_timer.o
    0x00001d38   0x00001d38   0x00000010   Code   RO          645    .text.DL_Timer_setCaptureCompareValue  dl_timer.o
    0x00001d48   0x00001d48   0x0000001c   Code   RO          639    .text.DL_Timer_setClockConfig  dl_timer.o
    0x00001d64   0x00001d64   0x00000048   Code   RO          754    .text.DL_UART_init  dl_uart.o
    0x00001dac   0x00001dac   0x00000012   Code   RO          756    .text.DL_UART_setClockConfig  dl_uart.o
    0x00001dbe   0x00001dbe   0x00000002   PAD
    0x00001dc0   0x00001dc0   0x00000024   Code   RO          768    .text.DL_UART_transmitDataBlocking  dl_uart.o
    0x00001de4   0x00001de4   0x00000cf0   Code   RO          817    .text.OLED_Init     oled.o
    0x00002ad4   0x00002ad4   0x000001a8   Code   RO          813    .text.OLED_SetCursor  oled.o
    0x00002c7c   0x00002c7c   0x00000178   Code   RO          819    .text.OLED_ShowChar  oled.o
    0x00002df4   0x00002df4   0x0000002c   Code   RO          821    .text.OLED_ShowString  oled.o
    0x00002e20   0x00002e20   0x00000084   Code   RO           44    .text.SYSCFG_DL_BLUE_TOOTH_init  ti_msp_dl_config.o
    0x00002ea4   0x00002ea4   0x000000e0   Code   RO           32    .text.SYSCFG_DL_GPIO_init  ti_msp_dl_config.o
    0x00002f84   0x00002f84   0x00000088   Code   RO           36    .text.SYSCFG_DL_Motor_init  ti_msp_dl_config.o
    0x0000300c   0x0000300c   0x00000050   Code   RO           38    .text.SYSCFG_DL_OLED_init  ti_msp_dl_config.o
    0x0000305c   0x0000305c   0x00000058   Code   RO           34    .text.SYSCFG_DL_SYSCTL_init  ti_msp_dl_config.o
    0x000030b4   0x000030b4   0x00000030   Code   RO           40    .text.SYSCFG_DL_WIT_init  ti_msp_dl_config.o
    0x000030e4   0x000030e4   0x00000060   Code   RO           42    .text.SYSCFG_DL_WIT_uart_init  ti_msp_dl_config.o
    0x00003144   0x00003144   0x00000030   Code   RO           28    .text.SYSCFG_DL_init  ti_msp_dl_config.o
    0x00003174   0x00003174   0x00000060   Code   RO           30    .text.SYSCFG_DL_initPower  ti_msp_dl_config.o
    0x000031d4   0x000031d4   0x00000030   Code   RO           15    .text.UART0_IRQHandler  main.o
    0x00003204   0x00003204   0x000000a8   Code   RO           11    .text.main          main.o
    0x000032ac   0x000032ac   0x00000028   Code   RO           13    .text.uart_transmit  main.o
    0x000032d4   0x000032d4   0x0000002e   Code   RO          845    .text.vofa_printf   vofa.o
    0x00003302   0x00003302   0x00000016   Code   RO          843    .text.vofa_set      vofa.o
    0x00003318   0x00003318   0x00000030   Code   RO         1032    i.__ARM_common_ll_muluu  c_p.l(btod.o)
    0x00003348   0x00003348   0x0000002c   Code   RO         1054    i.__ARM_fpclassify  m_ps.l(fpclassify.o)
    0x00003374   0x00003374   0x0000000e   Code   RO          935    i._is_digit         c_p.l(__printf_wp.o)
    0x00003382   0x00003382   0x00000002   PAD
    0x00003384   0x00003384   0x0000002c   Code   RO         1037    locale$$code        c_p.l(lc_numeric_c.o)
    0x000033b0   0x000033b0   0x0000002c   Code   RO         1067    locale$$code        c_p.l(lc_ctype_c.o)
    0x000033dc   0x000033dc   0x00000010   Code   RO          968    x$fpl$printf1       fz_ps.l(printf1.o)
    0x000033ec   0x000033ec   0x00000010   Code   RO          970    x$fpl$printf2       fz_ps.l(printf2.o)
    0x000033fc   0x000033fc   0x00000000   Code   RO         1053    x$fpl$usenofp       fz_ps.l(usenofp.o)
    0x000033fc   0x000033fc   0x00000008   Data   RO          894    .constdata          c_p.l(_printf_wctomb.o)
    0x00003404   0x00003404   0x00000028   Data   RO          923    .constdata          c_p.l(_printf_hex_int_ll_ptr.o)
    0x0000342c   0x0000342c   0x00000011   Data   RO          943    .constdata          c_p.l(__printf_flags_ss_wp.o)
    0x0000343d   0x0000343d   0x00000026   Data   RO         1002    .constdata          c_p.l(_printf_fp_hex.o)
    0x00003463   0x00003463   0x00000001   PAD
    0x00003464   0x00003464   0x00000094   Data   RO         1028    .constdata          c_p.l(bigflt0.o)
    0x000034f8   0x000034f8   0x000005f0   Data   RO          833    .rodata.OLED_F8x16  oled.o
    0x00003ae8   0x00003ae8   0x00000002   Data   RO           57    .rodata.gBLUE_TOOTHClockConfig  ti_msp_dl_config.o
    0x00003aea   0x00003aea   0x0000000a   Data   RO           58    .rodata.gBLUE_TOOTHConfig  ti_msp_dl_config.o
    0x00003af4   0x00003af4   0x00000003   Data   RO           51    .rodata.gMotorClockConfig  ti_msp_dl_config.o
    0x00003af7   0x00003af7   0x00000001   PAD
    0x00003af8   0x00003af8   0x00000008   Data   RO           52    .rodata.gMotorConfig  ti_msp_dl_config.o
    0x00003b00   0x00003b00   0x00000002   Data   RO           53    .rodata.gOLEDClockConfig  ti_msp_dl_config.o
    0x00003b02   0x00003b02   0x00000002   Data   RO           54    .rodata.gWITClockConfig  ti_msp_dl_config.o
    0x00003b04   0x00003b04   0x00000002   Data   RO           55    .rodata.gWIT_uartClockConfig  ti_msp_dl_config.o
    0x00003b06   0x00003b06   0x0000000a   Data   RO           56    .rodata.gWIT_uartConfig  ti_msp_dl_config.o
    0x00003b10   0x00003b10   0x00000010   Data   RO         1202    Region$$Table       anon$$obj.o
    0x00003b20   0x00003b20   0x0000001c   Data   RO         1036    locale$$data        c_p.l(lc_numeric_c.o)
    0x00003b3c   0x00003b3c   0x00000110   Data   RO         1066    locale$$data        c_p.l(lc_ctype_c.o)


    Execution Region RW_IRAM2 (Exec base: 0x20200000, Load base: 0x00003c4c, Size: 0x00000238, Max: 0x00008000, ABSOLUTE)

    Exec Addr    Load Addr    Size         Type   Attr      Idx    E Section Name        Object

    0x20200000        -       0x00000060   Zero   RW         1057    .bss                c_p.l(libspace.o)
    0x20200060        -       0x000000bc   Zero   RW           50    .bss.gMotorBackup   ti_msp_dl_config.o
    0x2020011c        -       0x00000004   Zero   RW          834    .bss.init           oled.o
    0x20200120        -       0x00000016   Zero   RW           17    .bss.rx             main.o
    0x20200136   0x00003c4c   0x00000002   PAD
    0x20200138        -       0x00000000   Zero   RW            2    HEAP                startup_mspm0g350x_uvision.o
    0x20200138        -       0x00000100   Zero   RW            1    STACK               startup_mspm0g350x_uvision.o



  Load Region LR_BCR (Base: 0x41c00000, Size: 0x00000000, Max: 0x00000100, ABSOLUTE)

    Execution Region BCR_CONFIG (Exec base: 0x41c00000, Load base: 0x41c00000, Size: 0x00000000, Max: 0x000000ff, ABSOLUTE)

    **** No section assigned to this execution region ****



  Load Region LR_BSL (Base: 0x41c00100, Size: 0x00000000, Max: 0x00000100, ABSOLUTE)

    Execution Region BSL_CONFIG (Exec base: 0x41c00100, Load base: 0x41c00100, Size: 0x00000000, Max: 0x00000080, ABSOLUTE)

    **** No section assigned to this execution region ****


==============================================================================

Image component sizes


      Code (inc. data)   RO Data    RW Data    ZI Data      Debug   Object Name

        10          0          0          0          0        643   dl_common.o
       190          0          0          0          0       9719   dl_i2c.o
       360         44          0          0          0      38020   dl_timer.o
       126         12          0          0          0      14713   dl_uart.o
       256         60          0          0         22       9709   main.o
      4156        148       1520          0          4      34445   oled.o
        44         18        192          0        256        660   startup_mspm0g350x_uvision.o
       948        180         39          0        188      30254   ti_msp_dl_config.o
        68          0          0          0          0       1425   vofa.o

    ----------------------------------------------------------------------
      6162        462       1768          0        472     139588   Object Totals
         0          0         16          0          0          0   (incl. Generated)
         4          0          1          0          2          0   (incl. Padding)

    ----------------------------------------------------------------------

      Code (inc. data)   RO Data    RW Data    ZI Data      Debug   Library Member Name

         8          0          0          0          0         68   __main.o
       392          6         17          0          0         76   __printf_flags_ss_wp.o
        14          0          0          0          0         60   __printf_wp.o
         0          0          0          0          0          0   __rtentry.o
        12          0          0          0          0          0   __rtentry2.o
         6          0          0          0          0          0   __rtentry4.o
        86         10          0          0          0          0   __scatter.o
        28          0          0          0          0          0   __scatter_zi.o
        66          0          0          0          0         76   _c16rtomb.o
        10          0          0          0          0          0   _printf_a.o
        10          0          0          0          0          0   _printf_c.o
        46          0          0          0          0        100   _printf_char.o
        48          6          0          0          0         88   _printf_char_common.o
        38          0          0          0          0         60   _printf_charcount.o
        10          0          0          0          0          0   _printf_d.o
       108         18          0          0          0         76   _printf_dec.o
        10          0          0          0          0          0   _printf_e.o
        10          0          0          0          0          0   _printf_f.o
      1044         12          0          0          0        116   _printf_fp_dec.o
       728         10         38          0          0         84   _printf_fp_hex.o
       136         16          0          0          0         76   _printf_fp_infnan.o
        10          0          0          0          0          0   _printf_g.o
       152          4         40          0          0        148   _printf_hex_int_ll_ptr.o
        10          0          0          0          0          0   _printf_i.o
       176          0          0          0          0         84   _printf_intcommon.o
        10          0          0          0          0          0   _printf_l.o
        10          0          0          0          0          0   _printf_lc.o
        10          0          0          0          0          0   _printf_ll.o
        10          0          0          0          0          0   _printf_lld.o
        10          0          0          0          0          0   _printf_lli.o
        10          0          0          0          0          0   _printf_llo.o
        10          0          0          0          0          0   _printf_llu.o
        10          0          0          0          0          0   _printf_llx.o
       112         18          0          0          0         76   _printf_longlong_dec.o
        10          0          0          0          0          0   _printf_ls.o
        10          0          0          0          0          0   _printf_n.o
        10          0          0          0          0          0   _printf_o.o
       112         10          0          0          0        112   _printf_oct_int_ll.o
        10          0          0          0          0          0   _printf_p.o
        78          0          0          0          0        100   _printf_pad.o
         2          0          0          0          0          0   _printf_percent.o
         4          0          0          0          0          0   _printf_percent_end.o
        10          0          0          0          0          0   _printf_s.o
        82          0          0          0          0         72   _printf_str.o
        36          0          0          0          0         76   _printf_truncate.o
        10          0          0          0          0          0   _printf_u.o
        46          0          0          0          0        100   _printf_wchar.o
       188          6          8          0          0         80   _printf_wctomb.o
        10          0          0          0          0          0   _printf_x.o
        10          0          0          0          0         60   _sputc.o
       504          4          0          0          0         92   aeabi_sdivfast.o
       216          6        148          0          0         80   bigflt0.o
      1456         30          0          0          0        336   btod.o
        16          0          0          0          0         68   exit.o
         6          0          0          0          0        136   heapauxi.o
         0          0          0          0          0          0   indicate_semi.o
        44         10        272          0          0         76   lc_ctype_c.o
        44         10         28          0          0         76   lc_numeric_c.o
         2          0          0          0          0          0   libinit.o
        30          0          0          0          0          0   libinit2.o
         2          0          0          0          0          0   libshutdown.o
         2          0          0          0          0          0   libshutdown2.o
         8          4          0          0         96         68   libspace.o
       122          0          0          0          0         72   lludiv10.o
        16          4          0          0          0         76   rt_ctype_table.o
         8          4          0          0          0         68   rt_locale_intlibspace.o
        64          0          0          0          0        108   rt_memclr.o
         2          0          0          0          0          0   rtexit.o
        10          0          0          0          0          0   rtexit2.o
        40          0          0          0          0         60   rtudiv10.o
       176          4          0          0          0         80   strcmpv6m.o
        12          4          0          0          0         60   sys_exit.o
        62          0          0          0          0         80   sys_stackheap_outer.o
         2          0          0          0          0         68   use_no_semi.o
        36          4          0          0          0         68   vsprintf.o
        16          4          0          0          0         76   printf1.o
        16          4          0          0          0         76   printf2.o
         0          0          0          0          0          0   usenofp.o
        44          4          0          0          0         60   fpclassify.o

    ----------------------------------------------------------------------
      6954        216        552          0         96       3672   Library Totals
        20          4          1          0          0          0   (incl. Padding)

    ----------------------------------------------------------------------

      Code (inc. data)   RO Data    RW Data    ZI Data      Debug   Library Name

      6858        200        551          0         96       3460   c_p.l
        32          8          0          0          0        152   fz_ps.l
        44          4          0          0          0         60   m_ps.l

    ----------------------------------------------------------------------
      6954        216        552          0         96       3672   Library Totals

    ----------------------------------------------------------------------

==============================================================================


      Code (inc. data)   RO Data    RW Data    ZI Data      Debug   

     13116        678       2320          0        568     141380   Grand Totals
     13116        678       2320          0        568     141380   ELF Image Totals
     13116        678       2320          0          0          0   ROM Totals

==============================================================================

    Total RO  Size (Code + RO Data)                15436 (  15.07kB)
    Total RW  Size (RW Data + ZI Data)               568 (   0.55kB)
    Total ROM Size (Code + RO Data + RW Data)      15436 (  15.07kB)

==============================================================================

