Component: Arm Compiler for Embedded 6.21 Tool: armlink [5ec1fa00]

==============================================================================

Section Cross References

    startup_mspm0g350x_uvision.o(RESET) refers to startup_mspm0g350x_uvision.o(STACK) for __initial_sp
    startup_mspm0g350x_uvision.o(RESET) refers to startup_mspm0g350x_uvision.o(.text) for Reset_Handler
    startup_mspm0g350x_uvision.o(RESET) refers to qei.o(.text.GROUP1_IRQHandler) for GROUP1_IRQHandler
    startup_mspm0g350x_uvision.o(RESET) refers to vofa.o(.text.UART1_IRQHandler) for UART1_IRQHandler
    startup_mspm0g350x_uvision.o(RESET) refers to wit.o(.text.UART0_IRQHandler) for UART0_IRQHandler
    startup_mspm0g350x_uvision.o(RESET) refers to timer.o(.text.TIMG0_IRQHandler) for TIMG0_IRQHandler
    startup_mspm0g350x_uvision.o(.text) refers to entry.o(.ARM.Collect$$$$00000000) for __main
    main.o(.text.main) refers to ti_msp_dl_config.o(.text.SYSCFG_DL_init) for SYSCFG_DL_init
    main.o(.text.main) refers to qei.o(.text.qei_init) for qei_init
    main.o(.text.main) refers to motor.o(.text.motor_init) for motor_init
    main.o(.text.main) refers to vofa.o(.text.vofa_receive) for vofa_receive
    main.o(.ARM.exidx.text.main) refers to main.o(.text.main) for [Anonymous Symbol]
    ti_msp_dl_config.o(.text.SYSCFG_DL_init) refers to ti_msp_dl_config.o(.text.SYSCFG_DL_initPower) for SYSCFG_DL_initPower
    ti_msp_dl_config.o(.text.SYSCFG_DL_init) refers to ti_msp_dl_config.o(.text.SYSCFG_DL_GPIO_init) for SYSCFG_DL_GPIO_init
    ti_msp_dl_config.o(.text.SYSCFG_DL_init) refers to ti_msp_dl_config.o(.text.SYSCFG_DL_SYSCTL_init) for SYSCFG_DL_SYSCTL_init
    ti_msp_dl_config.o(.text.SYSCFG_DL_init) refers to ti_msp_dl_config.o(.text.SYSCFG_DL_Motor_init) for SYSCFG_DL_Motor_init
    ti_msp_dl_config.o(.text.SYSCFG_DL_init) refers to ti_msp_dl_config.o(.text.SYSCFG_DL_TIMER_init) for SYSCFG_DL_TIMER_init
    ti_msp_dl_config.o(.text.SYSCFG_DL_init) refers to ti_msp_dl_config.o(.text.SYSCFG_DL_OLED_init) for SYSCFG_DL_OLED_init
    ti_msp_dl_config.o(.text.SYSCFG_DL_init) refers to ti_msp_dl_config.o(.text.SYSCFG_DL_WIT_init) for SYSCFG_DL_WIT_init
    ti_msp_dl_config.o(.text.SYSCFG_DL_init) refers to ti_msp_dl_config.o(.text.SYSCFG_DL_WIT_uart_init) for SYSCFG_DL_WIT_uart_init
    ti_msp_dl_config.o(.text.SYSCFG_DL_init) refers to ti_msp_dl_config.o(.text.SYSCFG_DL_BLUE_TOOTH_init) for SYSCFG_DL_BLUE_TOOTH_init
    ti_msp_dl_config.o(.text.SYSCFG_DL_init) refers to ti_msp_dl_config.o(.text.SYSCFG_DL_SYSCTL_CLK_init) for SYSCFG_DL_SYSCTL_CLK_init
    ti_msp_dl_config.o(.text.SYSCFG_DL_init) refers to ti_msp_dl_config.o(.bss.gMotorBackup) for gMotorBackup
    ti_msp_dl_config.o(.ARM.exidx.text.SYSCFG_DL_init) refers to ti_msp_dl_config.o(.text.SYSCFG_DL_init) for [Anonymous Symbol]
    ti_msp_dl_config.o(.text.SYSCFG_DL_initPower) refers to dl_common.o(.text.DL_Common_delayCycles) for DL_Common_delayCycles
    ti_msp_dl_config.o(.ARM.exidx.text.SYSCFG_DL_initPower) refers to ti_msp_dl_config.o(.text.SYSCFG_DL_initPower) for [Anonymous Symbol]
    ti_msp_dl_config.o(.ARM.exidx.text.SYSCFG_DL_GPIO_init) refers to ti_msp_dl_config.o(.text.SYSCFG_DL_GPIO_init) for [Anonymous Symbol]
    ti_msp_dl_config.o(.text.SYSCFG_DL_SYSCTL_init) refers to dl_sysctl_mspm0g1x0x_g3x0x.o(.text.DL_SYSCTL_configSYSPLL) for DL_SYSCTL_configSYSPLL
    ti_msp_dl_config.o(.text.SYSCFG_DL_SYSCTL_init) refers to dl_sysctl_mspm0g1x0x_g3x0x.o(.text.DL_SYSCTL_switchMCLKfromSYSOSCtoHSCLK) for DL_SYSCTL_switchMCLKfromSYSOSCtoHSCLK
    ti_msp_dl_config.o(.text.SYSCFG_DL_SYSCTL_init) refers to ti_msp_dl_config.o(.rodata.gSYSPLLConfig) for [Anonymous Symbol]
    ti_msp_dl_config.o(.ARM.exidx.text.SYSCFG_DL_SYSCTL_init) refers to ti_msp_dl_config.o(.text.SYSCFG_DL_SYSCTL_init) for [Anonymous Symbol]
    ti_msp_dl_config.o(.text.SYSCFG_DL_Motor_init) refers to dl_timer.o(.text.DL_Timer_setClockConfig) for DL_Timer_setClockConfig
    ti_msp_dl_config.o(.text.SYSCFG_DL_Motor_init) refers to dl_timer.o(.text.DL_Timer_initFourCCPWMMode) for DL_Timer_initFourCCPWMMode
    ti_msp_dl_config.o(.text.SYSCFG_DL_Motor_init) refers to dl_timer.o(.text.DL_Timer_setCaptureCompareOutCtl) for DL_Timer_setCaptureCompareOutCtl
    ti_msp_dl_config.o(.text.SYSCFG_DL_Motor_init) refers to dl_timer.o(.text.DL_Timer_setCaptCompUpdateMethod) for DL_Timer_setCaptCompUpdateMethod
    ti_msp_dl_config.o(.text.SYSCFG_DL_Motor_init) refers to dl_timer.o(.text.DL_Timer_setCaptureCompareValue) for DL_Timer_setCaptureCompareValue
    ti_msp_dl_config.o(.text.SYSCFG_DL_Motor_init) refers to ti_msp_dl_config.o(.rodata.gMotorClockConfig) for [Anonymous Symbol]
    ti_msp_dl_config.o(.text.SYSCFG_DL_Motor_init) refers to ti_msp_dl_config.o(.rodata.gMotorConfig) for [Anonymous Symbol]
    ti_msp_dl_config.o(.ARM.exidx.text.SYSCFG_DL_Motor_init) refers to ti_msp_dl_config.o(.text.SYSCFG_DL_Motor_init) for [Anonymous Symbol]
[...]
    Removing dl_mcan.o(.ARM.exidx.text.DL_MCAN_getBitTime), (8 bytes).
    Removing dl_mcan.o(.text.DL_MCAN_resetTSCounter), (20 bytes).
    Removing dl_mcan.o(.ARM.exidx.text.DL_MCAN_resetTSCounter), (8 bytes).
    Removing dl_mcan.o(.text.DL_MCAN_getTOCounterVal), (12 bytes).
    Removing dl_mcan.o(.ARM.exidx.text.DL_MCAN_getTOCounterVal), (8 bytes).
    Removing dl_mcan.o(.text.DL_MCAN_eccAggrGetRevisionId), (32 bytes).
    Removing dl_mcan.o(.ARM.exidx.text.DL_MCAN_eccAggrGetRevisionId), (8 bytes).
    Removing dl_mcan.o(.text.DL_MCAN_eccWrapGetRevisionId), (84 bytes).
    Removing dl_mcan.o(.ARM.exidx.text.DL_MCAN_eccWrapGetRevisionId), (8 bytes).
    Removing dl_mcan.o(.text.DL_MCAN_extTSIsIntrEnable), (16 bytes).
    Removing dl_mcan.o(.ARM.exidx.text.DL_MCAN_extTSIsIntrEnable), (8 bytes).
    Removing dl_mcan.o(.text.DL_MCAN_getEndianVal), (12 bytes).
    Removing dl_mcan.o(.ARM.exidx.text.DL_MCAN_getEndianVal), (8 bytes).
    Removing dl_mcan.o(.text.DL_MCAN_getExtIDANDMask), (16 bytes).
    Removing dl_mcan.o(.ARM.exidx.text.DL_MCAN_getExtIDANDMask), (8 bytes).
    Removing dl_mcan.o(.text.DL_MCAN_saveConfiguration), (236 bytes).
    Removing dl_mcan.o(.ARM.exidx.text.DL_MCAN_saveConfiguration), (8 bytes).
    Removing dl_mcan.o(.text.DL_MCAN_restoreConfiguration), (276 bytes).
    Removing dl_mcan.o(.ARM.exidx.text.DL_MCAN_restoreConfiguration), (8 bytes).
    Removing dl_mcan.o(.rodata..L__const.DL_MCAN_getDataSize.dataSize), (64 bytes).
    Removing dl_mcan.o(.rodata.cst32), (32 bytes).
    Removing dl_opa.o(.text), (0 bytes).
    Removing dl_opa.o(.text.DL_OPA_increaseGain), (52 bytes).
    Removing dl_opa.o(.ARM.exidx.text.DL_OPA_increaseGain), (8 bytes).
    Removing dl_opa.o(.text.DL_OPA_decreaseGain), (48 bytes).
    Removing dl_opa.o(.ARM.exidx.text.DL_OPA_decreaseGain), (8 bytes).
    Removing dl_rtc.o(.text), (0 bytes).
    Removing dl_rtc_a.o(.text), (0 bytes).
    Removing dl_rtc_b.o(.text), (0 bytes).
    Removing dl_rtc_common.o(.text), (0 bytes).
    Removing dl_rtc_common.o(.text.DL_RTC_Common_initCalendar), (144 bytes).
    Removing dl_rtc_common.o(.ARM.exidx.text.DL_RTC_Common_initCalendar), (8 bytes).
    Removing dl_rtc_common.o(.text.DL_RTC_Common_getCalendarTime), (124 bytes).
    Removing dl_rtc_common.o(.ARM.exidx.text.DL_RTC_Common_getCalendarTime), (8 bytes).
    Removing dl_rtc_common.o(.text.DL_RTC_Common_setCalendarAlarm1), (96 bytes).
    Removing dl_rtc_common.o(.ARM.exidx.text.DL_RTC_Common_setCalendarAlarm1), (8 bytes).
    Removing dl_rtc_common.o(.text.DL_RTC_Common_getCalendarAlarm1), (84 bytes).
    Removing dl_rtc_common.o(.ARM.exidx.text.DL_RTC_Common_getCalendarAlarm1), (8 bytes).
    Removing dl_rtc_common.o(.text.DL_RTC_Common_enableCalendarAlarm1), (60 bytes).
    Removing dl_rtc_common.o(.ARM.exidx.text.DL_RTC_Common_enableCalendarAlarm1), (8 bytes).
    Removing dl_rtc_common.o(.text.DL_RTC_Common_disableCalendarAlarm1), (68 bytes).
    Removing dl_rtc_common.o(.ARM.exidx.text.DL_RTC_Common_disableCalendarAlarm1), (8 bytes).
    Removing dl_rtc_common.o(.text.DL_RTC_Common_setCalendarAlarm2), (96 bytes).
    Removing dl_rtc_common.o(.ARM.exidx.text.DL_RTC_Common_setCalendarAlarm2), (8 bytes).
    Removing dl_rtc_common.o(.text.DL_RTC_Common_getCalendarAlarm2), (84 bytes).
    Removing dl_rtc_common.o(.ARM.exidx.text.DL_RTC_Common_getCalendarAlarm2), (8 bytes).
    Removing dl_rtc_common.o(.text.DL_RTC_Common_enableCalendarAlarm2), (60 bytes).
    Removing dl_rtc_common.o(.ARM.exidx.text.DL_RTC_Common_enableCalendarAlarm2), (8 bytes).
    Removing dl_rtc_common.o(.text.DL_RTC_Common_disableCalendarAlarm2), (68 bytes).
    Removing dl_rtc_common.o(.ARM.exidx.text.DL_RTC_Common_disableCalendarAlarm2), (8 bytes).
    Removing dl_scratchpad.o(.text), (0 bytes).
    Removing dl_spi.o(.text), (0 bytes).
    Removing dl_spi.o(.text.DL_SPI_init), (68 bytes).
    Removing dl_spi.o(.ARM.exidx.text.DL_SPI_init), (8 bytes).
    Removing dl_spi.o(.text.DL_SPI_setClockConfig), (18 bytes).
    Removing dl_spi.o(.ARM.exidx.text.DL_SPI_setClockConfig), (8 bytes).
    Removing dl_spi.o(.text.DL_SPI_getClockConfig), (16 bytes).
    Removing dl_spi.o(.ARM.exidx.text.DL_SPI_getClockConfig), (8 bytes).
    Removing dl_spi.o(.text.DL_SPI_receiveDataBlocking8), (40 bytes).
    Removing dl_spi.o(.ARM.exidx.text.DL_SPI_receiveDataBlocking8), (8 bytes).
    Removing dl_spi.o(.text.DL_SPI_receiveDataBlocking16), (40 bytes).
    Removing dl_spi.o(.ARM.exidx.text.DL_SPI_receiveDataBlocking16), (8 bytes).
    Removing dl_spi.o(.text.DL_SPI_receiveDataBlocking32), (36 bytes).
    Removing dl_spi.o(.ARM.exidx.text.DL_SPI_receiveDataBlocking32), (8 bytes).
    Removing dl_spi.o(.text.DL_SPI_transmitDataBlocking8), (36 bytes).
    Removing dl_spi.o(.ARM.exidx.text.DL_SPI_transmitDataBlocking8), (8 bytes).
    Removing dl_spi.o(.text.DL_SPI_transmitDataBlocking16), (36 bytes).
    Removing dl_spi.o(.ARM.exidx.text.DL_SPI_transmitDataBlocking16), (8 bytes).
    Removing dl_spi.o(.text.DL_SPI_transmitDataBlocking32), (36 bytes).
    Removing dl_spi.o(.ARM.exidx.text.DL_SPI_transmitDataBlocking32), (8 bytes).
    Removing dl_spi.o(.text.DL_SPI_receiveDataCheck8), (28 bytes).
    Removing dl_spi.o(.ARM.exidx.text.DL_SPI_receiveDataCheck8), (8 bytes).
    Removing dl_spi.o(.text.DL_SPI_receiveDataCheck16), (28 bytes).
    Removing dl_spi.o(.ARM.exidx.text.DL_SPI_receiveDataCheck16), (8 bytes).
    Removing dl_spi.o(.text.DL_SPI_receiveDataCheck32), (28 bytes).
    Removing dl_spi.o(.ARM.exidx.text.DL_SPI_receiveDataCheck32), (8 bytes).
    Removing dl_spi.o(.text.DL_SPI_transmitDataCheck8), (28 bytes).
    Removing dl_spi.o(.ARM.exidx.text.DL_SPI_transmitDataCheck8), (8 bytes).
    Removing dl_spi.o(.text.DL_SPI_transmitDataCheck16), (28 bytes).
    Removing dl_spi.o(.ARM.exidx.text.DL_SPI_transmitDataCheck16), (8 bytes).
    Removing dl_spi.o(.text.DL_SPI_transmitDataCheck32), (28 bytes).
    Removing dl_spi.o(.ARM.exidx.text.DL_SPI_transmitDataCheck32), (8 bytes).
    Removing dl_spi.o(.text.DL_SPI_drainRXFIFO8), (116 bytes).
    Removing dl_spi.o(.ARM.exidx.text.DL_SPI_drainRXFIFO8), (8 bytes).
    Removing dl_spi.o(.text.DL_SPI_drainRXFIFO16), (104 bytes).
    Removing dl_spi.o(.ARM.exidx.text.DL_SPI_drainRXFIFO16), (8 bytes).
    Removing dl_spi.o(.text.DL_SPI_drainRXFIFO32), (104 bytes).
    Removing dl_spi.o(.ARM.exidx.text.DL_SPI_drainRXFIFO32), (8 bytes).
    Removing dl_spi.o(.text.DL_SPI_fillTXFIFO8), (116 bytes).
    Removing dl_spi.o(.ARM.exidx.text.DL_SPI_fillTXFIFO8), (8 bytes).
    Removing dl_spi.o(.text.DL_SPI_fillTXFIFO16), (104 bytes).
    Removing dl_spi.o(.ARM.exidx.text.DL_SPI_fillTXFIFO16), (8 bytes).
    Removing dl_spi.o(.text.DL_SPI_saveConfiguration), (88 bytes).
    Removing dl_spi.o(.ARM.exidx.text.DL_SPI_saveConfiguration), (8 bytes).
    Removing dl_spi.o(.text.DL_SPI_restoreConfiguration), (112 bytes).
    Removing dl_spi.o(.ARM.exidx.text.DL_SPI_restoreConfiguration), (8 bytes).
    Removing dl_spi.o(.text.DL_SPI_fillTXFIFO32), (104 bytes).
    Removing dl_spi.o(.ARM.exidx.text.DL_SPI_fillTXFIFO32), (8 bytes).
    Removing dl_tamperio.o(.text), (0 bytes).
    Removing dl_timer.o(.text), (0 bytes).
    Removing dl_timer.o(.ARM.exidx.text.DL_Timer_setClockConfig), (8 bytes).
    Removing dl_timer.o(.text.DL_Timer_getClockConfig), (28 bytes).
    Removing dl_timer.o(.ARM.exidx.text.DL_Timer_getClockConfig), (8 bytes).
    Removing dl_timer.o(.ARM.exidx.text.DL_Timer_initTimerMode), (8 bytes).
    Removing dl_timer.o(.ARM.exidx.text.DL_Timer_setCaptureCompareValue), (8 bytes).
    Removing dl_timer.o(.text.DL_Timer_setCaptureCompareCtl), (40 bytes).
    Removing dl_timer.o(.ARM.exidx.text.DL_Timer_setCaptureCompareCtl), (8 bytes).
    Removing dl_timer.o(.text.DL_Timer_initCaptureMode), (292 bytes).
    Removing dl_timer.o(.ARM.exidx.text.DL_Timer_initCaptureMode), (8 bytes).
    Removing dl_timer.o(.text.DL_Timer_setCaptureCompareInput), (26 bytes).
    Removing dl_timer.o(.ARM.exidx.text.DL_Timer_setCaptureCompareInput), (8 bytes).
    Removing dl_timer.o(.text.DL_Timer_initCaptureTriggerMode), (104 bytes).
    Removing dl_timer.o(.ARM.exidx.text.DL_Timer_initCaptureTriggerMode), (8 bytes).
    Removing dl_timer.o(.text.DL_Timer_initCaptureCombinedMode), (224 bytes).
    Removing dl_timer.o(.ARM.exidx.text.DL_Timer_initCaptureCombinedMode), (8 bytes).
    Removing dl_timer.o(.text.DL_Timer_initCompareMode), (160 bytes).
    Removing dl_timer.o(.ARM.exidx.text.DL_Timer_initCompareMode), (8 bytes).
    Removing dl_timer.o(.text.DL_Timer_initCompareTriggerMode), (96 bytes).
    Removing dl_timer.o(.ARM.exidx.text.DL_Timer_initCompareTriggerMode), (8 bytes).
    Removing dl_timer.o(.text.DL_Timer_getCaptureCompareValue), (16 bytes).
    Removing dl_timer.o(.ARM.exidx.text.DL_Timer_getCaptureCompareValue), (8 bytes).
    Removing dl_timer.o(.text.DL_Timer_getCaptureCompareCtl), (24 bytes).
    Removing dl_timer.o(.ARM.exidx.text.DL_Timer_getCaptureCompareCtl), (8 bytes).
    Removing dl_timer.o(.text.DL_Timer_setSecondCompSrcDn), (28 bytes).
    Removing dl_timer.o(.ARM.exidx.text.DL_Timer_setSecondCompSrcDn), (8 bytes).
    Removing dl_timer.o(.text.DL_Timer_getSecondCompSrcDn), (20 bytes).
    Removing dl_timer.o(.ARM.exidx.text.DL_Timer_getSecondCompSrcDn), (8 bytes).
    Removing dl_timer.o(.text.DL_Timer_setSecondCompSrcUp), (28 bytes).
    Removing dl_timer.o(.ARM.exidx.text.DL_Timer_setSecondCompSrcUp), (8 bytes).
    Removing dl_timer.o(.text.DL_Timer_getSecondCompSrcUp), (20 bytes).
    Removing dl_timer.o(.ARM.exidx.text.DL_Timer_getSecondCompSrcUp), (8 bytes).
    Removing dl_timer.o(.text.DL_Timer_setSecondCompActionDn), (28 bytes).
    Removing dl_timer.o(.ARM.exidx.text.DL_Timer_setSecondCompActionDn), (8 bytes).
    Removing dl_timer.o(.text.DL_Timer_getSecondCompActionDn), (20 bytes).
    Removing dl_timer.o(.ARM.exidx.text.DL_Timer_getSecondCompActionDn), (8 bytes).
    Removing dl_timer.o(.text.DL_Timer_setSecondCompActionUp), (28 bytes).
    Removing dl_timer.o(.ARM.exidx.text.DL_Timer_setSecondCompActionUp), (8 bytes).
    Removing dl_timer.o(.text.DL_Timer_getSecondCompActionUp), (20 bytes).
    Removing dl_timer.o(.ARM.exidx.text.DL_Timer_getSecondCompActionUp), (8 bytes).
    Removing dl_timer.o(.text.DL_Timer_enableSuppressionOfCompEvent), (24 bytes).
    Removing dl_timer.o(.ARM.exidx.text.DL_Timer_enableSuppressionOfCompEvent), (8 bytes).
    Removing dl_timer.o(.text.DL_Timer_disableSuppressionOfCompEvent), (24 bytes).
    Removing dl_timer.o(.ARM.exidx.text.DL_Timer_disableSuppressionOfCompEvent), (8 bytes).
    Removing dl_timer.o(.ARM.exidx.text.DL_Timer_setCaptCompUpdateMethod), (8 bytes).
    Removing dl_timer.o(.text.DL_Timer_getCaptCompUpdateMethod), (20 bytes).
    Removing dl_timer.o(.ARM.exidx.text.DL_Timer_getCaptCompUpdateMethod), (8 bytes).
    Removing dl_timer.o(.text.DL_Timer_setCaptCompActUpdateMethod), (28 bytes).
    Removing dl_timer.o(.ARM.exidx.text.DL_Timer_setCaptCompActUpdateMethod), (8 bytes).
    Removing dl_timer.o(.text.DL_Timer_getCaptCompActUpdateMethod), (20 bytes).
    Removing dl_timer.o(.ARM.exidx.text.DL_Timer_getCaptCompActUpdateMethod), (8 bytes).
    Removing dl_timer.o(.ARM.exidx.text.DL_Timer_setCaptureCompareOutCtl), (8 bytes).
    Removing dl_timer.o(.text.DL_Timer_getCaptureCompareOutCtl), (16 bytes).
    Removing dl_timer.o(.ARM.exidx.text.DL_Timer_getCaptureCompareOutCtl), (8 bytes).
    Removing dl_timer.o(.text.DL_Timer_setCaptureCompareAction), (36 bytes).
    Removing dl_timer.o(.ARM.exidx.text.DL_Timer_setCaptureCompareAction), (8 bytes).
    Removing dl_timer.o(.text.DL_Timer_getCaptureCompareAction), (24 bytes).
    Removing dl_timer.o(.ARM.exidx.text.DL_Timer_getCaptureCompareAction), (8 bytes).
    Removing dl_timer.o(.text.DL_Timer_overrideCCPOut), (32 bytes).
    Removing dl_timer.o(.ARM.exidx.text.DL_Timer_overrideCCPOut), (8 bytes).
    Removing dl_timer.o(.text.DL_Timer_getCaptureCompareInput), (16 bytes).
    Removing dl_timer.o(.ARM.exidx.text.DL_Timer_getCaptureCompareInput), (8 bytes).
    Removing dl_timer.o(.text.DL_Timer_setCaptureCompareInputFilter), (28 bytes).
    Removing dl_timer.o(.ARM.exidx.text.DL_Timer_setCaptureCompareInputFilter), (8 bytes).
    Removing dl_timer.o(.text.DL_Timer_getCaptureCompareInputFilter), (18 bytes).
    Removing dl_timer.o(.ARM.exidx.text.DL_Timer_getCaptureCompareInputFilter), (8 bytes).
    Removing dl_timer.o(.text.DL_Timer_enableCaptureCompareInputFilter), (20 bytes).
    Removing dl_timer.o(.ARM.exidx.text.DL_Timer_enableCaptureCompareInputFilter), (8 bytes).
    Removing dl_timer.o(.text.DL_Timer_disableCaptureCompareInputFilter), (20 bytes).
    Removing dl_timer.o(.ARM.exidx.text.DL_Timer_disableCaptureCompareInputFilter), (8 bytes).
    Removing dl_timer.o(.text.DL_Timer_isCaptureCompareInputFilterEnabled), (20 bytes).
    Removing dl_timer.o(.ARM.exidx.text.DL_Timer_isCaptureCompareInputFilterEnabled), (8 bytes).
    Removing dl_timer.o(.text.DL_Timer_saveConfiguration), (240 bytes).
    Removing dl_timer.o(.ARM.exidx.text.DL_Timer_saveConfiguration), (8 bytes).
    Removing dl_timer.o(.text.DL_Timer_restoreConfiguration), (244 bytes).
    Removing dl_timer.o(.ARM.exidx.text.DL_Timer_restoreConfiguration), (8 bytes).
    Removing dl_timer.o(.ARM.exidx.text.DL_Timer_initFourCCPWMMode), (8 bytes).
    Removing dl_timer.o(.text.DL_Timer_setFaultSourceConfig), (44 bytes).
    Removing dl_timer.o(.ARM.exidx.text.DL_Timer_setFaultSourceConfig), (8 bytes).
    Removing dl_timer.o(.text.DL_Timer_getFaultSourceConfig), (32 bytes).
    Removing dl_timer.o(.ARM.exidx.text.DL_Timer_getFaultSourceConfig), (8 bytes).
    Removing dl_timer.o(.text.DL_TimerA_saveConfiguration), (272 bytes).
    Removing dl_timer.o(.ARM.exidx.text.DL_TimerA_saveConfiguration), (8 bytes).
    Removing dl_timer.o(.text.DL_TimerA_restoreConfiguration), (276 bytes).
    Removing dl_timer.o(.ARM.exidx.text.DL_TimerA_restoreConfiguration), (8 bytes).
    Removing dl_timer.o(.text.DL_Timer_configQEIHallInputMode), (36 bytes).
    Removing dl_timer.o(.ARM.exidx.text.DL_Timer_configQEIHallInputMode), (8 bytes).
    Removing dl_timer.o(.rodata..Lswitch.table.DL_Timer_initCompareMode), (12 bytes).
    Removing dl_timera.o(.text), (0 bytes).
    Removing dl_timerg.o(.text), (0 bytes).
    Removing dl_trng.o(.text), (0 bytes).
    Removing dl_trng.o(.text.DL_TRNG_saveConfiguration), (52 bytes).
    Removing dl_trng.o(.ARM.exidx.text.DL_TRNG_saveConfiguration), (8 bytes).
    Removing dl_trng.o(.text.DL_TRNG_restoreConfiguration), (72 bytes).
    Removing dl_trng.o(.ARM.exidx.text.DL_TRNG_restoreConfiguration), (8 bytes).
    Removing dl_uart.o(.text), (0 bytes).
    Removing dl_uart.o(.ARM.exidx.text.DL_UART_init), (8 bytes).
    Removing dl_uart.o(.ARM.exidx.text.DL_UART_setClockConfig), (8 bytes).
    Removing dl_uart.o(.text.DL_UART_getClockConfig), (16 bytes).
    Removing dl_uart.o(.ARM.exidx.text.DL_UART_getClockConfig), (8 bytes).
    Removing dl_uart.o(.text.DL_UART_configBaudRate), (132 bytes).
    Removing dl_uart.o(.ARM.exidx.text.DL_UART_configBaudRate), (8 bytes).
    Removing dl_uart.o(.text.DL_UART_configIrDAMode), (68 bytes).
    Removing dl_uart.o(.ARM.exidx.text.DL_UART_configIrDAMode), (8 bytes).
    Removing dl_uart.o(.text.DL_UART_setIrDAPulseLength), (48 bytes).
    Removing dl_uart.o(.ARM.exidx.text.DL_UART_setIrDAPulseLength), (8 bytes).
    Removing dl_uart.o(.text.DL_UART_receiveDataBlocking), (40 bytes).
    Removing dl_uart.o(.ARM.exidx.text.DL_UART_receiveDataBlocking), (8 bytes).
    Removing dl_uart.o(.ARM.exidx.text.DL_UART_transmitDataBlocking), (8 bytes).
    Removing dl_uart.o(.text.DL_UART_receiveDataCheck), (28 bytes).
    Removing dl_uart.o(.ARM.exidx.text.DL_UART_receiveDataCheck), (8 bytes).
    Removing dl_uart.o(.text.DL_UART_transmitDataCheck), (28 bytes).
    Removing dl_uart.o(.ARM.exidx.text.DL_UART_transmitDataCheck), (8 bytes).
    Removing dl_uart.o(.text.DL_UART_drainRXFIFO), (116 bytes).
    Removing dl_uart.o(.ARM.exidx.text.DL_UART_drainRXFIFO), (8 bytes).
    Removing dl_uart.o(.text.DL_UART_fillTXFIFO), (116 bytes).
    Removing dl_uart.o(.ARM.exidx.text.DL_UART_fillTXFIFO), (8 bytes).
    Removing dl_uart.o(.text.DL_UART_Main_saveConfiguration), (96 bytes).
    Removing dl_uart.o(.ARM.exidx.text.DL_UART_Main_saveConfiguration), (8 bytes).
    Removing dl_uart.o(.text.DL_UART_Main_restoreConfiguration), (120 bytes).
    Removing dl_uart.o(.ARM.exidx.text.DL_UART_Main_restoreConfiguration), (8 bytes).
    Removing dl_uart.o(.text.DL_UART_Extend_saveConfiguration), (112 bytes).
    Removing dl_uart.o(.ARM.exidx.text.DL_UART_Extend_saveConfiguration), (8 bytes).
    Removing dl_uart.o(.text.DL_UART_Extend_restoreConfiguration), (132 bytes).
    Removing dl_uart.o(.ARM.exidx.text.DL_UART_Extend_restoreConfiguration), (8 bytes).
    Removing dl_vref.o(.text), (0 bytes).
    Removing dl_vref.o(.text.DL_VREF_configReference), (32 bytes).
    Removing dl_vref.o(.ARM.exidx.text.DL_VREF_configReference), (8 bytes).
    Removing dl_vref.o(.text.DL_VREF_setClockConfig), (18 bytes).
    Removing dl_vref.o(.ARM.exidx.text.DL_VREF_setClockConfig), (8 bytes).
    Removing dl_vref.o(.text.DL_VREF_getClockConfig), (16 bytes).
    Removing dl_vref.o(.ARM.exidx.text.DL_VREF_getClockConfig), (8 bytes).
    Removing dl_wwdt.o(.text), (0 bytes).
    Removing oled.o(.text), (0 bytes).
    Removing oled.o(.text.OLED_SendCmd), (164 bytes).
    Removing oled.o(.ARM.exidx.text.OLED_SendCmd), (8 bytes).
    Removing oled.o(.text.OLED_WriteData), (164 bytes).
    Removing oled.o(.ARM.exidx.text.OLED_WriteData), (8 bytes).
    Removing oled.o(.text.OLED_SetCursor), (424 bytes).
    Removing oled.o(.ARM.exidx.text.OLED_SetCursor), (8 bytes).
    Removing oled.o(.text.OLED_Clear), (204 bytes).
    Removing oled.o(.ARM.exidx.text.OLED_Clear), (8 bytes).
    Removing oled.o(.text.OLED_Init), (3312 bytes).
    Removing oled.o(.ARM.exidx.text.OLED_Init), (8 bytes).
    Removing oled.o(.text.OLED_ShowChar), (376 bytes).
    Removing oled.o(.ARM.exidx.text.OLED_ShowChar), (8 bytes).
    Removing oled.o(.text.OLED_ShowString), (44 bytes).
    Removing oled.o(.ARM.exidx.text.OLED_ShowString), (8 bytes).
    Removing oled.o(.text.OLED_Pow), (60 bytes).
    Removing oled.o(.ARM.exidx.text.OLED_Pow), (8 bytes).
    Removing oled.o(.text.OLED_ShowNum), (224 bytes).
    Removing oled.o(.ARM.exidx.text.OLED_ShowNum), (8 bytes).
    Removing oled.o(.text.OLED_ShowSignedNum), (188 bytes).
    Removing oled.o(.ARM.exidx.text.OLED_ShowSignedNum), (8 bytes).
    Removing oled.o(.text.OLED_ShowHexNum), (132 bytes).
    Removing oled.o(.ARM.exidx.text.OLED_ShowHexNum), (8 bytes).
    Removing oled.o(.text.OLED_ShowBinNum), (132 bytes).
    Removing oled.o(.ARM.exidx.text.OLED_ShowBinNum), (8 bytes).
    Removing oled.o(.text.OLED_Printf), (80 bytes).
    Removing oled.o(.ARM.exidx.text.OLED_Printf), (8 bytes).
    Removing oled.o(.rodata.OLED_F8x16), (1520 bytes).
    Removing oled.o(.bss.init), (4 bytes).
    Removing vofa.o(.text), (0 bytes).
    Removing vofa.o(.ARM.exidx.text.vofa_transmitfloat), (8 bytes).
    Removing vofa.o(.ARM.exidx.text.vofa_add_value), (8 bytes).
    Removing vofa.o(.ARM.exidx.text.vofa_receive), (8 bytes).
    Removing vofa.o(.ARM.exidx.text.UART1_IRQHandler), (8 bytes).
    Removing motor.o(.text), (0 bytes).
    Removing motor.o(.ARM.exidx.text.motor_init), (8 bytes).
    Removing motor.o(.ARM.exidx.text.motor_speed), (8 bytes).
    Removing pid.o(.text), (0 bytes).
    Removing pid.o(.ARM.exidx.text.pid_run_speed), (8 bytes).
    Removing pid.o(.ARM.exidx.text.pid_run_rif), (8 bytes).
    Removing pid.o(.ARM.exidx.text.pid_run_distance), (8 bytes).
    Removing pid.o(.text.pid_run_wit), (56 bytes).
    Removing pid.o(.ARM.exidx.text.pid_run_wit), (8 bytes).
    Removing rif.o(.text), (0 bytes).
    Removing rif.o(.ARM.exidx.text.rif_to_value), (8 bytes).
    Removing wit.o(.text), (0 bytes).
    Removing wit.o(.ARM.exidx.text.wit_get_yaw), (8 bytes).
    Removing wit.o(.ARM.exidx.text.wit_get_roll), (8 bytes).
    Removing wit.o(.ARM.exidx.text.wit_get_pitch), (8 bytes).
    Removing wit.o(.ARM.exidx.text.UART0_IRQHandler), (8 bytes).
    Removing timer.o(.text), (0 bytes).
    Removing timer.o(.text.get_cpu_usage), (48 bytes).
    Removing timer.o(.ARM.exidx.text.get_cpu_usage), (8 bytes).
    Removing timer.o(.ARM.exidx.text.TIMG0_IRQHandler), (8 bytes).
    Removing qei.o(.text), (0 bytes).
    Removing qei.o(.ARM.exidx.text.qei_init), (8 bytes).
    Removing qei.o(.ARM.exidx.text.GROUP1_IRQHandler), (8 bytes).
    Removing qei.o(.ARM.exidx.text.qei_left_speed), (8 bytes).
    Removing qei.o(.ARM.exidx.text.qei_right_speed), (8 bytes).
    Removing flash.o(.text), (0 bytes).
    Removing task.o(.text), (0 bytes).
    Removing task.o(.text.use_task), (2 bytes).
    Removing task.o(.ARM.exidx.text.use_task), (8 bytes).
    Removing dfixul.o(.text), (64 bytes).
    Removing cdrcmple.o(.text), (40 bytes).

722 unused section(s) (total 31934 bytes) removed from the image.

==============================================================================

Image Symbol Table

    Local Symbols

    Symbol Name                              Value     Ov Type        Size  Object(Section)

    ../clib/division.s                       0x00000000   Number         0  aeabi_sdivfast.o ABSOLUTE
    ../clib/division.s                       0x00000000   Number         0  aeabi_sdivfast_div0.o ABSOLUTE
    ../clib/longlong.c                       0x00000000   Number         0  llmul.o ABSOLUTE
    ../clib/microlib/ctype/ctype.c           0x00000000   Number         0  isspace_c.o ABSOLUTE
    ../clib/microlib/ctype/ctype.c           0x00000000   Number         0  ctype_c.o ABSOLUTE
    ../clib/microlib/division.c              0x00000000   Number         0  uidiv.o ABSOLUTE
    ../clib/microlib/division.c              0x00000000   Number         0  uidiv_div0.o ABSOLUTE
    ../clib/microlib/division.c              0x00000000   Number         0  idiv_div0.o ABSOLUTE
    ../clib/microlib/division.c              0x00000000   Number         0  idiv0.o ABSOLUTE
    ../clib/microlib/division.c              0x00000000   Number         0  uldiv.o ABSOLUTE
    ../clib/microlib/init/entry.s            0x00000000   Number         0  entry.o ABSOLUTE
    ../clib/microlib/init/entry.s            0x00000000   Number         0  entry2.o ABSOLUTE
    ../clib/microlib/init/entry.s            0x00000000   Number         0  entry5.o ABSOLUTE
    ../clib/microlib/init/entry.s            0x00000000   Number         0  entry7a.o ABSOLUTE
    ../clib/microlib/init/entry.s            0x00000000   Number         0  entry7b.o ABSOLUTE
    ../clib/microlib/init/entry.s            0x00000000   Number         0  entry8a.o ABSOLUTE
    ../clib/microlib/init/entry.s            0x00000000   Number         0  entry8b.o ABSOLUTE
    ../clib/microlib/init/entry.s            0x00000000   Number         0  entry9a.o ABSOLUTE
    ../clib/microlib/init/entry.s            0x00000000   Number         0  entry9b.o ABSOLUTE
    ../clib/microlib/init/entry.s            0x00000000   Number         0  entry10a.o ABSOLUTE
    ../clib/microlib/init/entry.s            0x00000000   Number         0  entry10b.o ABSOLUTE
    ../clib/microlib/init/entry.s            0x00000000   Number         0  entry11a.o ABSOLUTE
    ../clib/microlib/init/entry.s            0x00000000   Number         0  entry11b.o ABSOLUTE
    ../clib/microlib/longlong.c              0x00000000   Number         0  llshl.o ABSOLUTE
    ../clib/microlib/longlong.c              0x00000000   Number         0  llsshr.o ABSOLUTE
    ../clib/microlib/longlong.c              0x00000000   Number         0  llushr.o ABSOLUTE
    ../clib/microlib/printf/printf.c         0x00000000   Number         0  printfa.o ABSOLUTE
    ../clib/microlib/stdio/fputc.c           0x00000000   Number         0  fputc.o ABSOLUTE
    ../clib/microlib/stdio/fputc.c           0x00000000   Number         0  fputc_h.o ABSOLUTE
    ../clib/microlib/stdio/semi.s            0x00000000   Number         0  semi.o ABSOLUTE
    ../clib/microlib/stdio/streams.c         0x00000000   Number         0  stdout.o ABSOLUTE
    ../clib/microlib/stubs.s                 0x00000000   Number         0  iusefp.o ABSOLUTE
    ../clib/microlib/stubs.s                 0x00000000   Number         0  iusesemip.o ABSOLUTE
    ../clib/scanf.c                          0x00000000   Number         0  __0sscanf.o ABSOLUTE
    ../clib/scanf.c                          0x00000000   Number         0  scanf_fp.o ABSOLUTE
    ../clib/scanf.c                          0x00000000   Number         0  scanf_char.o ABSOLUTE
    ../clib/scanf.c                          0x00000000   Number         0  _sgetc.o ABSOLUTE
    ../clib/scanf.c                          0x00000000   Number         0  _scanf.o ABSOLUTE
    ../fplib/microlib/d2f.c                  0x00000000   Number         0  d2f.o ABSOLUTE
    ../fplib/microlib/f2d.c                  0x00000000   Number         0  f2d.o ABSOLUTE
    ../fplib/microlib/fpadd.c                0x00000000   Number         0  fadd.o ABSOLUTE
    ../fplib/microlib/fpadd.c                0x00000000   Number         0  dadd.o ABSOLUTE
    ../fplib/microlib/fpdiv.c                0x00000000   Number         0  ddiv.o ABSOLUTE
    ../fplib/microlib/fpepilogue.c           0x00000000   Number         0  fepilogue.o ABSOLUTE
    ../fplib/microlib/fpepilogue.c           0x00000000   Number         0  depilogue.o ABSOLUTE
    ../fplib/microlib/fpfix.c                0x00000000   Number         0  ffixi.o ABSOLUTE
    ../fplib/microlib/fpfix.c                0x00000000   Number         0  dfixul.o ABSOLUTE
    ../fplib/microlib/fpflt.c                0x00000000   Number         0  fflti.o ABSOLUTE
    ../fplib/microlib/fpflt.c                0x00000000   Number         0  ffltui.o ABSOLUTE
    ../fplib/microlib/fpflt.c                0x00000000   Number         0  dfltul.o ABSOLUTE
    ../fplib/microlib/fpmul.c                0x00000000   Number         0  fmul.o ABSOLUTE
    ../fplib/microlib/fpmul.c                0x00000000   Number         0  dmul.o ABSOLUTE
    cdrcmple.s                               0x00000000   Number         0  cdrcmple.o ABSOLUTE
    dc.s                                     0x00000000   Number         0  dc.o ABSOLUTE
    dl_adc12.c                               0x00000000   Number         0  dl_adc12.o ABSOLUTE
    dl_aes.c                                 0x00000000   Number         0  dl_aes.o ABSOLUTE
    dl_aesadv.c                              0x00000000   Number         0  dl_aesadv.o ABSOLUTE
    dl_common.c                              0x00000000   Number         0  dl_common.o ABSOLUTE
    dl_comp.c                                0x00000000   Number         0  dl_comp.o ABSOLUTE
    dl_crc.c                                 0x00000000   Number         0  dl_crc.o ABSOLUTE
    dl_crcp.c                                0x00000000   Number         0  dl_crcp.o ABSOLUTE
    dl_dac12.c                               0x00000000   Number         0  dl_dac12.o ABSOLUTE
    dl_dma.c                                 0x00000000   Number         0  dl_dma.o ABSOLUTE
    dl_flashctl.c                            0x00000000   Number         0  dl_flashctl.o ABSOLUTE
    dl_gpamp.c                               0x00000000   Number         0  dl_gpamp.o ABSOLUTE
    dl_gpio.c                                0x00000000   Number         0  dl_gpio.o ABSOLUTE
    dl_i2c.c                                 0x00000000   Number         0  dl_i2c.o ABSOLUTE
    dl_iwdt.c                                0x00000000   Number         0  dl_iwdt.o ABSOLUTE
    dl_keystorectl.c                         0x00000000   Number         0  dl_keystorectl.o ABSOLUTE
    dl_lcd.c                                 0x00000000   Number         0  dl_lcd.o ABSOLUTE
    dl_lfss.c                                0x00000000   Number         0  dl_lfss.o ABSOLUTE
    dl_mathacl.c                             0x00000000   Number         0  dl_mathacl.o ABSOLUTE
    dl_mcan.c                                0x00000000   Number         0  dl_mcan.o ABSOLUTE
    dl_opa.c                                 0x00000000   Number         0  dl_opa.o ABSOLUTE
    dl_rtc.c                                 0x00000000   Number         0  dl_rtc.o ABSOLUTE
    dl_rtc_a.c                               0x00000000   Number         0  dl_rtc_a.o ABSOLUTE
    dl_rtc_b.c                               0x00000000   Number         0  dl_rtc_b.o ABSOLUTE
    dl_rtc_common.c                          0x00000000   Number         0  dl_rtc_common.o ABSOLUTE
    dl_scratchpad.c                          0x00000000   Number         0  dl_scratchpad.o ABSOLUTE
    dl_spi.c                                 0x00000000   Number         0  dl_spi.o ABSOLUTE
    dl_sysctl_mspm0g1x0x_g3x0x.c             0x00000000   Number         0  dl_sysctl_mspm0g1x0x_g3x0x.o ABSOLUTE
    dl_tamperio.c                            0x00000000   Number         0  dl_tamperio.o ABSOLUTE
    dl_timer.c                               0x00000000   Number         0  dl_timer.o ABSOLUTE
    dl_timera.c                              0x00000000   Number         0  dl_timera.o ABSOLUTE
    dl_timerg.c                              0x00000000   Number         0  dl_timerg.o ABSOLUTE
    dl_trng.c                                0x00000000   Number         0  dl_trng.o ABSOLUTE
    dl_uart.c                                0x00000000   Number         0  dl_uart.o ABSOLUTE
    dl_vref.c                                0x00000000   Number         0  dl_vref.o ABSOLUTE
    dl_wwdt.c                                0x00000000   Number         0  dl_wwdt.o ABSOLUTE
    flash.c                                  0x00000000   Number         0  flash.o ABSOLUTE
    handlers.s                               0x00000000   Number         0  handlers.o ABSOLUTE
    init.s                                   0x00000000   Number         0  init.o ABSOLUTE
    main.c                                   0x00000000   Number         0  main.o ABSOLUTE
    motor.c                                  0x00000000   Number         0  motor.o ABSOLUTE
    oled.c                                   0x00000000   Number         0  oled.o ABSOLUTE
    pid.c                                    0x00000000   Number         0  pid.o ABSOLUTE
    qei.c                                    0x00000000   Number         0  qei.o ABSOLUTE
    rif.c                                    0x00000000   Number         0  rif.o ABSOLUTE
    startup_mspm0g350x_uvision.s             0x00000000   Number         0  startup_mspm0g350x_uvision.o ABSOLUTE
    task.c                                   0x00000000   Number         0  task.o ABSOLUTE
    ti_msp_dl_config.c                       0x00000000   Number         0  ti_msp_dl_config.o ABSOLUTE
    timer.c                                  0x00000000   Number         0  timer.o ABSOLUTE
    vofa.c                                   0x00000000   Number         0  vofa.o ABSOLUTE
    wit.c                                    0x00000000   Number         0  wit.o ABSOLUTE
    RESET                                    0x00000000   Section      192  startup_mspm0g350x_uvision.o(RESET)
    .ARM.Collect$$$$00000000                 0x000000c0   Section        0  entry.o(.ARM.Collect$$$$00000000)
    .ARM.Collect$$$$00000001                 0x000000c0   Section        4  entry2.o(.ARM.Collect$$$$00000001)
    .ARM.Collect$$$$00000004                 0x000000c4   Section        4  entry5.o(.ARM.Collect$$$$00000004)
    .ARM.Collect$$$$00000008                 0x000000c8   Section        0  entry7b.o(.ARM.Collect$$$$00000008)
    .ARM.Collect$$$$0000000A                 0x000000c8   Section        0  entry8b.o(.ARM.Collect$$$$0000000A)
    .ARM.Collect$$$$0000000B                 0x000000c8   Section        8  entry9a.o(.ARM.Collect$$$$0000000B)
    __lit__00000000                          0x000000d0   Data           4  entry2.o(.ARM.Collect$$$$00002712)
    .ARM.Collect$$$$0000000D                 0x000000d0   Section        0  entry10a.o(.ARM.Collect$$$$0000000D)
    .ARM.Collect$$$$0000000F                 0x000000d0   Section        0  entry11a.o(.ARM.Collect$$$$0000000F)
    .ARM.Collect$$$$00002712                 0x000000d0   Section        4  entry2.o(.ARM.Collect$$$$00002712)
    .text                                    0x000000d4   Section       20  startup_mspm0g350x_uvision.o(.text)
    .text                                    0x000000e8   Section        0  __0sscanf.o(.text)
    _fp_value                                0x00000125   Thumb Code   286  scanf_fp.o(.text)
    .text                                    0x00000124   Section        0  scanf_fp.o(.text)
    .text                                    0x00000498   Section        0  fadd.o(.text)
    .text                                    0x0000054a   Section        0  fmul.o(.text)
    .text                                    0x000005c4   Section        0  dadd.o(.text)
    .text                                    0x00000728   Section        0  dmul.o(.text)
    .text                                    0x000007f8   Section        0  fflti.o(.text)
    .text                                    0x0000080e   Section        0  ffltui.o(.text)
    .text                                    0x0000081c   Section        0  ffixi.o(.text)
    .text                                    0x0000084e   Section        0  f2d.o(.text)
    .text                                    0x00000876   Section        0  d2f.o(.text)
    .text                                    0x000008ae   Section        0  llmul.o(.text)
    .text                                    0x000008de   Section        0  llshl.o(.text)
    .text                                    0x000008fe   Section        0  llsshr.o(.text)
    _scanf_char_input                        0x00000925   Thumb Code    12  scanf_char.o(.text)
    .text                                    0x00000924   Section        0  scanf_char.o(.text)
    .text                                    0x00000950   Section        0  _sgetc.o(.text)
    .text                                    0x00000994   Section        0  iusefp.o(.text)
    .text                                    0x00000994   Section        0  fepilogue.o(.text)
    .text                                    0x00000a16   Section        0  depilogue.o(.text)
    .text                                    0x00000ad4   Section        0  ddiv.o(.text)
    .text                                    0x00000bc4   Section        0  dfltul.o(.text)
    .text                                    0x00000be0   Section       48  init.o(.text)
    .text                                    0x00000c10   Section        0  llushr.o(.text)
    .text                                    0x00000c32   Section        0  isspace_c.o(.text)
    .text                                    0x00000c40   Section        0  _scanf.o(.text)
    .text                                    0x00000f78   Section        0  ctype_c.o(.text)
    [Anonymous Symbol]                       0x00000f9c   Section        0  dl_common.o(.text.DL_Common_delayCycles)
    [Anonymous Symbol]                       0x00000fa6   Section        0  dl_i2c.o(.text.DL_I2C_setClockConfig)
    [Anonymous Symbol]                       0x00000fcc   Section        0  dl_sysctl_mspm0g1x0x_g3x0x.o(.text.DL_SYSCTL_configSYSPLL)
    __arm_cp.0_0                             0x000010a8   Number         4  dl_sysctl_mspm0g1x0x_g3x0x.o(.text.DL_SYSCTL_configSYSPLL)
    __arm_cp.0_2                             0x000010ac   Number         4  dl_sysctl_mspm0g1x0x_g3x0x.o(.text.DL_SYSCTL_configSYSPLL)
    __arm_cp.0_3                             0x000010b0   Number         4  dl_sysctl_mspm0g1x0x_g3x0x.o(.text.DL_SYSCTL_configSYSPLL)
    __arm_cp.0_4                             0x000010b4   Number         4  dl_sysctl_mspm0g1x0x_g3x0x.o(.text.DL_SYSCTL_configSYSPLL)
    [Anonymous Symbol]                       0x000010b8   Section        0  dl_sysctl_mspm0g1x0x_g3x0x.o(.text.DL_SYSCTL_switchMCLKfromSYSOSCtoHSCLK)
    __arm_cp.4_0                             0x00001100   Number         4  dl_sysctl_mspm0g1x0x_g3x0x.o(.text.DL_SYSCTL_switchMCLKfromSYSOSCtoHSCLK)
    __arm_cp.4_1                             0x00001104   Number         4  dl_sysctl_mspm0g1x0x_g3x0x.o(.text.DL_SYSCTL_switchMCLKfromSYSOSCtoHSCLK)
    [Anonymous Symbol]                       0x00001108   Section        0  dl_timer.o(.text.DL_Timer_initFourCCPWMMode)
    __arm_cp.40_1                            0x000011f4   Number         4  dl_timer.o(.text.DL_Timer_initFourCCPWMMode)
    __arm_cp.40_2                            0x000011f8   Number         4  dl_timer.o(.text.DL_Timer_initFourCCPWMMode)
    __arm_cp.40_4                            0x000011fc   Number         4  dl_timer.o(.text.DL_Timer_initFourCCPWMMode)
    __arm_cp.40_5                            0x00001200   Number         4  dl_timer.o(.text.DL_Timer_initFourCCPWMMode)
    __arm_cp.40_6                            0x00001204   Number         4  dl_timer.o(.text.DL_Timer_initFourCCPWMMode)
    [Anonymous Symbol]                       0x00001208   Section        0  dl_timer.o(.text.DL_Timer_initTimerMode)
    __arm_cp.2_0                             0x000012e4   Number         4  dl_timer.o(.text.DL_Timer_initTimerMode)
    __arm_cp.2_1                             0x000012e8   Number         4  dl_timer.o(.text.DL_Timer_initTimerMode)
    __arm_cp.2_2                             0x000012ec   Number         4  dl_timer.o(.text.DL_Timer_initTimerMode)
    [Anonymous Symbol]                       0x000012f0   Section        0  dl_timer.o(.text.DL_Timer_setCaptCompUpdateMethod)
    __arm_cp.23_0                            0x00001308   Number         4  dl_timer.o(.text.DL_Timer_setCaptCompUpdateMethod)
    [Anonymous Symbol]                       0x0000130c   Section        0  dl_timer.o(.text.DL_Timer_setCaptureCompareOutCtl)
    __arm_cp.27_0                            0x00001320   Number         4  dl_timer.o(.text.DL_Timer_setCaptureCompareOutCtl)
    [Anonymous Symbol]                       0x00001324   Section        0  dl_timer.o(.text.DL_Timer_setCaptureCompareValue)
    __arm_cp.3_0                             0x00001330   Number         4  dl_timer.o(.text.DL_Timer_setCaptureCompareValue)
    [Anonymous Symbol]                       0x00001334   Section        0  dl_timer.o(.text.DL_Timer_setClockConfig)
    __arm_cp.0_0                             0x0000134c   Number         4  dl_timer.o(.text.DL_Timer_setClockConfig)
    [Anonymous Symbol]                       0x00001350   Section        0  dl_uart.o(.text.DL_UART_init)
    __arm_cp.0_0                             0x00001390   Number         4  dl_uart.o(.text.DL_UART_init)
    __arm_cp.0_1                             0x00001394   Number         4  dl_uart.o(.text.DL_UART_init)
    [Anonymous Symbol]                       0x00001398   Section        0  dl_uart.o(.text.DL_UART_setClockConfig)
    [Anonymous Symbol]                       0x000013ac   Section        0  dl_uart.o(.text.DL_UART_transmitDataBlocking)
    __arm_cp.7_0                             0x000013cc   Number         4  dl_uart.o(.text.DL_UART_transmitDataBlocking)
    [Anonymous Symbol]                       0x000013d0   Section        0  qei.o(.text.GROUP1_IRQHandler)
    __arm_cp.1_0                             0x00001428   Number         4  qei.o(.text.GROUP1_IRQHandler)
    __arm_cp.1_1                             0x0000142c   Number         4  qei.o(.text.GROUP1_IRQHandler)
    __arm_cp.1_2                             0x00001430   Number         4  qei.o(.text.GROUP1_IRQHandler)
    [Anonymous Symbol]                       0x00001434   Section        0  ti_msp_dl_config.o(.text.SYSCFG_DL_BLUE_TOOTH_init)
    __arm_cp.9_0                             0x000014d4   Number         4  ti_msp_dl_config.o(.text.SYSCFG_DL_BLUE_TOOTH_init)
    __arm_cp.9_1                             0x000014d8   Number         4  ti_msp_dl_config.o(.text.SYSCFG_DL_BLUE_TOOTH_init)
    __arm_cp.9_2                             0x000014dc   Number         4  ti_msp_dl_config.o(.text.SYSCFG_DL_BLUE_TOOTH_init)
    __arm_cp.9_3                             0x000014e0   Number         4  ti_msp_dl_config.o(.text.SYSCFG_DL_BLUE_TOOTH_init)
    __arm_cp.9_4                             0x000014e4   Number         4  ti_msp_dl_config.o(.text.SYSCFG_DL_BLUE_TOOTH_init)
    __arm_cp.9_5                             0x000014e8   Number         4  ti_msp_dl_config.o(.text.SYSCFG_DL_BLUE_TOOTH_init)
    [Anonymous Symbol]                       0x000014ec   Section        0  ti_msp_dl_config.o(.text.SYSCFG_DL_GPIO_init)
    __arm_cp.2_0                             0x000015a4   Number         4  ti_msp_dl_config.o(.text.SYSCFG_DL_GPIO_init)
    __arm_cp.2_1                             0x000015a8   Number         4  ti_msp_dl_config.o(.text.SYSCFG_DL_GPIO_init)
    __arm_cp.2_2                             0x000015ac   Number         4  ti_msp_dl_config.o(.text.SYSCFG_DL_GPIO_init)
    __arm_cp.2_3                             0x000015b0   Number         4  ti_msp_dl_config.o(.text.SYSCFG_DL_GPIO_init)
    __arm_cp.2_4                             0x000015b4   Number         4  ti_msp_dl_config.o(.text.SYSCFG_DL_GPIO_init)
    __arm_cp.2_5                             0x000015b8   Number         4  ti_msp_dl_config.o(.text.SYSCFG_DL_GPIO_init)
    __arm_cp.2_6                             0x000015bc   Number         4  ti_msp_dl_config.o(.text.SYSCFG_DL_GPIO_init)
    __arm_cp.2_7                             0x000015c0   Number         4  ti_msp_dl_config.o(.text.SYSCFG_DL_GPIO_init)
    __arm_cp.2_8                             0x000015c4   Number         4  ti_msp_dl_config.o(.text.SYSCFG_DL_GPIO_init)
    __arm_cp.2_9                             0x000015c8   Number         4  ti_msp_dl_config.o(.text.SYSCFG_DL_GPIO_init)
    __arm_cp.2_10                            0x000015cc   Number         4  ti_msp_dl_config.o(.text.SYSCFG_DL_GPIO_init)
    [Anonymous Symbol]                       0x000015d0   Section        0  ti_msp_dl_config.o(.text.SYSCFG_DL_Motor_init)
    __arm_cp.4_0                             0x00001644   Number         4  ti_msp_dl_config.o(.text.SYSCFG_DL_Motor_init)
    __arm_cp.4_1                             0x00001648   Number         4  ti_msp_dl_config.o(.text.SYSCFG_DL_Motor_init)
    __arm_cp.4_2                             0x0000164c   Number         4  ti_msp_dl_config.o(.text.SYSCFG_DL_Motor_init)
    __arm_cp.4_3                             0x00001650   Number         4  ti_msp_dl_config.o(.text.SYSCFG_DL_Motor_init)
    __arm_cp.4_4                             0x00001654   Number         4  ti_msp_dl_config.o(.text.SYSCFG_DL_Motor_init)
    __arm_cp.4_5                             0x00001658   Number         4  ti_msp_dl_config.o(.text.SYSCFG_DL_Motor_init)
    [Anonymous Symbol]                       0x0000165c   Section        0  ti_msp_dl_config.o(.text.SYSCFG_DL_OLED_init)
    __arm_cp.6_0                             0x000016a4   Number         4  ti_msp_dl_config.o(.text.SYSCFG_DL_OLED_init)
    __arm_cp.6_1                             0x000016a8   Number         4  ti_msp_dl_config.o(.text.SYSCFG_DL_OLED_init)
    __arm_cp.6_2                             0x000016ac   Number         4  ti_msp_dl_config.o(.text.SYSCFG_DL_OLED_init)
    [Anonymous Symbol]                       0x000016b0   Section        0  ti_msp_dl_config.o(.text.SYSCFG_DL_SYSCTL_CLK_init)
    __arm_cp.10_0                            0x000016d8   Number         4  ti_msp_dl_config.o(.text.SYSCFG_DL_SYSCTL_CLK_init)
    __arm_cp.10_1                            0x000016dc   Number         4  ti_msp_dl_config.o(.text.SYSCFG_DL_SYSCTL_CLK_init)
    [Anonymous Symbol]                       0x000016e0   Section        0  ti_msp_dl_config.o(.text.SYSCFG_DL_SYSCTL_init)
    __arm_cp.3_0                             0x00001740   Number         4  ti_msp_dl_config.o(.text.SYSCFG_DL_SYSCTL_init)
    __arm_cp.3_1                             0x00001744   Number         4  ti_msp_dl_config.o(.text.SYSCFG_DL_SYSCTL_init)
    __arm_cp.3_2                             0x00001748   Number         4  ti_msp_dl_config.o(.text.SYSCFG_DL_SYSCTL_init)
    __arm_cp.3_3                             0x0000174c   Number         4  ti_msp_dl_config.o(.text.SYSCFG_DL_SYSCTL_init)
    [Anonymous Symbol]                       0x00001750   Section        0  ti_msp_dl_config.o(.text.SYSCFG_DL_TIMER_init)
    __arm_cp.5_0                             0x00001778   Number         4  ti_msp_dl_config.o(.text.SYSCFG_DL_TIMER_init)
    __arm_cp.5_1                             0x0000177c   Number         4  ti_msp_dl_config.o(.text.SYSCFG_DL_TIMER_init)
    __arm_cp.5_2                             0x00001780   Number         4  ti_msp_dl_config.o(.text.SYSCFG_DL_TIMER_init)
    __arm_cp.5_3                             0x00001784   Number         4  ti_msp_dl_config.o(.text.SYSCFG_DL_TIMER_init)
    __arm_cp.5_4                             0x00001788   Number         4  ti_msp_dl_config.o(.text.SYSCFG_DL_TIMER_init)
    [Anonymous Symbol]                       0x0000178c   Section        0  ti_msp_dl_config.o(.text.SYSCFG_DL_WIT_init)
    __arm_cp.7_0                             0x000017b0   Number         4  ti_msp_dl_config.o(.text.SYSCFG_DL_WIT_init)
    __arm_cp.7_1                             0x000017b4   Number         4  ti_msp_dl_config.o(.text.SYSCFG_DL_WIT_init)
    __arm_cp.7_2                             0x000017b8   Number         4  ti_msp_dl_config.o(.text.SYSCFG_DL_WIT_init)
    [Anonymous Symbol]                       0x000017bc   Section        0  ti_msp_dl_config.o(.text.SYSCFG_DL_WIT_uart_init)
    __arm_cp.8_0                             0x0000184c   Number         4  ti_msp_dl_config.o(.text.SYSCFG_DL_WIT_uart_init)
    __arm_cp.8_1                             0x00001850   Number         4  ti_msp_dl_config.o(.text.SYSCFG_DL_WIT_uart_init)
    __arm_cp.8_2                             0x00001854   Number         4  ti_msp_dl_config.o(.text.SYSCFG_DL_WIT_uart_init)
    __arm_cp.8_3                             0x00001858   Number         4  ti_msp_dl_config.o(.text.SYSCFG_DL_WIT_uart_init)
    __arm_cp.8_4                             0x0000185c   Number         4  ti_msp_dl_config.o(.text.SYSCFG_DL_WIT_uart_init)
    __arm_cp.8_5                             0x00001860   Number         4  ti_msp_dl_config.o(.text.SYSCFG_DL_WIT_uart_init)
    __arm_cp.8_6                             0x00001864   Number         4  ti_msp_dl_config.o(.text.SYSCFG_DL_WIT_uart_init)
    [Anonymous Symbol]                       0x00001868   Section        0  ti_msp_dl_config.o(.text.SYSCFG_DL_init)
    __arm_cp.0_0                             0x0000189c   Number         4  ti_msp_dl_config.o(.text.SYSCFG_DL_init)
    [Anonymous Symbol]                       0x000018a0   Section        0  ti_msp_dl_config.o(.text.SYSCFG_DL_initPower)
    __arm_cp.1_0                             0x000018e8   Number         4  ti_msp_dl_config.o(.text.SYSCFG_DL_initPower)
    __arm_cp.1_1                             0x000018ec   Number         4  ti_msp_dl_config.o(.text.SYSCFG_DL_initPower)
    __arm_cp.1_2                             0x000018f0   Number         4  ti_msp_dl_config.o(.text.SYSCFG_DL_initPower)
    __arm_cp.1_3                             0x000018f4   Number         4  ti_msp_dl_config.o(.text.SYSCFG_DL_initPower)
    __arm_cp.1_4                             0x000018f8   Number         4  ti_msp_dl_config.o(.text.SYSCFG_DL_initPower)
    __arm_cp.1_5                             0x000018fc   Number         4  ti_msp_dl_config.o(.text.SYSCFG_DL_initPower)
    __arm_cp.1_6                             0x00001900   Number         4  ti_msp_dl_config.o(.text.SYSCFG_DL_initPower)
    __arm_cp.1_7                             0x00001904   Number         4  ti_msp_dl_config.o(.text.SYSCFG_DL_initPower)
    __arm_cp.1_8                             0x00001908   Number         4  ti_msp_dl_config.o(.text.SYSCFG_DL_initPower)
    __arm_cp.1_9                             0x0000190c   Number         4  ti_msp_dl_config.o(.text.SYSCFG_DL_initPower)
    [Anonymous Symbol]                       0x00001910   Section        0  timer.o(.text.TIMG0_IRQHandler)
    __arm_cp.1_0                             0x00001a54   Number         4  timer.o(.text.TIMG0_IRQHandler)
    __arm_cp.1_1                             0x00001a58   Number         4  timer.o(.text.TIMG0_IRQHandler)
    __arm_cp.1_2                             0x00001a5c   Number         4  timer.o(.text.TIMG0_IRQHandler)
    __arm_cp.1_3                             0x00001a60   Number         4  timer.o(.text.TIMG0_IRQHandler)
    __arm_cp.1_4                             0x00001a64   Number         4  timer.o(.text.TIMG0_IRQHandler)
    __arm_cp.1_5                             0x00001a68   Number         4  timer.o(.text.TIMG0_IRQHandler)
    __arm_cp.1_6                             0x00001a6c   Number         4  timer.o(.text.TIMG0_IRQHandler)
    [Anonymous Symbol]                       0x00001a70   Section        0  wit.o(.text.UART0_IRQHandler)
    __arm_cp.3_0                             0x00001b10   Number         4  wit.o(.text.UART0_IRQHandler)
    __arm_cp.3_1                             0x00001b14   Number         4  wit.o(.text.UART0_IRQHandler)
    __arm_cp.3_2                             0x00001b18   Number         4  wit.o(.text.UART0_IRQHandler)
    [Anonymous Symbol]                       0x00001b1c   Section        0  vofa.o(.text.UART1_IRQHandler)
    __arm_cp.3_0                             0x00001b54   Number         4  vofa.o(.text.UART1_IRQHandler)
    __arm_cp.3_1                             0x00001b58   Number         4  vofa.o(.text.UART1_IRQHandler)
    __arm_cp.3_2                             0x00001b5c   Number         4  vofa.o(.text.UART1_IRQHandler)
    [Anonymous Symbol]                       0x00001b60   Section        0  main.o(.text.main)
    __arm_cp.0_2                             0x00001b90   Number         4  main.o(.text.main)
    [Anonymous Symbol]                       0x00001b94   Section        0  motor.o(.text.motor_init)
    __arm_cp.0_1                             0x00001be0   Number         4  motor.o(.text.motor_init)
    [Anonymous Symbol]                       0x00001be4   Section        0  motor.o(.text.motor_speed)
    __arm_cp.1_0                             0x00001c48   Number         4  motor.o(.text.motor_speed)
    __arm_cp.1_1                             0x00001c4c   Number         4  motor.o(.text.motor_speed)
    [Anonymous Symbol]                       0x00001c50   Section        0  pid.o(.text.pid_run_distance)
    [Anonymous Symbol]                       0x00001c88   Section        0  pid.o(.text.pid_run_rif)
    __arm_cp.1_0                             0x00001cf8   Number         4  pid.o(.text.pid_run_rif)
    __arm_cp.1_1                             0x00001cfc   Number         4  pid.o(.text.pid_run_rif)
    __arm_cp.1_3                             0x00001d00   Number         4  pid.o(.text.pid_run_rif)
    [Anonymous Symbol]                       0x00001d04   Section        0  pid.o(.text.pid_run_speed)
    __arm_cp.0_0                             0x00001dbc   Number         4  pid.o(.text.pid_run_speed)
    __arm_cp.0_1                             0x00001dc0   Number         4  pid.o(.text.pid_run_speed)
    __arm_cp.0_2                             0x00001dc4   Number         4  pid.o(.text.pid_run_speed)
    [Anonymous Symbol]                       0x00001dc8   Section        0  qei.o(.text.qei_init)
    __arm_cp.0_0                             0x00001dd0   Number         4  qei.o(.text.qei_init)
    [Anonymous Symbol]                       0x00001dd4   Section        0  qei.o(.text.qei_left_speed)
    [Anonymous Symbol]                       0x00001de0   Section        0  qei.o(.text.qei_right_speed)
    __arm_cp.3_0                             0x00001dec   Number         4  qei.o(.text.qei_right_speed)
    [Anonymous Symbol]                       0x00001df0   Section        0  rif.o(.text.rif_to_value)
    [Anonymous Symbol]                       0x00001fb8   Section        0  vofa.o(.text.vofa_add_value)
    [Anonymous Symbol]                       0x00001fd4   Section        0  vofa.o(.text.vofa_receive)
    __arm_cp.2_0                             0x00002180   Number         4  vofa.o(.text.vofa_receive)
    __arm_cp.2_1                             0x00002184   Number         4  vofa.o(.text.vofa_receive)
    __arm_cp.2_2                             0x00002188   Number         4  vofa.o(.text.vofa_receive)
    __arm_cp.2_3                             0x0000218c   Number         4  vofa.o(.text.vofa_receive)
    __arm_cp.2_4                             0x00002190   Number         4  vofa.o(.text.vofa_receive)
    __arm_cp.2_5                             0x00002194   Number         4  vofa.o(.text.vofa_receive)
    __arm_cp.2_6                             0x00002198   Number         4  vofa.o(.text.vofa_receive)
    [Anonymous Symbol]                       0x0000219c   Section        0  vofa.o(.text.vofa_transmitfloat)
    __arm_cp.0_0                             0x00002204   Number         4  vofa.o(.text.vofa_transmitfloat)
    [Anonymous Symbol]                       0x00002208   Section        0  wit.o(.text.wit_get_pitch)
    [Anonymous Symbol]                       0x00002210   Section        0  wit.o(.text.wit_get_roll)
    [Anonymous Symbol]                       0x00002218   Section        0  wit.o(.text.wit_get_yaw)
    __arm_cp.0_0                             0x00002220   Number         4  wit.o(.text.wit_get_yaw)
    i.__ARM_clz                              0x00002224   Section        0  depilogue.o(i.__ARM_clz)
    i.__scatterload_copy                     0x00002258   Section       14  handlers.o(i.__scatterload_copy)
    i.__scatterload_null                     0x00002268   Section        2  handlers.o(i.__scatterload_null)
    i.__scatterload_zeroinit                 0x00002270   Section       14  handlers.o(i.__scatterload_zeroinit)
    i._is_digit                              0x0000227e   Section        0  scanf_fp.o(i._is_digit)
    .constdata                               0x0000228c   Section       64  ctype_c.o(.constdata)
    gBLUE_TOOTHClockConfig                   0x000022cc   Data           2  ti_msp_dl_config.o(.rodata.gBLUE_TOOTHClockConfig)
    [Anonymous Symbol]                       0x000022cc   Section        0  ti_msp_dl_config.o(.rodata.gBLUE_TOOTHClockConfig)
    gBLUE_TOOTHConfig                        0x000022ce   Data          10  ti_msp_dl_config.o(.rodata.gBLUE_TOOTHConfig)
    [Anonymous Symbol]                       0x000022ce   Section        0  ti_msp_dl_config.o(.rodata.gBLUE_TOOTHConfig)
    gMotorClockConfig                        0x000022d8   Data           3  ti_msp_dl_config.o(.rodata.gMotorClockConfig)
    [Anonymous Symbol]                       0x000022d8   Section        0  ti_msp_dl_config.o(.rodata.gMotorClockConfig)
    gMotorConfig                             0x000022dc   Data           8  ti_msp_dl_config.o(.rodata.gMotorConfig)
    [Anonymous Symbol]                       0x000022dc   Section        0  ti_msp_dl_config.o(.rodata.gMotorConfig)
    gOLEDClockConfig                         0x000022e4   Data           2  ti_msp_dl_config.o(.rodata.gOLEDClockConfig)
    [Anonymous Symbol]                       0x000022e4   Section        0  ti_msp_dl_config.o(.rodata.gOLEDClockConfig)
    gSYSPLLConfig                            0x000022e8   Data          40  ti_msp_dl_config.o(.rodata.gSYSPLLConfig)
    [Anonymous Symbol]                       0x000022e8   Section        0  ti_msp_dl_config.o(.rodata.gSYSPLLConfig)
    gTIMERClockConfig                        0x00002310   Data           3  ti_msp_dl_config.o(.rodata.gTIMERClockConfig)
    [Anonymous Symbol]                       0x00002310   Section        0  ti_msp_dl_config.o(.rodata.gTIMERClockConfig)
    gTIMERTimerConfig                        0x00002314   Data          20  ti_msp_dl_config.o(.rodata.gTIMERTimerConfig)
    [Anonymous Symbol]                       0x00002314   Section        0  ti_msp_dl_config.o(.rodata.gTIMERTimerConfig)
    gWITClockConfig                          0x00002328   Data           2  ti_msp_dl_config.o(.rodata.gWITClockConfig)
    [Anonymous Symbol]                       0x00002328   Section        0  ti_msp_dl_config.o(.rodata.gWITClockConfig)
    gWIT_uartClockConfig                     0x0000232a   Data           2  ti_msp_dl_config.o(.rodata.gWIT_uartClockConfig)
    [Anonymous Symbol]                       0x0000232a   Section        0  ti_msp_dl_config.o(.rodata.gWIT_uartClockConfig)
    gWIT_uartConfig                          0x0000232c   Data          10  ti_msp_dl_config.o(.rodata.gWIT_uartConfig)
    [Anonymous Symbol]                       0x0000232c   Section        0  ti_msp_dl_config.o(.rodata.gWIT_uartConfig)
    [Anonymous Symbol]                       0x00002336   Section        0  vofa.o(.rodata.str1.1)
    [Anonymous Symbol]                       0x20200060   Section        0  vofa.o(.bss..L_MergedGlobals)
    angle.0                                  0x20200078   Data           2  wit.o(.bss..L_MergedGlobals)
    [Anonymous Symbol]                       0x20200078   Section        0  wit.o(.bss..L_MergedGlobals)
    angle.1                                  0x2020007a   Data           2  wit.o(.bss..L_MergedGlobals)
    angle.2                                  0x2020007c   Data           2  wit.o(.bss..L_MergedGlobals)
    Wit_rx                                   0x2020007e   Data          14  wit.o(.bss..L_MergedGlobals)
    [Anonymous Symbol]                       0x2020008c   Section        0  timer.o(.bss..L_MergedGlobals)
    cpu_counter                              0x20200090   Data           4  timer.o(.bss..L_MergedGlobals)
    right_speed                              0x202000c8   Data           4  qei.o(.bss..L_MergedGlobals)
    [Anonymous Symbol]                       0x202000c8   Section        0  qei.o(.bss..L_MergedGlobals)
    left_speed                               0x202000cc   Data           4  qei.o(.bss..L_MergedGlobals)
    STACK                                    0x202001d0   Section     1024  startup_mspm0g350x_uvision.o(STACK)

    Global Symbols

    Symbol Name                              Value     Ov Type        Size  Object(Section)

    BuildAttributes$$THM_ISAv3M$S$PE$A:L22$X:L11$S22$IEEE1$IW$~IW$USESV6$~STKCKD$USESV7$~SHL$OTIME$ROPI$EBA8$MICROLIB$REQ8$PRES8$EABIv2 0x00000000   Number         0  anon$$obj.o ABSOLUTE
    __Vectors                                0x00000000   Data           4  startup_mspm0g350x_uvision.o(RESET)
    __cpp_initialize__aeabi_                  - Undefined Weak Reference
    __cxa_finalize                            - Undefined Weak Reference
    __decompress                              - Undefined Weak Reference
    _clock_init                               - Undefined Weak Reference
    _microlib_exit                            - Undefined Weak Reference
    _scanf_int                                - Undefined Weak Reference
    _scanf_longlong                           - Undefined Weak Reference
    _scanf_string                             - Undefined Weak Reference
    __Vectors_End                            0x000000c0   Data           0  startup_mspm0g350x_uvision.o(RESET)
    __Vectors_Size                           0x000000c0   Number         0  startup_mspm0g350x_uvision.o ABSOLUTE
    __main                                   0x000000c1   Thumb Code     0  entry.o(.ARM.Collect$$$$00000000)
    _main_stk                                0x000000c1   Thumb Code     0  entry2.o(.ARM.Collect$$$$00000001)
    _main_scatterload                        0x000000c5   Thumb Code     0  entry5.o(.ARM.Collect$$$$00000004)
    __main_after_scatterload                 0x000000c9   Thumb Code     0  entry5.o(.ARM.Collect$$$$00000004)
    _main_clock                              0x000000c9   Thumb Code     0  entry7b.o(.ARM.Collect$$$$00000008)
    _main_cpp_init                           0x000000c9   Thumb Code     0  entry8b.o(.ARM.Collect$$$$0000000A)
    _main_init                               0x000000c9   Thumb Code     0  entry9a.o(.ARM.Collect$$$$0000000B)
    __rt_final_cpp                           0x000000d1   Thumb Code     0  entry10a.o(.ARM.Collect$$$$0000000D)
    __rt_final_exit                          0x000000d1   Thumb Code     0  entry11a.o(.ARM.Collect$$$$0000000F)
    Reset_Handler                            0x000000d5   Thumb Code     4  startup_mspm0g350x_uvision.o(.text)
    NMI_Handler                              0x000000d9   Thumb Code     2  startup_mspm0g350x_uvision.o(.text)
    HardFault_Handler                        0x000000db   Thumb Code     2  startup_mspm0g350x_uvision.o(.text)
    SVC_Handler                              0x000000dd   Thumb Code     2  startup_mspm0g350x_uvision.o(.text)
    PendSV_Handler                           0x000000df   Thumb Code     2  startup_mspm0g350x_uvision.o(.text)
    SysTick_Handler                          0x000000e1   Thumb Code     2  startup_mspm0g350x_uvision.o(.text)
    ADC0_IRQHandler                          0x000000e3   Thumb Code     0  startup_mspm0g350x_uvision.o(.text)
    ADC1_IRQHandler                          0x000000e3   Thumb Code     0  startup_mspm0g350x_uvision.o(.text)
    AES_IRQHandler                           0x000000e3   Thumb Code     0  startup_mspm0g350x_uvision.o(.text)
    CANFD0_IRQHandler                        0x000000e3   Thumb Code     0  startup_mspm0g350x_uvision.o(.text)
    DAC0_IRQHandler                          0x000000e3   Thumb Code     0  startup_mspm0g350x_uvision.o(.text)
    DMA_IRQHandler                           0x000000e3   Thumb Code     0  startup_mspm0g350x_uvision.o(.text)
    Default_Handler                          0x000000e3   Thumb Code     2  startup_mspm0g350x_uvision.o(.text)
    GROUP0_IRQHandler                        0x000000e3   Thumb Code     0  startup_mspm0g350x_uvision.o(.text)
    I2C0_IRQHandler                          0x000000e3   Thumb Code     0  startup_mspm0g350x_uvision.o(.text)
    I2C1_IRQHandler                          0x000000e3   Thumb Code     0  startup_mspm0g350x_uvision.o(.text)
    RTC_IRQHandler                           0x000000e3   Thumb Code     0  startup_mspm0g350x_uvision.o(.text)
    SPI0_IRQHandler                          0x000000e3   Thumb Code     0  startup_mspm0g350x_uvision.o(.text)
    SPI1_IRQHandler                          0x000000e3   Thumb Code     0  startup_mspm0g350x_uvision.o(.text)
    TIMA0_IRQHandler                         0x000000e3   Thumb Code     0  startup_mspm0g350x_uvision.o(.text)
    TIMA1_IRQHandler                         0x000000e3   Thumb Code     0  startup_mspm0g350x_uvision.o(.text)
    TIMG12_IRQHandler                        0x000000e3   Thumb Code     0  startup_mspm0g350x_uvision.o(.text)
    TIMG6_IRQHandler                         0x000000e3   Thumb Code     0  startup_mspm0g350x_uvision.o(.text)
    TIMG7_IRQHandler                         0x000000e3   Thumb Code     0  startup_mspm0g350x_uvision.o(.text)
    TIMG8_IRQHandler                         0x000000e3   Thumb Code     0  startup_mspm0g350x_uvision.o(.text)
    UART2_IRQHandler                         0x000000e3   Thumb Code     0  startup_mspm0g350x_uvision.o(.text)
    UART3_IRQHandler                         0x000000e3   Thumb Code     0  startup_mspm0g350x_uvision.o(.text)
    __0sscanf                                0x000000e9   Thumb Code    50  __0sscanf.o(.text)
    _scanf_real                              0x00000243   Thumb Code     0  scanf_fp.o(.text)
    _scanf_really_real                       0x00000243   Thumb Code   584  scanf_fp.o(.text)
    __aeabi_fadd                             0x00000499   Thumb Code   162  fadd.o(.text)
    __aeabi_fsub                             0x0000053b   Thumb Code     8  fadd.o(.text)
    __aeabi_frsub                            0x00000543   Thumb Code     8  fadd.o(.text)
    __aeabi_fmul                             0x0000054b   Thumb Code   122  fmul.o(.text)
    __aeabi_dadd                             0x000005c5   Thumb Code   328  dadd.o(.text)
    __aeabi_dsub                             0x0000070d   Thumb Code    12  dadd.o(.text)
    __aeabi_drsub                            0x00000719   Thumb Code    12  dadd.o(.text)
    __aeabi_dmul                             0x00000729   Thumb Code   202  dmul.o(.text)
    __aeabi_i2f                              0x000007f9   Thumb Code    22  fflti.o(.text)
    __aeabi_ui2f                             0x0000080f   Thumb Code    14  ffltui.o(.text)
    __aeabi_f2iz                             0x0000081d   Thumb Code    50  ffixi.o(.text)
    __aeabi_f2d                              0x0000084f   Thumb Code    40  f2d.o(.text)
    __aeabi_d2f                              0x00000877   Thumb Code    56  d2f.o(.text)
    __aeabi_lmul                             0x000008af   Thumb Code    48  llmul.o(.text)
    _ll_mul                                  0x000008af   Thumb Code     0  llmul.o(.text)
    __aeabi_llsl                             0x000008df   Thumb Code    32  llshl.o(.text)
    _ll_shift_l                              0x000008df   Thumb Code     0  llshl.o(.text)
    __aeabi_lasr                             0x000008ff   Thumb Code    38  llsshr.o(.text)
    _ll_sshift_r                             0x000008ff   Thumb Code     0  llsshr.o(.text)
    __vfscanf_char                           0x00000931   Thumb Code    24  scanf_char.o(.text)
    _sgetc                                   0x00000951   Thumb Code    32  _sgetc.o(.text)
    _sbackspace                              0x00000971   Thumb Code    36  _sgetc.o(.text)
    __I$use$fp                               0x00000995   Thumb Code     0  iusefp.o(.text)
    _float_round                             0x00000995   Thumb Code    16  fepilogue.o(.text)
    _float_epilogue                          0x000009a5   Thumb Code   114  fepilogue.o(.text)
    _double_round                            0x00000a17   Thumb Code    26  depilogue.o(.text)
    _double_epilogue                         0x00000a31   Thumb Code   164  depilogue.o(.text)
    __aeabi_ddiv                             0x00000ad5   Thumb Code   234  ddiv.o(.text)
    __aeabi_ul2d                             0x00000bc5   Thumb Code    22  dfltul.o(.text)
    __scatterload                            0x00000be1   Thumb Code    38  init.o(.text)
    __scatterload_rt2                        0x00000be1   Thumb Code     0  init.o(.text)
    __aeabi_llsr                             0x00000c11   Thumb Code    34  llushr.o(.text)
    _ll_ushift_r                             0x00000c11   Thumb Code     0  llushr.o(.text)
    isspace                                  0x00000c33   Thumb Code    14  isspace_c.o(.text)
    __vfscanf                                0x00000c41   Thumb Code   812  _scanf.o(.text)
    __ctype_lookup                           0x00000f79   Thumb Code    32  ctype_c.o(.text)
    DL_Common_delayCycles                    0x00000f9d   Thumb Code    10  dl_common.o(.text.DL_Common_delayCycles)
    DL_I2C_setClockConfig                    0x00000fa7   Thumb Code    38  dl_i2c.o(.text.DL_I2C_setClockConfig)
    DL_SYSCTL_configSYSPLL                   0x00000fcd   Thumb Code   220  dl_sysctl_mspm0g1x0x_g3x0x.o(.text.DL_SYSCTL_configSYSPLL)
    DL_SYSCTL_switchMCLKfromSYSOSCtoHSCLK    0x000010b9   Thumb Code    72  dl_sysctl_mspm0g1x0x_g3x0x.o(.text.DL_SYSCTL_switchMCLKfromSYSOSCtoHSCLK)
    DL_Timer_initFourCCPWMMode               0x00001109   Thumb Code   236  dl_timer.o(.text.DL_Timer_initFourCCPWMMode)
    DL_Timer_initTimerMode                   0x00001209   Thumb Code   220  dl_timer.o(.text.DL_Timer_initTimerMode)
    DL_Timer_setCaptCompUpdateMethod         0x000012f1   Thumb Code    24  dl_timer.o(.text.DL_Timer_setCaptCompUpdateMethod)
    DL_Timer_setCaptureCompareOutCtl         0x0000130d   Thumb Code    20  dl_timer.o(.text.DL_Timer_setCaptureCompareOutCtl)
    DL_Timer_setCaptureCompareValue          0x00001325   Thumb Code    12  dl_timer.o(.text.DL_Timer_setCaptureCompareValue)
    DL_Timer_setClockConfig                  0x00001335   Thumb Code    24  dl_timer.o(.text.DL_Timer_setClockConfig)
    DL_UART_init                             0x00001351   Thumb Code    64  dl_uart.o(.text.DL_UART_init)
    DL_UART_setClockConfig                   0x00001399   Thumb Code    18  dl_uart.o(.text.DL_UART_setClockConfig)
    DL_UART_transmitDataBlocking             0x000013ad   Thumb Code    32  dl_uart.o(.text.DL_UART_transmitDataBlocking)
    GROUP1_IRQHandler                        0x000013d1   Thumb Code    88  qei.o(.text.GROUP1_IRQHandler)
    SYSCFG_DL_BLUE_TOOTH_init                0x00001435   Thumb Code   160  ti_msp_dl_config.o(.text.SYSCFG_DL_BLUE_TOOTH_init)
    SYSCFG_DL_GPIO_init                      0x000014ed   Thumb Code   184  ti_msp_dl_config.o(.text.SYSCFG_DL_GPIO_init)
    SYSCFG_DL_Motor_init                     0x000015d1   Thumb Code   116  ti_msp_dl_config.o(.text.SYSCFG_DL_Motor_init)
    SYSCFG_DL_OLED_init                      0x0000165d   Thumb Code    72  ti_msp_dl_config.o(.text.SYSCFG_DL_OLED_init)
    SYSCFG_DL_SYSCTL_CLK_init                0x000016b1   Thumb Code    40  ti_msp_dl_config.o(.text.SYSCFG_DL_SYSCTL_CLK_init)
    SYSCFG_DL_SYSCTL_init                    0x000016e1   Thumb Code    96  ti_msp_dl_config.o(.text.SYSCFG_DL_SYSCTL_init)
    SYSCFG_DL_TIMER_init                     0x00001751   Thumb Code    40  ti_msp_dl_config.o(.text.SYSCFG_DL_TIMER_init)
    SYSCFG_DL_WIT_init                       0x0000178d   Thumb Code    36  ti_msp_dl_config.o(.text.SYSCFG_DL_WIT_init)
    SYSCFG_DL_WIT_uart_init                  0x000017bd   Thumb Code   144  ti_msp_dl_config.o(.text.SYSCFG_DL_WIT_uart_init)
    SYSCFG_DL_init                           0x00001869   Thumb Code    52  ti_msp_dl_config.o(.text.SYSCFG_DL_init)
    SYSCFG_DL_initPower                      0x000018a1   Thumb Code    72  ti_msp_dl_config.o(.text.SYSCFG_DL_initPower)
    TIMG0_IRQHandler                         0x00001911   Thumb Code   324  timer.o(.text.TIMG0_IRQHandler)
    UART0_IRQHandler                         0x00001a71   Thumb Code   160  wit.o(.text.UART0_IRQHandler)
    UART1_IRQHandler                         0x00001b1d   Thumb Code    56  vofa.o(.text.UART1_IRQHandler)
    main                                     0x00001b61   Thumb Code    48  main.o(.text.main)
    motor_init                               0x00001b95   Thumb Code    76  motor.o(.text.motor_init)
    motor_speed                              0x00001be5   Thumb Code   100  motor.o(.text.motor_speed)
    pid_run_distance                         0x00001c51   Thumb Code    54  pid.o(.text.pid_run_distance)
    pid_run_rif                              0x00001c89   Thumb Code   112  pid.o(.text.pid_run_rif)
    pid_run_speed                            0x00001d05   Thumb Code   184  pid.o(.text.pid_run_speed)
    qei_init                                 0x00001dc9   Thumb Code     8  qei.o(.text.qei_init)
    qei_left_speed                           0x00001dd5   Thumb Code    12  qei.o(.text.qei_left_speed)
    qei_right_speed                          0x00001de1   Thumb Code    12  qei.o(.text.qei_right_speed)
    rif_to_value                             0x00001df1   Thumb Code   456  rif.o(.text.rif_to_value)
    vofa_add_value                           0x00001fb9   Thumb Code    26  vofa.o(.text.vofa_add_value)
    vofa_receive                             0x00001fd5   Thumb Code   428  vofa.o(.text.vofa_receive)
    vofa_transmitfloat                       0x0000219d   Thumb Code   104  vofa.o(.text.vofa_transmitfloat)
    wit_get_pitch                            0x00002209   Thumb Code     8  wit.o(.text.wit_get_pitch)
    wit_get_roll                             0x00002211   Thumb Code     8  wit.o(.text.wit_get_roll)
    wit_get_yaw                              0x00002219   Thumb Code     8  wit.o(.text.wit_get_yaw)
    __ARM_clz                                0x00002225   Thumb Code    46  depilogue.o(i.__ARM_clz)
    __scatterload_copy                       0x00002259   Thumb Code    14  handlers.o(i.__scatterload_copy)
    __scatterload_null                       0x00002269   Thumb Code     2  handlers.o(i.__scatterload_null)
    __scatterload_zeroinit                   0x00002271   Thumb Code    14  handlers.o(i.__scatterload_zeroinit)
    _is_digit                                0x0000227f   Thumb Code    14  scanf_fp.o(i._is_digit)
    __ctype_categories                       0x0000228c   Data          64  ctype_c.o(.constdata)
    Region$$Table$$Base                      0x0000233c   Number         0  anon$$obj.o(Region$$Table)
    Region$$Table$$Limit                     0x0000235c   Number         0  anon$$obj.o(Region$$Table)
    speed                                    0x20200000   Data          92  timer.o(.data.speed)
    cmd                                      0x20200060   Data           1  vofa.o(.bss..L_MergedGlobals)
    rx                                       0x20200061   Data          22  vofa.o(.bss..L_MergedGlobals)
    set_speed                                0x2020008c   Data           4  timer.o(.bss..L_MergedGlobals)
    distance                                 0x20200094   Data          24  timer.o(.bss..L_MergedGlobals)
    rif                                      0x202000ac   Data          28  timer.o(.bss..L_MergedGlobals)
    angle                                    0x202000d0   Data          20  timer.o(.bss.angle)
    bluetooth                                0x202000e4   Data          44  vofa.o(.bss.bluetooth)
    gMotorBackup                             0x20200110   Data         188  ti_msp_dl_config.o(.bss.gMotorBackup)
    __initial_sp                             0x202005d0   Data           0  startup_mspm0g350x_uvision.o(STACK)



==============================================================================

Memory Map of the image

  Image Entry point : 0x000000c1

  Load Region LR_IROM1 (Base: 0x00000000, Size: 0x000023c0, Max: 0x00020000, ABSOLUTE)

    Execution Region ER_IROM1 (Exec base: 0x00000000, Load base: 0x00000000, Size: 0x0000235c, Max: 0x00020000, ABSOLUTE)

    Exec Addr    Load Addr    Size         Type   Attr      Idx    E Section Name        Object

    0x00000000   0x00000000   0x000000c0   Data   RO            3    RESET               startup_mspm0g350x_uvision.o
    0x000000c0   0x000000c0   0x00000000   Code   RO          988  * .ARM.Collect$$$$00000000  mc_p.l(entry.o)
    0x000000c0   0x000000c0   0x00000004   Code   RO         1049    .ARM.Collect$$$$00000001  mc_p.l(entry2.o)
    0x000000c4   0x000000c4   0x00000004   Code   RO         1052    .ARM.Collect$$$$00000004  mc_p.l(entry5.o)
    0x000000c8   0x000000c8   0x00000000   Code   RO         1054    .ARM.Collect$$$$00000008  mc_p.l(entry7b.o)
    0x000000c8   0x000000c8   0x00000000   Code   RO         1056    .ARM.Collect$$$$0000000A  mc_p.l(entry8b.o)
    0x000000c8   0x000000c8   0x00000008   Code   RO         1057    .ARM.Collect$$$$0000000B  mc_p.l(entry9a.o)
    0x000000d0   0x000000d0   0x00000000   Code   RO         1059    .ARM.Collect$$$$0000000D  mc_p.l(entry10a.o)
    0x000000d0   0x000000d0   0x00000000   Code   RO         1061    .ARM.Collect$$$$0000000F  mc_p.l(entry11a.o)
    0x000000d0   0x000000d0   0x00000004   Code   RO         1050    .ARM.Collect$$$$00002712  mc_p.l(entry2.o)
    0x000000d4   0x000000d4   0x00000014   Code   RO            4    .text               startup_mspm0g350x_uvision.o
    0x000000e8   0x000000e8   0x0000003c   Code   RO         1025    .text               mc_p.l(__0sscanf.o)
    0x00000124   0x00000124   0x00000374   Code   RO         1027    .text               mc_p.l(scanf_fp.o)
    0x00000498   0x00000498   0x000000b2   Code   RO         1031    .text               mf_p.l(fadd.o)
    0x0000054a   0x0000054a   0x0000007a   Code   RO         1033    .text               mf_p.l(fmul.o)
    0x000005c4   0x000005c4   0x00000164   Code   RO         1035    .text               mf_p.l(dadd.o)
    0x00000728   0x00000728   0x000000d0   Code   RO         1037    .text               mf_p.l(dmul.o)
    0x000007f8   0x000007f8   0x00000016   Code   RO         1039    .text               mf_p.l(fflti.o)
    0x0000080e   0x0000080e   0x0000000e   Code   RO         1041    .text               mf_p.l(ffltui.o)
    0x0000081c   0x0000081c   0x00000032   Code   RO         1043    .text               mf_p.l(ffixi.o)
    0x0000084e   0x0000084e   0x00000028   Code   RO         1045    .text               mf_p.l(f2d.o)
    0x00000876   0x00000876   0x00000038   Code   RO         1047    .text               mf_p.l(d2f.o)
    0x000008ae   0x000008ae   0x00000030   Code   RO         1080    .text               mc_p.l(llmul.o)
    0x000008de   0x000008de   0x00000020   Code   RO         1082    .text               mc_p.l(llshl.o)
    0x000008fe   0x000008fe   0x00000026   Code   RO         1084    .text               mc_p.l(llsshr.o)
    0x00000924   0x00000924   0x0000002c   Code   RO         1086    .text               mc_p.l(scanf_char.o)
    0x00000950   0x00000950   0x00000044   Code   RO         1088    .text               mc_p.l(_sgetc.o)
    0x00000994   0x00000994   0x00000000   Code   RO         1090    .text               mc_p.l(iusefp.o)
    0x00000994   0x00000994   0x00000082   Code   RO         1091    .text               mf_p.l(fepilogue.o)
    0x00000a16   0x00000a16   0x000000be   Code   RO         1093    .text               mf_p.l(depilogue.o)
    0x00000ad4   0x00000ad4   0x000000f0   Code   RO         1097    .text               mf_p.l(ddiv.o)
    0x00000bc4   0x00000bc4   0x0000001c   Code   RO         1099    .text               mf_p.l(dfltul.o)
    0x00000be0   0x00000be0   0x00000030   Code   RO         1105    .text               mc_p.l(init.o)
    0x00000c10   0x00000c10   0x00000022   Code   RO         1108    .text               mc_p.l(llushr.o)
    0x00000c32   0x00000c32   0x0000000e   Code   RO         1110    .text               mc_p.l(isspace_c.o)
    0x00000c40   0x00000c40   0x00000338   Code   RO         1112    .text               mc_p.l(_scanf.o)
    0x00000f78   0x00000f78   0x00000024   Code   RO         1115    .text               mc_p.l(ctype_c.o)
    0x00000f9c   0x00000f9c   0x0000000a   Code   RO          147    .text.DL_Common_delayCycles  dl_common.o
    0x00000fa6   0x00000fa6   0x00000026   Code   RO          366    .text.DL_I2C_setClockConfig  dl_i2c.o
    0x00000fcc   0x00000fcc   0x000000ec   Code   RO           66    .text.DL_SYSCTL_configSYSPLL  dl_sysctl_mspm0g1x0x_g3x0x.o
    0x000010b8   0x000010b8   0x00000050   Code   RO           74    .text.DL_SYSCTL_switchMCLKfromSYSOSCtoHSCLK  dl_sysctl_mspm0g1x0x_g3x0x.o
    0x00001108   0x00001108   0x00000100   Code   RO          750    .text.DL_Timer_initFourCCPWMMode  dl_timer.o
    0x00001208   0x00001208   0x000000e8   Code   RO          674    .text.DL_Timer_initTimerMode  dl_timer.o
    0x000012f0   0x000012f0   0x0000001c   Code   RO          716    .text.DL_Timer_setCaptCompUpdateMethod  dl_timer.o
    0x0000130c   0x0000130c   0x00000018   Code   RO          724    .text.DL_Timer_setCaptureCompareOutCtl  dl_timer.o
    0x00001324   0x00001324   0x00000010   Code   RO          676    .text.DL_Timer_setCaptureCompareValue  dl_timer.o
    0x00001334   0x00001334   0x0000001c   Code   RO          670    .text.DL_Timer_setClockConfig  dl_timer.o
    0x00001350   0x00001350   0x00000048   Code   RO          785    .text.DL_UART_init  dl_uart.o
    0x00001398   0x00001398   0x00000012   Code   RO          787    .text.DL_UART_setClockConfig  dl_uart.o
    0x000013aa   0x000013aa   0x00000002   PAD
    0x000013ac   0x000013ac   0x00000024   Code   RO          799    .text.DL_UART_transmitDataBlocking  dl_uart.o
    0x000013d0   0x000013d0   0x00000064   Code   RO          965    .text.GROUP1_IRQHandler  qei.o
    0x00001434   0x00001434   0x000000b8   Code   RO           38    .text.SYSCFG_DL_BLUE_TOOTH_init  ti_msp_dl_config.o
    0x000014ec   0x000014ec   0x000000e4   Code   RO           24    .text.SYSCFG_DL_GPIO_init  ti_msp_dl_config.o
    0x000015d0   0x000015d0   0x0000008c   Code   RO           28    .text.SYSCFG_DL_Motor_init  ti_msp_dl_config.o
    0x0000165c   0x0000165c   0x00000054   Code   RO           32    .text.SYSCFG_DL_OLED_init  ti_msp_dl_config.o
    0x000016b0   0x000016b0   0x00000030   Code   RO           40    .text.SYSCFG_DL_SYSCTL_CLK_init  ti_msp_dl_config.o
    0x000016e0   0x000016e0   0x00000070   Code   RO           26    .text.SYSCFG_DL_SYSCTL_init  ti_msp_dl_config.o
    0x00001750   0x00001750   0x0000003c   Code   RO           30    .text.SYSCFG_DL_TIMER_init  ti_msp_dl_config.o
    0x0000178c   0x0000178c   0x00000030   Code   RO           34    .text.SYSCFG_DL_WIT_init  ti_msp_dl_config.o
    0x000017bc   0x000017bc   0x000000ac   Code   RO           36    .text.SYSCFG_DL_WIT_uart_init  ti_msp_dl_config.o
    0x00001868   0x00001868   0x00000038   Code   RO           20    .text.SYSCFG_DL_init  ti_msp_dl_config.o
    0x000018a0   0x000018a0   0x00000070   Code   RO           22    .text.SYSCFG_DL_initPower  ti_msp_dl_config.o
    0x00001910   0x00001910   0x00000160   Code   RO          950    .text.TIMG0_IRQHandler  timer.o
    0x00001a70   0x00001a70   0x000000ac   Code   RO          938    .text.UART0_IRQHandler  wit.o
    0x00001b1c   0x00001b1c   0x00000044   Code   RO          882    .text.UART1_IRQHandler  vofa.o
    0x00001b60   0x00001b60   0x00000034   Code   RO           11    .text.main          main.o
    0x00001b94   0x00001b94   0x00000050   Code   RO          895    .text.motor_init    motor.o
    0x00001be4   0x00001be4   0x0000006c   Code   RO          897    .text.motor_speed   motor.o
    0x00001c50   0x00001c50   0x00000036   Code   RO          911    .text.pid_run_distance  pid.o
    0x00001c86   0x00001c86   0x00000002   PAD
    0x00001c88   0x00001c88   0x0000007c   Code   RO          909    .text.pid_run_rif   pid.o
    0x00001d04   0x00001d04   0x000000c4   Code   RO          907    .text.pid_run_speed  pid.o
    0x00001dc8   0x00001dc8   0x0000000c   Code   RO          963    .text.qei_init      qei.o
    0x00001dd4   0x00001dd4   0x0000000c   Code   RO          967    .text.qei_left_speed  qei.o
    0x00001de0   0x00001de0   0x00000010   Code   RO          969    .text.qei_right_speed  qei.o
    0x00001df0   0x00001df0   0x000001c8   Code   RO          923    .text.rif_to_value  rif.o
    0x00001fb8   0x00001fb8   0x0000001a   Code   RO          878    .text.vofa_add_value  vofa.o
    0x00001fd2   0x00001fd2   0x00000002   PAD
    0x00001fd4   0x00001fd4   0x000001c8   Code   RO          880    .text.vofa_receive  vofa.o
    0x0000219c   0x0000219c   0x0000006c   Code   RO          876    .text.vofa_transmitfloat  vofa.o
    0x00002208   0x00002208   0x00000008   Code   RO          936    .text.wit_get_pitch  wit.o
    0x00002210   0x00002210   0x00000008   Code   RO          934    .text.wit_get_roll  wit.o
    0x00002218   0x00002218   0x0000000c   Code   RO          932    .text.wit_get_yaw   wit.o
    0x00002224   0x00002224   0x0000002e   Code   RO         1095    i.__ARM_clz         mf_p.l(depilogue.o)
    0x00002252   0x00002252   0x00000006   PAD
    0x00002258   0x00002258   0x0000000e   Code   RO         1120    i.__scatterload_copy  mc_p.l(handlers.o)
    0x00002266   0x00002266   0x00000002   PAD
    0x00002268   0x00002268   0x00000002   Code   RO         1121    i.__scatterload_null  mc_p.l(handlers.o)
    0x0000226a   0x0000226a   0x00000006   PAD
    0x00002270   0x00002270   0x0000000e   Code   RO         1122    i.__scatterload_zeroinit  mc_p.l(handlers.o)
    0x0000227e   0x0000227e   0x0000000e   Code   RO         1029    i._is_digit         mc_p.l(scanf_fp.o)
    0x0000228c   0x0000228c   0x00000040   Data   RO         1116    .constdata          mc_p.l(ctype_c.o)
    0x000022cc   0x000022cc   0x00000002   Data   RO           56    .rodata.gBLUE_TOOTHClockConfig  ti_msp_dl_config.o
    0x000022ce   0x000022ce   0x0000000a   Data   RO           57    .rodata.gBLUE_TOOTHConfig  ti_msp_dl_config.o
    0x000022d8   0x000022d8   0x00000003   Data   RO           48    .rodata.gMotorClockConfig  ti_msp_dl_config.o
    0x000022db   0x000022db   0x00000001   PAD
    0x000022dc   0x000022dc   0x00000008   Data   RO           49    .rodata.gMotorConfig  ti_msp_dl_config.o
    0x000022e4   0x000022e4   0x00000002   Data   RO           52    .rodata.gOLEDClockConfig  ti_msp_dl_config.o
    0x000022e6   0x000022e6   0x00000002   PAD
    0x000022e8   0x000022e8   0x00000028   Data   RO           47    .rodata.gSYSPLLConfig  ti_msp_dl_config.o
    0x00002310   0x00002310   0x00000003   Data   RO           50    .rodata.gTIMERClockConfig  ti_msp_dl_config.o
    0x00002313   0x00002313   0x00000001   PAD
    0x00002314   0x00002314   0x00000014   Data   RO           51    .rodata.gTIMERTimerConfig  ti_msp_dl_config.o
    0x00002328   0x00002328   0x00000002   Data   RO           53    .rodata.gWITClockConfig  ti_msp_dl_config.o
    0x0000232a   0x0000232a   0x00000002   Data   RO           54    .rodata.gWIT_uartClockConfig  ti_msp_dl_config.o
    0x0000232c   0x0000232c   0x0000000a   Data   RO           55    .rodata.gWIT_uartConfig  ti_msp_dl_config.o
    0x00002336   0x00002336   0x00000003   Data   RO          885    .rodata.str1.1      vofa.o
    0x00002339   0x00002339   0x00000003   PAD
    0x0000233c   0x0000233c   0x00000020   Data   RO         1119    Region$$Table       anon$$obj.o


    Execution Region RW_IRAM2 (Exec base: 0x20200000, Load base: 0x00002360, Size: 0x000005d0, Max: 0x00008000, ABSOLUTE)

    Exec Addr    Load Addr    Size         Type   Attr      Idx    E Section Name        Object

    0x20200000   0x00002360   0x0000005c   Data   RW          952    .data.speed         timer.o
    0x2020005c   0x000023bc   0x00000004   PAD
    0x20200060        -       0x00000017   Zero   RW          886    .bss..L_MergedGlobals  vofa.o
    0x20200077   0x000023bc   0x00000001   PAD
    0x20200078        -       0x00000014   Zero   RW          940    .bss..L_MergedGlobals  wit.o
    0x2020008c        -       0x0000003c   Zero   RW          954    .bss..L_MergedGlobals  timer.o
    0x202000c8        -       0x00000008   Zero   RW          971    .bss..L_MergedGlobals  qei.o
    0x202000d0        -       0x00000014   Zero   RW          953    .bss.angle          timer.o
    0x202000e4        -       0x0000002c   Zero   RW          884    .bss.bluetooth      vofa.o
    0x20200110        -       0x000000bc   Zero   RW           46    .bss.gMotorBackup   ti_msp_dl_config.o
    0x202001cc   0x000023bc   0x00000004   PAD
    0x202001d0        -       0x00000400   Zero   RW            1    STACK               startup_mspm0g350x_uvision.o



  Load Region LR_BCR (Base: 0x41c00000, Size: 0x00000000, Max: 0x00000100, ABSOLUTE)

    Execution Region BCR_CONFIG (Exec base: 0x41c00000, Load base: 0x41c00000, Size: 0x00000000, Max: 0x000000ff, ABSOLUTE)

    **** No section assigned to this execution region ****



  Load Region LR_BSL (Base: 0x41c00100, Size: 0x00000000, Max: 0x00000100, ABSOLUTE)

    Execution Region BSL_CONFIG (Exec base: 0x41c00100, Load base: 0x41c00100, Size: 0x00000000, Max: 0x00000080, ABSOLUTE)

    **** No section assigned to this execution region ****


==============================================================================

Image component sizes


      Code (inc. data)   RO Data    RW Data    ZI Data      Debug   Object Name

        10          0          0          0          0        643   dl_common.o
        38          0          0          0          0       9719   dl_i2c.o
       316         24          0          0          0      13523   dl_sysctl_mspm0g1x0x_g3x0x.o
       584        188          0          0          0      38020   dl_timer.o
       126         12          0          0          0      14713   dl_uart.o
        52          4          0          0          0       4832   main.o
       188         12          0          0          0       6651   motor.o
       374         24          0          0          0       2074   pid.o
       140         20          0          0          8       5733   qei.o
       456          0          0          0          0       1527   rif.o
        20          4        192          0       1024        600   startup_mspm0g350x_uvision.o
      1244        232        102          0        188      34668   ti_msp_dl_config.o
       352         32          0         92         80       6762   timer.o
       658        168          3          0         67       5155   vofa.o
       200         16          0          0         20       4422   wit.o

    ----------------------------------------------------------------------
      4764        736        336         92       1396     149042   Object Totals
         0          0         32          0          0          0   (incl. Generated)
         6          0          7          0          9          0   (incl. Padding)

    ----------------------------------------------------------------------

      Code (inc. data)   RO Data    RW Data    ZI Data      Debug   Library Member Name

        60         10          0          0          0         84   __0sscanf.o
       824         12          0          0          0         84   _scanf.o
        68          0          0          0          0         76   _sgetc.o
        36          4         64          0          0         60   ctype_c.o
         0          0          0          0          0          0   entry.o
         0          0          0          0          0          0   entry10a.o
         0          0          0          0          0          0   entry11a.o
         8          4          0          0          0          0   entry2.o
         4          0          0          0          0          0   entry5.o
         0          0          0          0          0          0   entry7b.o
         0          0          0          0          0          0   entry8b.o
         8          4          0          0          0          0   entry9a.o
        30          0          0          0          0          0   handlers.o
        48         10          0          0          0         68   init.o
        14          0          0          0          0         68   isspace_c.o
         0          0          0          0          0          0   iusefp.o
        48          0          0          0          0         72   llmul.o
        32          0          0          0          0         68   llshl.o
        38          0          0          0          0         68   llsshr.o
        34          0          0          0          0         68   llushr.o
        44          8          0          0          0         84   scanf_char.o
       898         14          0          0          0        184   scanf_fp.o
        56          0          0          0          0         68   d2f.o
       356          4          0          0          0        140   dadd.o
       240          6          0          0          0         84   ddiv.o
       236          0          0          0          0        216   depilogue.o
        28          6          0          0          0         68   dfltul.o
       208          6          0          0          0         88   dmul.o
        40          0          0          0          0         60   f2d.o
       178          0          0          0          0        108   fadd.o
       130          0          0          0          0        144   fepilogue.o
        50          0          0          0          0         60   ffixi.o
        22          0          0          0          0         68   fflti.o
        14          0          0          0          0         68   ffltui.o
       122          0          0          0          0         72   fmul.o

    ----------------------------------------------------------------------
      3888         88         64          0          0       2228   Library Totals
        14          0          0          0          0          0   (incl. Padding)

    ----------------------------------------------------------------------

      Code (inc. data)   RO Data    RW Data    ZI Data      Debug   Library Name

      2194         66         64          0          0        984   mc_p.l
      1680         22          0          0          0       1244   mf_p.l

    ----------------------------------------------------------------------
      3888         88         64          0          0       2228   Library Totals

    ----------------------------------------------------------------------

==============================================================================


      Code (inc. data)   RO Data    RW Data    ZI Data      Debug   

      8652        824        400         92       1396     150062   Grand Totals
      8652        824        400         92       1396     150062   ELF Image Totals
      8652        824        400         92          0          0   ROM Totals

==============================================================================

    Total RO  Size (Code + RO Data)                 9052 (   8.84kB)
    Total RW  Size (RW Data + ZI Data)              1488 (   1.45kB)
    Total ROM Size (Code + RO Data + RW Data)       9144 (   8.93kB)

==============================================================================

